Archive member included to satisfy reference by file (symbol)

D:/ALBStudio_20260416_V1.0/ALBStudio/toolchain/gcc/bin/../lib/gcc/riscv64-unknown-elf/14.2.1/../../../../riscv64-unknown-elf/lib/rv32imafc_zaamo_zalrsc_zba_zbb_zbs_xxldsp/ilp32f\libc_nano.a(libc_a-nano-vfprintf_float.o)
                              (_printf_float)
D:/ALBStudio_20260416_V1.0/ALBStudio/toolchain/gcc/bin/../lib/gcc/riscv64-unknown-elf/14.2.1/../../../../riscv64-unknown-elf/lib/rv32imafc_zaamo_zalrsc_zba_zbb_zbs_xxldsp/ilp32f\libc_nano.a(libc_a-nano-vfprintf_i.o)
                              D:/ALBStudio_20260416_V1.0/ALBStudio/toolchain/gcc/bin/../lib/gcc/riscv64-unknown-elf/14.2.1/../../../../riscv64-unknown-elf/lib/rv32imafc_zaamo_zalrsc_zba_zbb_zbs_xxldsp/ilp32f\libc_nano.a(libc_a-nano-vfprintf_float.o) (_printf_common)
D:/ALBStudio_20260416_V1.0/ALBStudio/toolchain/gcc/bin/../lib/gcc/riscv64-unknown-elf/14.2.1/../../../../riscv64-unknown-elf/lib/rv32imafc_zaamo_zalrsc_zba_zbb_zbs_xxldsp/ilp32f\libc_nano.a(libc_a-nano-vfscanf_float.o)
                              (_scanf_float)
D:/ALBStudio_20260416_V1.0/ALBStudio/toolchain/gcc/bin/../lib/gcc/riscv64-unknown-elf/14.2.1/../../../../riscv64-unknown-elf/lib/rv32imafc_zaamo_zalrsc_zba_zbb_zbs_xxldsp/ilp32f\libc_nano.a(libc_a-printf.o)
                              ./src/xbat_ex02_ecapIN.o (printf)
D:/ALBStudio_20260416_V1.0/ALBStudio/toolchain/gcc/bin/../lib/gcc/riscv64-unknown-elf/14.2.1/../../../../riscv64-unknown-elf/lib/rv32imafc_zaamo_zalrsc_zba_zbb_zbs_xxldsp/ilp32f\libc_nano.a(libc_a-puts.o)
                              ./Drivers/DriverLib/cpu/system_cpu.o (puts)
D:/ALBStudio_20260416_V1.0/ALBStudio/toolchain/gcc/bin/../lib/gcc/riscv64-unknown-elf/14.2.1/../../../../riscv64-unknown-elf/lib/rv32imafc_zaamo_zalrsc_zba_zbb_zbs_xxldsp/ilp32f\libc_nano.a(libc_a-sprintf.o)
                              D:/ALBStudio_20260416_V1.0/ALBStudio/toolchain/gcc/bin/../lib/gcc/riscv64-unknown-elf/14.2.1/../../../../riscv64-unknown-elf/lib/rv32imafc_zaamo_zalrsc_zba_zbb_zbs_xxldsp/ilp32f\libc_nano.a(libc_a-nano-vfscanf_float.o) (sprintf)
D:/ALBStudio_20260416_V1.0/ALBStudio/toolchain/gcc/bin/../lib/gcc/riscv64-unknown-elf/14.2.1/../../../../riscv64-unknown-elf/lib/rv32imafc_zaamo_zalrsc_zba_zbb_zbs_xxldsp/ilp32f\libc_nano.a(libc_a-wbuf.o)
                              D:/ALBStudio_20260416_V1.0/ALBStudio/toolchain/gcc/bin/../lib/gcc/riscv64-unknown-elf/14.2.1/../../../../riscv64-unknown-elf/lib/rv32imafc_zaamo_zalrsc_zba_zbb_zbs_xxldsp/ilp32f\libc_nano.a(libc_a-puts.o) (__swbuf_r)
D:/ALBStudio_20260416_V1.0/ALBStudio/toolchain/gcc/bin/../lib/gcc/riscv64-unknown-elf/14.2.1/../../../../riscv64-unknown-elf/lib/rv32imafc_zaamo_zalrsc_zba_zbb_zbs_xxldsp/ilp32f\libc_nano.a(libc_a-wsetup.o)
                              D:/ALBStudio_20260416_V1.0/ALBStudio/toolchain/gcc/bin/../lib/gcc/riscv64-unknown-elf/14.2.1/../../../../riscv64-unknown-elf/lib/rv32imafc_zaamo_zalrsc_zba_zbb_zbs_xxldsp/ilp32f\libc_nano.a(libc_a-puts.o) (__swsetup_r)
D:/ALBStudio_20260416_V1.0/ALBStudio/toolchain/gcc/bin/../lib/gcc/riscv64-unknown-elf/14.2.1/../../../../riscv64-unknown-elf/lib/rv32imafc_zaamo_zalrsc_zba_zbb_zbs_xxldsp/ilp32f\libc_nano.a(libc_a-memchr.o)
                              D:/ALBStudio_20260416_V1.0/ALBStudio/toolchain/gcc/bin/../lib/gcc/riscv64-unknown-elf/14.2.1/../../../../riscv64-unknown-elf/lib/rv32imafc_zaamo_zalrsc_zba_zbb_zbs_xxldsp/ilp32f\libc_nano.a(libc_a-nano-vfprintf_i.o) (memchr)
D:/ALBStudio_20260416_V1.0/ALBStudio/toolchain/gcc/bin/../lib/gcc/riscv64-unknown-elf/14.2.1/../../../../riscv64-unknown-elf/lib/rv32imafc_zaamo_zalrsc_zba_zbb_zbs_xxldsp/ilp32f\libc_nano.a(libc_a-localeconv.o)
                              D:/ALBStudio_20260416_V1.0/ALBStudio/toolchain/gcc/bin/../lib/gcc/riscv64-unknown-elf/14.2.1/../../../../riscv64-unknown-elf/lib/rv32imafc_zaamo_zalrsc_zba_zbb_zbs_xxldsp/ilp32f\libc_nano.a(libc_a-nano-vfprintf_float.o) (_localeconv_r)
D:/ALBStudio_20260416_V1.0/ALBStudio/toolchain/gcc/bin/../lib/gcc/riscv64-unknown-elf/14.2.1/../../../../riscv64-unknown-elf/lib/rv32imafc_zaamo_zalrsc_zba_zbb_zbs_xxldsp/ilp32f\libc_nano.a(libc_a-impure.o)
                              D:/ALBStudio_20260416_V1.0/ALBStudio/toolchain/gcc/bin/../lib/gcc/riscv64-unknown-elf/14.2.1/../../../../riscv64-unknown-elf/lib/rv32imafc_zaamo_zalrsc_zba_zbb_zbs_xxldsp/ilp32f\libc_nano.a(libc_a-printf.o) (_impure_ptr)
D:/ALBStudio_20260416_V1.0/ALBStudio/toolchain/gcc/bin/../lib/gcc/riscv64-unknown-elf/14.2.1/../../../../riscv64-unknown-elf/lib/rv32imafc_zaamo_zalrsc_zba_zbb_zbs_xxldsp/ilp32f\libc_nano.a(libc_a-init.o)
                              ./Drivers/DriverLib/cpu/startup/startup.o (__libc_init_array)
D:/ALBStudio_20260416_V1.0/ALBStudio/toolchain/gcc/bin/../lib/gcc/riscv64-unknown-elf/14.2.1/../../../../riscv64-unknown-elf/lib/rv32imafc_zaamo_zalrsc_zba_zbb_zbs_xxldsp/ilp32f\libc_nano.a(libc_a-sysisatty.o)
                              ./Drivers/Common/stubs.o (isatty)
[...]
Memory Configuration

Name             Origin             Length             Attributes
rom              0x18010000         0x00030000         axr!w
ram              0x18040000         0x00010000         axw!r
*default*        0x00000000         0xffffffff

Linker script and memory map

LOAD ./src/xbat_ex02_ecapIN.o
LOAD ./Drivers/DriverLib/cpu/startup/intexc.o
LOAD ./Drivers/DriverLib/cpu/startup/intexc_s.o
LOAD ./Drivers/DriverLib/cpu/startup/startup.o
LOAD ./Drivers/DriverLib/cpu/cpu_common.o
LOAD ./Drivers/DriverLib/cpu/system_cpu.o
LOAD ./Drivers/DriverLib/adc.o
LOAD ./Drivers/DriverLib/aes.o
LOAD ./Drivers/DriverLib/can.o
LOAD ./Drivers/DriverLib/clb.o
LOAD ./Drivers/DriverLib/cmpss.o
LOAD ./Drivers/DriverLib/dac.o
LOAD ./Drivers/DriverLib/dma.o
LOAD ./Drivers/DriverLib/ecap.o
LOAD ./Drivers/DriverLib/eflashc.o
LOAD ./Drivers/DriverLib/epwm.o
LOAD ./Drivers/DriverLib/eqep.o
LOAD ./Drivers/DriverLib/gpio.o
LOAD ./Drivers/DriverLib/hrpwm.o
LOAD ./Drivers/DriverLib/i2c.o
LOAD ./Drivers/DriverLib/interrupt.o
LOAD ./Drivers/DriverLib/lcm.o
LOAD ./Drivers/DriverLib/lpm.o
LOAD ./Drivers/DriverLib/qspi.o
LOAD ./Drivers/DriverLib/rcc.o
LOAD ./Drivers/DriverLib/sci.o
LOAD ./Drivers/DriverLib/sdfm.o
LOAD ./Drivers/DriverLib/spi.o
LOAD ./Drivers/DriverLib/spl.o
LOAD ./Drivers/DriverLib/sysctl.o
LOAD ./Drivers/DriverLib/timer.o
LOAD ./Drivers/DriverLib/usart.o
LOAD ./Drivers/DriverLib/wdt.o
LOAD ./Drivers/DriverLib/wwdg.o
LOAD ./Drivers/DriverLib/xbar.o
LOAD ./Drivers/Common/stubs.o
LOAD ./Boards/alb32r003x_evb/alb32r003x_evb.o
START GROUP
LOAD D:/ALBStudio_20260416_V1.0/ALBStudio/toolchain/gcc/bin/../lib/gcc/riscv64-unknown-elf/14.2.1/../../../../riscv64-unknown-elf/lib/rv32imafc_zaamo_zalrsc_zba_zbb_zbs_xxldsp/ilp32f\libstdc++.a
LOAD D:/ALBStudio_20260416_V1.0/ALBStudio/toolchain/gcc/bin/../lib/gcc/riscv64-unknown-elf/14.2.1/../../../../riscv64-unknown-elf/lib/rv32imafc_zaamo_zalrsc_zba_zbb_zbs_xxldsp/ilp32f\libc_nano.a
LOAD D:/ALBStudio_20260416_V1.0/ALBStudio/toolchain/gcc/bin/../lib/gcc/riscv64-unknown-elf/14.2.1/rv32imafc_zaamo_zalrsc_zba_zbb_zbs_xxldsp/ilp32f\libgcc.a
END GROUP
                0x00000001                        SRAM_MEMORY_PRESENT = 0x1
                0x18010000                        SRAM_MEMORY_BASE = 0x18010000
                0x00040000                        SRAM_MEMORY_SIZE = 0x40000
                0x00030000                        SRAM_MEMORY_ROM_SIZE = 0x30000
                0x00000800                        PROVIDE (__STACK_SIZE = 0x800)
                0x00000800                        PROVIDE (__HEAP_SIZE = 0x800)
                0x00000001                        PROVIDE (__SMP_CPU_CNT = 0x1)
                0x00000800                        __TOT_STACK_SIZE = (__STACK_SIZE * __SMP_CPU_CNT)

.init           0x18010000      0x5c0
 *(.text.vtable)
 .text.vtable   0x18010000      0x44c ./Drivers/DriverLib/cpu/startup/startup.o
                0x18010000                vector_base
 *(.text.vtable_s)
 *(.text.init)
 *fill*         0x1801044c       0x34 
 .text.init     0x18010480      0x12e ./Drivers/DriverLib/cpu/startup/startup.o
                0x18010480                _start
                0x18010554                _start_premain
                0x18010580                early_exc_entry
 *(SORT_NONE(.init))
 .init          0x180105ae       0x12 ./Drivers/DriverLib/cpu/system_cpu.o
                0x180105ae                __sync_harts
                0x180105c0                        . = ALIGN (0x4)
 *fill*         0x180105c0        0x0 

.text           0x180105c0     0x9a30
 *(.text.unlikely .text.unlikely.*)
 *(.text.startup .text.startup.*)
                0x180105c0                        . = ALIGN (0x8)
                [!provide]                        PROVIDE (__jvt_base$ = .)
 *(.text.tbljal .text.tbljal.*)
 *(.text .text.*)
 .text.SysCtl_enablePeripheral
                0x180105c0       0x7c ./src/xbat_ex02_ecapIN.o
 .text.ECAP_setEventPolarity
                0x1801063c       0x90 ./src/xbat_ex02_ecapIN.o
 .text.ECAP_setCaptureMode
                0x180106cc       0x94 ./src/xbat_ex02_ecapIN.o
 .text.ECAP_reArm
                0x18010760       0x4a ./src/xbat_ex02_ecapIN.o
 .text.ECAP_disableInterrupt
                0x180107aa       0x64 ./src/xbat_ex02_ecapIN.o
 .text.ECAP_clearInterrupt
                0x1801080e       0x2e ./src/xbat_ex02_ecapIN.o
 .text.ECAP_enableCaptureMode
                0x1801083c       0x4a ./src/xbat_ex02_ecapIN.o
 .text.ECAP_enableCounterResetOnEvent
                0x18010886       0x62 ./src/xbat_ex02_ecapIN.o
 .text.ECAP_enableTimeStampCapture
                0x180108e8       0x4a ./src/xbat_ex02_ecapIN.o
 .text.ECAP_disableTimeStampCapture
                0x18010932       0x4a ./src/xbat_ex02_ecapIN.o
 .text.ECAP_setPhaseShiftCount
                0x1801097c       0x28 ./src/xbat_ex02_ecapIN.o
 .text.ECAP_enableLoadCounter
                0x180109a4       0x4a ./src/xbat_ex02_ecapIN.o
 .text.ECAP_disableLoadCounter
                0x180109ee       0x4a ./src/xbat_ex02_ecapIN.o
 .text.ECAP_loadCounter
                0x18010a38       0x4a ./src/xbat_ex02_ecapIN.o
 .text.ECAP_stopCounter
                0x18010a82       0x48 ./src/xbat_ex02_ecapIN.o
 .text.ECAP_startCounter
                0x18010aca       0x4a ./src/xbat_ex02_ecapIN.o
 .text.ECAP_getEventTimeStamp
                0x18010b14       0x96 ./src/xbat_ex02_ecapIN.o
 .text.ECAP_selectECAPInput
                0x18010baa       0x5c ./src/xbat_ex02_ecapIN.o
 .text.ECAP_resetCounters
                0x18010c06       0x4a ./src/xbat_ex02_ecapIN.o
 .text.GPIO_writePin
                0x18010c50       0x68 ./src/xbat_ex02_ecapIN.o
 .text.XBAR_setInputPin
                0x18010cb8       0x50 ./src/xbat_ex02_ecapIN.o
 .text.main     0x18010d08       0x70 ./src/xbat_ex02_ecapIN.o
                0x18010d08                main
 .text.ECAP_initIO
                0x18010d78       0x34 ./src/xbat_ex02_ecapIN.o
                0x18010d78                ECAP_initIO
 .text.ECAP_init
                0x18010dac       0x74 ./src/xbat_ex02_ecapIN.o
                0x18010dac                ECAP_init
 .text.ECAP_getTestTimeStamp
                0x18010e20       0x6e ./src/xbat_ex02_ecapIN.o
                0x18010e20                ECAP_getTestTimeStamp
 .text.ECAP_checkTestTimeStamp
                0x18010e8e       0x5e ./src/xbat_ex02_ecapIN.o
                0x18010e8e                ECAP_checkTestTimeStamp
 .text.ECAP_CaptureEventPolarity_poll
                0x18010eec       0x36 ./src/xbat_ex02_ecapIN.o
                0x18010eec                ECAP_CaptureEventPolarity_poll
 *fill*         0x18010f22       0x1e 
 .text.trap     0x18010f40       0x7c ./Drivers/DriverLib/cpu/startup/intexc.o
                0x18010f40                exc_entry
 *fill*         0x18010fbc        0x0 
 .text.irq      0x18010fbc       0x76 ./Drivers/DriverLib/cpu/startup/intexc.o
                0x18010fbc                irq_entry
                0x1801102e                default_intexc_handler
 .text.RCC_getAPBLPrescaler
                0x18011032       0x8c ./Drivers/DriverLib/cpu/system_cpu.o
 .text.RCC_getAHBPrescaler
                0x180110be       0x90 ./Drivers/DriverLib/cpu/system_cpu.o
 .text.SystemClock_Update
                0x1801114e       0x22 ./Drivers/DriverLib/cpu/system_cpu.o
                0x1801114e                SystemClock_Update
 .text.SystemClock_Get
                0x18011170       0x1a ./Drivers/DriverLib/cpu/system_cpu.o
                0x18011170                SystemClock_Get
 .text.SystemClock_Get_AHB
                0x1801118a       0x26 ./Drivers/DriverLib/cpu/system_cpu.o
                0x1801118a                SystemClock_Get_AHB
 .text.SystemClock_Get_APBL
                0x180111b0       0x22 ./Drivers/DriverLib/cpu/system_cpu.o
                0x180111b0                SystemClock_Get_APBL
 .text.delay_us
                0x180111d2      0x1be ./Drivers/DriverLib/cpu/system_cpu.o
                0x180111d2                delay_us
 .text.simulation_exit
                0x18011390       0x16 ./Drivers/DriverLib/cpu/system_cpu.o
                0x18011390                simulation_exit
 .text.SystemInit
                0x180113a6       0x20 ./Drivers/DriverLib/cpu/system_cpu.o
                0x180113a6                SystemInit
 .text.system_default_exception_handler
                0x180113c6       0x86 ./Drivers/DriverLib/cpu/system_cpu.o
 .text.Exception_Init
                0x1801144c       0x50 ./Drivers/DriverLib/cpu/system_cpu.o
 .text.Exception_DumpFrame
                0x1801149c      0x106 ./Drivers/DriverLib/cpu/system_cpu.o
                0x1801149c                Exception_DumpFrame
 .text.core_exception_handler
                0x180115a2       0x9e ./Drivers/DriverLib/cpu/system_cpu.o
                0x180115a2                core_exception_handler
 .text.ECLIC_Interrupt_Init
                0x18011640      0x108 ./Drivers/DriverLib/cpu/system_cpu.o
                0x18011640                ECLIC_Interrupt_Init
 .text.Interrupt_Init
                0x18011748       0x28 ./Drivers/DriverLib/cpu/system_cpu.o
                0x18011748                Interrupt_Init
 .text._premain_init
                0x18011770       0xcc ./Drivers/DriverLib/cpu/system_cpu.o
                0x18011770                _premain_init
 .text._postmain_fini
                0x1801183c       0x1c ./Drivers/DriverLib/cpu/system_cpu.o
                0x1801183c                _postmain_fini
 .text._init    0x18011858       0x12 ./Drivers/DriverLib/cpu/system_cpu.o
                0x18011858                _init
 .text._fini    0x1801186a       0x12 ./Drivers/DriverLib/cpu/system_cpu.o
                0x1801186a                _fini
 .text.FLASH_setLatency
                0x1801187c       0x30 ./Drivers/DriverLib/eflashc.o
                0x1801187c                FLASH_setLatency
 .text.Flash_matchLatency
                0x180118ac       0xb4 ./Drivers/DriverLib/eflashc.o
                0x180118ac                Flash_matchLatency
 .text.GPIO_setDirectionMode
                0x18011960       0x76 ./Drivers/DriverLib/gpio.o
                0x18011960                GPIO_setDirectionMode
 .text.GPIO_setPinConfig
                0x180119d6       0x84 ./Drivers/DriverLib/gpio.o
                0x180119d6                GPIO_setPinConfig
 .text.RCC_enbalePLL
                0x18011a5a       0x22 ./Drivers/DriverLib/rcc.o
 .text.RCC_disbalePLL
                0x18011a7c       0x22 ./Drivers/DriverLib/rcc.o
 .text.RCC_enableHSE
                0x18011a9e       0x22 ./Drivers/DriverLib/rcc.o
 .text.RCC_disableHSE
                0x18011ac0       0x22 ./Drivers/DriverLib/rcc.o
 .text.RCC_enableHSI1
                0x18011ae2       0x26 ./Drivers/DriverLib/rcc.o
 .text.RCC_selHSISource
                0x18011b08       0x44 ./Drivers/DriverLib/rcc.o
 .text.RCC_selOSCSource
                0x18011b4c       0x44 ./Drivers/DriverLib/rcc.o
 .text.RCC_setAPBLPrescaler
                0x18011b90       0x48 ./Drivers/DriverLib/rcc.o
 .text.RCC_setAPBHPrescaler
                0x18011bd8       0x44 ./Drivers/DriverLib/rcc.o
 .text.RCC_setAHBPrescaler
                0x18011c1c       0x44 ./Drivers/DriverLib/rcc.o
 .text.RCC_setSystemClockSrc
                0x18011c60       0x3e ./Drivers/DriverLib/rcc.o
 .text.RCC_setPLLPrescaler
                0x18011c9e       0x48 ./Drivers/DriverLib/rcc.o
 .text.RCC_setPLLMultipler
                0x18011ce6       0x4a ./Drivers/DriverLib/rcc.o
 .text.RCC_ClkConfig
                0x18011d30       0x8a ./Drivers/DriverLib/rcc.o
                0x18011d30                RCC_ClkConfig
 .text.SCI_getLineStatus
                0x18011dba       0x22 ./Drivers/DriverLib/sci.o
 .text.SCI_isFIFOEnabled
                0x18011ddc       0x2e ./Drivers/DriverLib/sci.o
 .text.SCI_isDataAvailable
                0x18011e0a       0x2a ./Drivers/DriverLib/sci.o
 .text.SCI_isSpaceAvailableNonFIFO
                0x18011e34       0x2e ./Drivers/DriverLib/sci.o
 .text.UART_writeCharArray
                0x18011e62       0xba ./Drivers/DriverLib/sci.o
                0x18011e62                UART_writeCharArray
 .text.UART_readCharArray
                0x18011f1c       0xc2 ./Drivers/DriverLib/sci.o
                0x18011f1c                UART_readCharArray
 .text.SCI_setBaud
                0x18011fde       0x92 ./Drivers/DriverLib/sci.o
                0x18011fde                SCI_setBaud
 .text._write   0x18012070       0x68 ./Drivers/Common/stubs.o
                0x18012070                _write
 .text._read    0x180120d8       0x84 ./Drivers/Common/stubs.o
                0x180120d8                _read
 .text._sbrk    0x1801215c       0x72 ./Drivers/Common/stubs.o
                0x1801215c                _sbrk
 .text._isatty  0x180121ce       0x18 ./Drivers/Common/stubs.o
                0x180121ce                _isatty
 .text._fstat   0x180121e6       0x42 ./Drivers/Common/stubs.o
                0x180121e6                _fstat
 .text._lseek   0x18012228       0x20 ./Drivers/Common/stubs.o
                0x18012228                _lseek
 .text._getpid  0x18012248       0x14 ./Drivers/Common/stubs.o
                0x18012248                _getpid
 .text._close   0x1801225c       0x1e ./Drivers/Common/stubs.o
                0x1801225c                _close
 .text._kill    0x1801227a       0x22 ./Drivers/Common/stubs.o
                0x1801227a                _kill
 .text._exit    0x1801229c       0x22 ./Drivers/Common/stubs.o
                0x1801229c                _exit
 .text.SysCtl_setOBSource
                0x180122be       0x24 ./Boards/alb32r003x_evb/alb32r003x_evb.o
 .text.SCI_setFIFOInterruptLevel
                0x180122e2       0x60 ./Boards/alb32r003x_evb/alb32r003x_evb.o
 .text.SCI_setInitConfig
                0x18012342       0x5c ./Boards/alb32r003x_evb/alb32r003x_evb.o
 .text.SCI_enableFIFO
                0x1801239e       0x2e ./Boards/alb32r003x_evb/alb32r003x_evb.o
 .text.evb_com_init
                0x180123cc       0x5e ./Boards/alb32r003x_evb/alb32r003x_evb.o
                0x180123cc                evb_com_init
 .text.BannerPrint
                0x1801242a       0x50 ./Boards/alb32r003x_evb/alb32r003x_evb.o
 .text.putchar  0x1801247a       0x2a ./Boards/alb32r003x_evb/alb32r003x_evb.o
                0x1801247a                putchar
 .text.getchar  0x180124a4       0x26 ./Boards/alb32r003x_evb/alb32r003x_evb.o
                0x180124a4                getchar
 .text.SystemClock_Set200MHz
                0x180124ca       0x64 ./Boards/alb32r003x_evb/alb32r003x_evb.o
                0x180124ca                SystemClock_Set200MHz
 .text.OptionBytes_init
                0x1801252e       0xe0 ./Boards/alb32r003x_evb/alb32r003x_evb.o
                0x1801252e                OptionBytes_init
 .text.alb32r003x_evb_init
                0x1801260e       0x20 ./Boards/alb32r003x_evb/alb32r003x_evb.o
                0x1801260e                alb32r003x_evb_init
 .text.__cvt    0x1801262e       0xfa D:/ALBStudio_20260416_V1.0/ALBStudio/toolchain/gcc/bin/../lib/gcc/riscv64-unknown-elf/14.2.1/../../../../riscv64-unknown-elf/lib/rv32imafc_zaamo_zalrsc_zba_zbb_zbs_xxldsp/ilp32f\libc_nano.a(libc_a-nano-vfprintf_float.o)
                0x1801262e                __cvt
 .text.__exponent
                0x18012728       0x9c D:/ALBStudio_20260416_V1.0/ALBStudio/toolchain/gcc/bin/../lib/gcc/riscv64-unknown-elf/14.2.1/../../../../riscv64-unknown-elf/lib/rv32imafc_zaamo_zalrsc_zba_zbb_zbs_xxldsp/ilp32f\libc_nano.a(libc_a-nano-vfprintf_float.o)
                0x18012728                __exponent
 .text._printf_float
                0x180127c4      0x4b6 D:/ALBStudio_20260416_V1.0/ALBStudio/toolchain/gcc/bin/../lib/gcc/riscv64-unknown-elf/14.2.1/../../../../riscv64-unknown-elf/lib/rv32imafc_zaamo_zalrsc_zba_zbb_zbs_xxldsp/ilp32f\libc_nano.a(libc_a-nano-vfprintf_float.o)
                0x180127c4                _printf_float
 .text._printf_common
                0x18012c7a      0x108 D:/ALBStudio_20260416_V1.0/ALBStudio/toolchain/gcc/bin/../lib/gcc/riscv64-unknown-elf/14.2.1/../../../../riscv64-unknown-elf/lib/rv32imafc_zaamo_zalrsc_zba_zbb_zbs_xxldsp/ilp32f\libc_nano.a(libc_a-nano-vfprintf_i.o)
                0x18012c7a                _printf_common
 .text._printf_i
                0x18012d82      0x256 D:/ALBStudio_20260416_V1.0/ALBStudio/toolchain/gcc/bin/../lib/gcc/riscv64-unknown-elf/14.2.1/../../../../riscv64-unknown-elf/lib/rv32imafc_zaamo_zalrsc_zba_zbb_zbs_xxldsp/ilp32f\libc_nano.a(libc_a-nano-vfprintf_i.o)
                0x18012d82                _printf_i
 .text._scanf_float
                0x18012fd8      0x462 D:/ALBStudio_20260416_V1.0/ALBStudio/toolchain/gcc/bin/../lib/gcc/riscv64-unknown-elf/14.2.1/../../../../riscv64-unknown-elf/lib/rv32imafc_zaamo_zalrsc_zba_zbb_zbs_xxldsp/ilp32f\libc_nano.a(libc_a-nano-vfscanf_float.o)
                0x18012fd8                _scanf_float
 .text.printf   0x1801343a       0x2a D:/ALBStudio_20260416_V1.0/ALBStudio/toolchain/gcc/bin/../lib/gcc/riscv64-unknown-elf/14.2.1/../../../../riscv64-unknown-elf/lib/rv32imafc_zaamo_zalrsc_zba_zbb_zbs_xxldsp/ilp32f\libc_nano.a(libc_a-printf.o)
                0x1801343a                iprintf
                0x1801343a                printf
 .text.sprintf  0x18013464       0x48 D:/ALBStudio_20260416_V1.0/ALBStudio/toolchain/gcc/bin/../lib/gcc/riscv64-unknown-elf/14.2.1/../../../../riscv64-unknown-elf/lib/rv32imafc_zaamo_zalrsc_zba_zbb_zbs_xxldsp/ilp32f\libc_nano.a(libc_a-sprintf.o)
                0x18013464                siprintf
                0x18013464                sprintf
 .text.__swbuf_r
                0x180134ac       0x9c D:/ALBStudio_20260416_V1.0/ALBStudio/toolchain/gcc/bin/../lib/gcc/riscv64-unknown-elf/14.2.1/../../../../riscv64-unknown-elf/lib/rv32imafc_zaamo_zalrsc_zba_zbb_zbs_xxldsp/ilp32f\libc_nano.a(libc_a-wbuf.o)
                0x180134ac                __swbuf_r
 .text.__swsetup_r
                0x18013548       0xc4 D:/ALBStudio_20260416_V1.0/ALBStudio/toolchain/gcc/bin/../lib/gcc/riscv64-unknown-elf/14.2.1/../../../../riscv64-unknown-elf/lib/rv32imafc_zaamo_zalrsc_zba_zbb_zbs_xxldsp/ilp32f\libc_nano.a(libc_a-wsetup.o)
                0x18013548                __swsetup_r
 .text.memchr   0x1801360c       0x1a D:/ALBStudio_20260416_V1.0/ALBStudio/toolchain/gcc/bin/../lib/gcc/riscv64-unknown-elf/14.2.1/../../../../riscv64-unknown-elf/lib/rv32imafc_zaamo_zalrsc_zba_zbb_zbs_xxldsp/ilp32f\libc_nano.a(libc_a-memchr.o)
                0x1801360c                memchr
 .text._localeconv_r
                0x18013626        0xa D:/ALBStudio_20260416_V1.0/ALBStudio/toolchain/gcc/bin/../lib/gcc/riscv64-unknown-elf/14.2.1/../../../../riscv64-unknown-elf/lib/rv32imafc_zaamo_zalrsc_zba_zbb_zbs_xxldsp/ilp32f\libc_nano.a(libc_a-localeconv.o)
                0x18013626                _localeconv_r
 .text.__libc_init_array
                0x18013630       0x5e D:/ALBStudio_20260416_V1.0/ALBStudio/toolchain/gcc/bin/../lib/gcc/riscv64-unknown-elf/14.2.1/../../../../riscv64-unknown-elf/lib/rv32imafc_zaamo_zalrsc_zba_zbb_zbs_xxldsp/ilp32f\libc_nano.a(libc_a-init.o)
                0x18013630                __libc_init_array
 .text.isatty   0x1801368e        0x4 D:/ALBStudio_20260416_V1.0/ALBStudio/toolchain/gcc/bin/../lib/gcc/riscv64-unknown-elf/14.2.1/../../../../riscv64-unknown-elf/lib/rv32imafc_zaamo_zalrsc_zba_zbb_zbs_xxldsp/ilp32f\libc_nano.a(libc_a-sysisatty.o)
                0x1801368e                isatty
 .text.memcpy   0x18013692       0xe8 D:/ALBStudio_20260416_V1.0/ALBStudio/toolchain/gcc/bin/../lib/gcc/riscv64-unknown-elf/14.2.1/../../../../riscv64-unknown-elf/lib/rv32imafc_zaamo_zalrsc_zba_zbb_zbs_xxldsp/ilp32f\libc_nano.a(libc_a-memcpy.o)
                0x18013692                memcpy
 .text.strlen   0x1801377a       0x12 D:/ALBStudio_20260416_V1.0/ALBStudio/toolchain/gcc/bin/../lib/gcc/riscv64-unknown-elf/14.2.1/../../../../riscv64-unknown-elf/lib/rv32imafc_zaamo_zalrsc_zba_zbb_zbs_xxldsp/ilp32f\libc_nano.a(libc_a-strlen.o)
                0x1801377a                strlen
 .text.nanf     0x1801378c        0xa D:/ALBStudio_20260416_V1.0/ALBStudio/toolchain/gcc/bin/../lib/gcc/riscv64-unknown-elf/14.2.1/../../../../riscv64-unknown-elf/lib/rv32imafc_zaamo_zalrsc_zba_zbb_zbs_xxldsp/ilp32f\libc_nano.a(libm_a-sf_nan.o)
                0x1801378c                nanf
 .text.quorem   0x18013796      0x126 D:/ALBStudio_20260416_V1.0/ALBStudio/toolchain/gcc/bin/../lib/gcc/riscv64-unknown-elf/14.2.1/../../../../riscv64-unknown-elf/lib/rv32imafc_zaamo_zalrsc_zba_zbb_zbs_xxldsp/ilp32f\libc_nano.a(libc_a-dtoa.o)
 .text._dtoa_r  0x180138bc      0xbce D:/ALBStudio_20260416_V1.0/ALBStudio/toolchain/gcc/bin/../lib/gcc/riscv64-unknown-elf/14.2.1/../../../../riscv64-unknown-elf/lib/rv32imafc_zaamo_zalrsc_zba_zbb_zbs_xxldsp/ilp32f\libc_nano.a(libc_a-dtoa.o)
                0x180138bc                _dtoa_r
 .text._free_r  0x1801448a       0x9e D:/ALBStudio_20260416_V1.0/ALBStudio/toolchain/gcc/bin/../lib/gcc/riscv64-unknown-elf/14.2.1/../../../../riscv64-unknown-elf/lib/rv32imafc_zaamo_zalrsc_zba_zbb_zbs_xxldsp/ilp32f\libc_nano.a(libc_a-freer.o)
                0x1801448a                _free_r
 .text.malloc   0x18014528        0x8 D:/ALBStudio_20260416_V1.0/ALBStudio/toolchain/gcc/bin/../lib/gcc/riscv64-unknown-elf/14.2.1/../../../../riscv64-unknown-elf/lib/rv32imafc_zaamo_zalrsc_zba_zbb_zbs_xxldsp/ilp32f\libc_nano.a(libc_a-malloc.o)
                0x18014528                malloc
 .text.sbrk_aligned
                0x18014530       0x5a D:/ALBStudio_20260416_V1.0/ALBStudio/toolchain/gcc/bin/../lib/gcc/riscv64-unknown-elf/14.2.1/../../../../riscv64-unknown-elf/lib/rv32imafc_zaamo_zalrsc_zba_zbb_zbs_xxldsp/ilp32f\libc_nano.a(libc_a-mallocr.o)
 .text._malloc_r
                0x1801458a      0x116 D:/ALBStudio_20260416_V1.0/ALBStudio/toolchain/gcc/bin/../lib/gcc/riscv64-unknown-elf/14.2.1/../../../../riscv64-unknown-elf/lib/rv32imafc_zaamo_zalrsc_zba_zbb_zbs_xxldsp/ilp32f\libc_nano.a(libc_a-mallocr.o)
                0x1801458a                _malloc_r
 .text.__malloc_lock
                0x180146a0        0x2 D:/ALBStudio_20260416_V1.0/ALBStudio/toolchain/gcc/bin/../lib/gcc/riscv64-unknown-elf/14.2.1/../../../../riscv64-unknown-elf/lib/rv32imafc_zaamo_zalrsc_zba_zbb_zbs_xxldsp/ilp32f\libc_nano.a(libc_a-mlock.o)
                0x180146a0                __malloc_lock
 .text.__malloc_unlock
                0x180146a2        0x2 D:/ALBStudio_20260416_V1.0/ALBStudio/toolchain/gcc/bin/../lib/gcc/riscv64-unknown-elf/14.2.1/../../../../riscv64-unknown-elf/lib/rv32imafc_zaamo_zalrsc_zba_zbb_zbs_xxldsp/ilp32f\libc_nano.a(libc_a-mlock.o)
                0x180146a2                __malloc_unlock
 .text._Balloc  0x180146a4       0x9e D:/ALBStudio_20260416_V1.0/ALBStudio/toolchain/gcc/bin/../lib/gcc/riscv64-unknown-elf/14.2.1/../../../../riscv64-unknown-elf/lib/rv32imafc_zaamo_zalrsc_zba_zbb_zbs_xxldsp/ilp32f\libc_nano.a(libc_a-mprec.o)
                0x180146a4                _Balloc
 .text._Bfree   0x18014742       0x60 D:/ALBStudio_20260416_V1.0/ALBStudio/toolchain/gcc/bin/../lib/gcc/riscv64-unknown-elf/14.2.1/../../../../riscv64-unknown-elf/lib/rv32imafc_zaamo_zalrsc_zba_zbb_zbs_xxldsp/ilp32f\libc_nano.a(libc_a-mprec.o)
                0x18014742                _Bfree
 .text.__multadd
                0x180147a2       0xb4 D:/ALBStudio_20260416_V1.0/ALBStudio/toolchain/gcc/bin/../lib/gcc/riscv64-unknown-elf/14.2.1/../../../../riscv64-unknown-elf/lib/rv32imafc_zaamo_zalrsc_zba_zbb_zbs_xxldsp/ilp32f\libc_nano.a(libc_a-mprec.o)
                0x180147a2                __multadd
 .text.__s2b    0x18014856       0xbe D:/ALBStudio_20260416_V1.0/ALBStudio/toolchain/gcc/bin/../lib/gcc/riscv64-unknown-elf/14.2.1/../../../../riscv64-unknown-elf/lib/rv32imafc_zaamo_zalrsc_zba_zbb_zbs_xxldsp/ilp32f\libc_nano.a(libc_a-mprec.o)
                0x18014856                __s2b
 .text.__hi0bits
                0x18014914       0x46 D:/ALBStudio_20260416_V1.0/ALBStudio/toolchain/gcc/bin/../lib/gcc/riscv64-unknown-elf/14.2.1/../../../../riscv64-unknown-elf/lib/rv32imafc_zaamo_zalrsc_zba_zbb_zbs_xxldsp/ilp32f\libc_nano.a(libc_a-mprec.o)
                0x18014914                __hi0bits
 .text.__lo0bits
                0x1801495a       0x68 D:/ALBStudio_20260416_V1.0/ALBStudio/toolchain/gcc/bin/../lib/gcc/riscv64-unknown-elf/14.2.1/../../../../riscv64-unknown-elf/lib/rv32imafc_zaamo_zalrsc_zba_zbb_zbs_xxldsp/ilp32f\libc_nano.a(libc_a-mprec.o)
                0x1801495a                __lo0bits
 .text.__i2b    0x180149c2       0x38 D:/ALBStudio_20260416_V1.0/ALBStudio/toolchain/gcc/bin/../lib/gcc/riscv64-unknown-elf/14.2.1/../../../../riscv64-unknown-elf/lib/rv32imafc_zaamo_zalrsc_zba_zbb_zbs_xxldsp/ilp32f\libc_nano.a(libc_a-mprec.o)
                0x180149c2                __i2b
 .text.__multiply
                0x180149fa      0x16e D:/ALBStudio_20260416_V1.0/ALBStudio/toolchain/gcc/bin/../lib/gcc/riscv64-unknown-elf/14.2.1/../../../../riscv64-unknown-elf/lib/rv32imafc_zaamo_zalrsc_zba_zbb_zbs_xxldsp/ilp32f\libc_nano.a(libc_a-mprec.o)
                0x180149fa                __multiply
 .text.__pow5mult
                0x18014b68       0xde D:/ALBStudio_20260416_V1.0/ALBStudio/toolchain/gcc/bin/../lib/gcc/riscv64-unknown-elf/14.2.1/../../../../riscv64-unknown-elf/lib/rv32imafc_zaamo_zalrsc_zba_zbb_zbs_xxldsp/ilp32f\libc_nano.a(libc_a-mprec.o)
                0x18014b68                __pow5mult
 .text.__lshift
                0x18014c46       0xfa D:/ALBStudio_20260416_V1.0/ALBStudio/toolchain/gcc/bin/../lib/gcc/riscv64-unknown-elf/14.2.1/../../../../riscv64-unknown-elf/lib/rv32imafc_zaamo_zalrsc_zba_zbb_zbs_xxldsp/ilp32f\libc_nano.a(libc_a-mprec.o)
                0x18014c46                __lshift
 .text.__mcmp   0x18014d40       0x36 D:/ALBStudio_20260416_V1.0/ALBStudio/toolchain/gcc/bin/../lib/gcc/riscv64-unknown-elf/14.2.1/../../../../riscv64-unknown-elf/lib/rv32imafc_zaamo_zalrsc_zba_zbb_zbs_xxldsp/ilp32f\libc_nano.a(libc_a-mprec.o)
                0x18014d40                __mcmp
 .text.__mdiff  0x18014d76      0x166 D:/ALBStudio_20260416_V1.0/ALBStudio/toolchain/gcc/bin/../lib/gcc/riscv64-unknown-elf/14.2.1/../../../../riscv64-unknown-elf/lib/rv32imafc_zaamo_zalrsc_zba_zbb_zbs_xxldsp/ilp32f\libc_nano.a(libc_a-mprec.o)
                0x18014d76                __mdiff
 .text.__ulp    0x18014edc       0x44 D:/ALBStudio_20260416_V1.0/ALBStudio/toolchain/gcc/bin/../lib/gcc/riscv64-unknown-elf/14.2.1/../../../../riscv64-unknown-elf/lib/rv32imafc_zaamo_zalrsc_zba_zbb_zbs_xxldsp/ilp32f\libc_nano.a(libc_a-mprec.o)
                0x18014edc                __ulp
 .text.__b2d    0x18014f20       0xb6 D:/ALBStudio_20260416_V1.0/ALBStudio/toolchain/gcc/bin/../lib/gcc/riscv64-unknown-elf/14.2.1/../../../../riscv64-unknown-elf/lib/rv32imafc_zaamo_zalrsc_zba_zbb_zbs_xxldsp/ilp32f\libc_nano.a(libc_a-mprec.o)
                0x18014f20                __b2d
 .text.__d2b    0x18014fd6       0xdc D:/ALBStudio_20260416_V1.0/ALBStudio/toolchain/gcc/bin/../lib/gcc/riscv64-unknown-elf/14.2.1/../../../../riscv64-unknown-elf/lib/rv32imafc_zaamo_zalrsc_zba_zbb_zbs_xxldsp/ilp32f\libc_nano.a(libc_a-mprec.o)
                0x18014fd6                __d2b
 .text.__ratio  0x180150b2       0x72 D:/ALBStudio_20260416_V1.0/ALBStudio/toolchain/gcc/bin/../lib/gcc/riscv64-unknown-elf/14.2.1/../../../../riscv64-unknown-elf/lib/rv32imafc_zaamo_zalrsc_zba_zbb_zbs_xxldsp/ilp32f\libc_nano.a(libc_a-mprec.o)
                0x180150b2                __ratio
 .text.__copybits
                0x18015124       0x4a D:/ALBStudio_20260416_V1.0/ALBStudio/toolchain/gcc/bin/../lib/gcc/riscv64-unknown-elf/14.2.1/../../../../riscv64-unknown-elf/lib/rv32imafc_zaamo_zalrsc_zba_zbb_zbs_xxldsp/ilp32f\libc_nano.a(libc_a-mprec.o)
                0x18015124                __copybits
 .text.__any_on
                0x1801516e       0x44 D:/ALBStudio_20260416_V1.0/ALBStudio/toolchain/gcc/bin/../lib/gcc/riscv64-unknown-elf/14.2.1/../../../../riscv64-unknown-elf/lib/rv32imafc_zaamo_zalrsc_zba_zbb_zbs_xxldsp/ilp32f\libc_nano.a(libc_a-mprec.o)
                0x1801516e                __any_on
 .text.sulp     0x180151b2       0x50 D:/ALBStudio_20260416_V1.0/ALBStudio/toolchain/gcc/bin/../lib/gcc/riscv64-unknown-elf/14.2.1/../../../../riscv64-unknown-elf/lib/rv32imafc_zaamo_zalrsc_zba_zbb_zbs_xxldsp/ilp32f\libc_nano.a(libc_a-strtod.o)
 .text._strtod_l
                0x18015202      0xc3a D:/ALBStudio_20260416_V1.0/ALBStudio/toolchain/gcc/bin/../lib/gcc/riscv64-unknown-elf/14.2.1/../../../../riscv64-unknown-elf/lib/rv32imafc_zaamo_zalrsc_zba_zbb_zbs_xxldsp/ilp32f\libc_nano.a(libc_a-strtod.o)
                0x18015202                _strtod_l
 .text._strtod_r
                0x18015e3c        0xc D:/ALBStudio_20260416_V1.0/ALBStudio/toolchain/gcc/bin/../lib/gcc/riscv64-unknown-elf/14.2.1/../../../../riscv64-unknown-elf/lib/rv32imafc_zaamo_zalrsc_zba_zbb_zbs_xxldsp/ilp32f\libc_nano.a(libc_a-strtod.o)
                0x18015e3c                _strtod_r
 .text._strtol_l.isra.0
                0x18015e48      0x132 D:/ALBStudio_20260416_V1.0/ALBStudio/toolchain/gcc/bin/../lib/gcc/riscv64-unknown-elf/14.2.1/../../../../riscv64-unknown-elf/lib/rv32imafc_zaamo_zalrsc_zba_zbb_zbs_xxldsp/ilp32f\libc_nano.a(libc_a-strtol.o)
 .text._strtol_r
                0x18015f7a        0x4 D:/ALBStudio_20260416_V1.0/ALBStudio/toolchain/gcc/bin/../lib/gcc/riscv64-unknown-elf/14.2.1/../../../../riscv64-unknown-elf/lib/rv32imafc_zaamo_zalrsc_zba_zbb_zbs_xxldsp/ilp32f\libc_nano.a(libc_a-strtol.o)
                0x18015f7a                _strtol_r
 .text.__ssputs_r
                0x18015f7e       0xf0 D:/ALBStudio_20260416_V1.0/ALBStudio/toolchain/gcc/bin/../lib/gcc/riscv64-unknown-elf/14.2.1/../../../../riscv64-unknown-elf/lib/rv32imafc_zaamo_zalrsc_zba_zbb_zbs_xxldsp/ilp32f\libc_nano.a(libc_a-nano-svfprintf.o)
                0x18015f7e                __ssputs_r
 .text._svfprintf_r
                0x1801606e      0x27e D:/ALBStudio_20260416_V1.0/ALBStudio/toolchain/gcc/bin/../lib/gcc/riscv64-unknown-elf/14.2.1/../../../../riscv64-unknown-elf/lib/rv32imafc_zaamo_zalrsc_zba_zbb_zbs_xxldsp/ilp32f\libc_nano.a(libc_a-nano-svfprintf.o)
                0x1801606e                _svfiprintf_r
                0x1801606e                _svfprintf_r
 .text.__sfputc_r
                0x180162ec       0x2a D:/ALBStudio_20260416_V1.0/ALBStudio/toolchain/gcc/bin/../lib/gcc/riscv64-unknown-elf/14.2.1/../../../../riscv64-unknown-elf/lib/rv32imafc_zaamo_zalrsc_zba_zbb_zbs_xxldsp/ilp32f\libc_nano.a(libc_a-nano-vfprintf.o)
 .text.__sfputs_r
                0x18016316       0x44 D:/ALBStudio_20260416_V1.0/ALBStudio/toolchain/gcc/bin/../lib/gcc/riscv64-unknown-elf/14.2.1/../../../../riscv64-unknown-elf/lib/rv32imafc_zaamo_zalrsc_zba_zbb_zbs_xxldsp/ilp32f\libc_nano.a(libc_a-nano-vfprintf.o)
                0x18016316                __sfputs_r
 .text._vfprintf_r
                0x1801635a      0x270 D:/ALBStudio_20260416_V1.0/ALBStudio/toolchain/gcc/bin/../lib/gcc/riscv64-unknown-elf/14.2.1/../../../../riscv64-unknown-elf/lib/rv32imafc_zaamo_zalrsc_zba_zbb_zbs_xxldsp/ilp32f\libc_nano.a(libc_a-nano-vfprintf.o)
                0x1801635a                _vfprintf_r
                0x1801635a                _vfiprintf_r
 .text.__sflush_r
                0x180165ca      0x12e D:/ALBStudio_20260416_V1.0/ALBStudio/toolchain/gcc/bin/../lib/gcc/riscv64-unknown-elf/14.2.1/../../../../riscv64-unknown-elf/lib/rv32imafc_zaamo_zalrsc_zba_zbb_zbs_xxldsp/ilp32f\libc_nano.a(libc_a-fflush.o)
                0x180165ca                __sflush_r
 .text._fflush_r
                0x180166f8       0x38 D:/ALBStudio_20260416_V1.0/ALBStudio/toolchain/gcc/bin/../lib/gcc/riscv64-unknown-elf/14.2.1/../../../../riscv64-unknown-elf/lib/rv32imafc_zaamo_zalrsc_zba_zbb_zbs_xxldsp/ilp32f\libc_nano.a(libc_a-fflush.o)
                0x180166f8                _fflush_r
 .text.std      0x18016730       0x68 D:/ALBStudio_20260416_V1.0/ALBStudio/toolchain/gcc/bin/../lib/gcc/riscv64-unknown-elf/14.2.1/../../../../riscv64-unknown-elf/lib/rv32imafc_zaamo_zalrsc_zba_zbb_zbs_xxldsp/ilp32f\libc_nano.a(libc_a-findfp.o)
 .text.stdio_exit_handler
                0x18016798       0x1a D:/ALBStudio_20260416_V1.0/ALBStudio/toolchain/gcc/bin/../lib/gcc/riscv64-unknown-elf/14.2.1/../../../../riscv64-unknown-elf/lib/rv32imafc_zaamo_zalrsc_zba_zbb_zbs_xxldsp/ilp32f\libc_nano.a(libc_a-findfp.o)
 .text.cleanup_stdio
                0x180167b2       0x44 D:/ALBStudio_20260416_V1.0/ALBStudio/toolchain/gcc/bin/../lib/gcc/riscv64-unknown-elf/14.2.1/../../../../riscv64-unknown-elf/lib/rv32imafc_zaamo_zalrsc_zba_zbb_zbs_xxldsp/ilp32f\libc_nano.a(libc_a-findfp.o)
 .text.global_stdio_init.part.0
                0x180167f6       0x38 D:/ALBStudio_20260416_V1.0/ALBStudio/toolchain/gcc/bin/../lib/gcc/riscv64-unknown-elf/14.2.1/../../../../riscv64-unknown-elf/lib/rv32imafc_zaamo_zalrsc_zba_zbb_zbs_xxldsp/ilp32f\libc_nano.a(libc_a-findfp.o)
 .text.__sinit  0x1801682e       0x1a D:/ALBStudio_20260416_V1.0/ALBStudio/toolchain/gcc/bin/../lib/gcc/riscv64-unknown-elf/14.2.1/../../../../riscv64-unknown-elf/lib/rv32imafc_zaamo_zalrsc_zba_zbb_zbs_xxldsp/ilp32f\libc_nano.a(libc_a-findfp.o)
                0x1801682e                __sinit
 .text._fwalk_sglue
                0x18016848       0x68 D:/ALBStudio_20260416_V1.0/ALBStudio/toolchain/gcc/bin/../lib/gcc/riscv64-unknown-elf/14.2.1/../../../../riscv64-unknown-elf/lib/rv32imafc_zaamo_zalrsc_zba_zbb_zbs_xxldsp/ilp32f\libc_nano.a(libc_a-fwalk.o)
                0x18016848                _fwalk_sglue
 .text.__swhatbuf_r
                0x180168b0       0x5a D:/ALBStudio_20260416_V1.0/ALBStudio/toolchain/gcc/bin/../lib/gcc/riscv64-unknown-elf/14.2.1/../../../../riscv64-unknown-elf/lib/rv32imafc_zaamo_zalrsc_zba_zbb_zbs_xxldsp/ilp32f\libc_nano.a(libc_a-makebuf.o)
                0x180168b0                __swhatbuf_r
 .text.__smakebuf_r
                0x1801690a       0x86 D:/ALBStudio_20260416_V1.0/ALBStudio/toolchain/gcc/bin/../lib/gcc/riscv64-unknown-elf/14.2.1/../../../../riscv64-unknown-elf/lib/rv32imafc_zaamo_zalrsc_zba_zbb_zbs_xxldsp/ilp32f\libc_nano.a(libc_a-makebuf.o)
                0x1801690a                __smakebuf_r
 .text.__sread  0x18016990       0x2e D:/ALBStudio_20260416_V1.0/ALBStudio/toolchain/gcc/bin/../lib/gcc/riscv64-unknown-elf/14.2.1/../../../../riscv64-unknown-elf/lib/rv32imafc_zaamo_zalrsc_zba_zbb_zbs_xxldsp/ilp32f\libc_nano.a(libc_a-stdio.o)
                0x18016990                __sread
 .text.__swrite
                0x180169be       0x4c D:/ALBStudio_20260416_V1.0/ALBStudio/toolchain/gcc/bin/../lib/gcc/riscv64-unknown-elf/14.2.1/../../../../riscv64-unknown-elf/lib/rv32imafc_zaamo_zalrsc_zba_zbb_zbs_xxldsp/ilp32f\libc_nano.a(libc_a-stdio.o)
                0x180169be                __swrite
 .text.__sseek  0x18016a0a       0x34 D:/ALBStudio_20260416_V1.0/ALBStudio/toolchain/gcc/bin/../lib/gcc/riscv64-unknown-elf/14.2.1/../../../../riscv64-unknown-elf/lib/rv32imafc_zaamo_zalrsc_zba_zbb_zbs_xxldsp/ilp32f\libc_nano.a(libc_a-stdio.o)
                0x18016a0a                __sseek
 .text.__sclose
                0x18016a3e        0x6 D:/ALBStudio_20260416_V1.0/ALBStudio/toolchain/gcc/bin/../lib/gcc/riscv64-unknown-elf/14.2.1/../../../../riscv64-unknown-elf/lib/rv32imafc_zaamo_zalrsc_zba_zbb_zbs_xxldsp/ilp32f\libc_nano.a(libc_a-stdio.o)
                0x18016a3e                __sclose
 .text.strncmp  0x18016a44       0x30 D:/ALBStudio_20260416_V1.0/ALBStudio/toolchain/gcc/bin/../lib/gcc/riscv64-unknown-elf/14.2.1/../../../../riscv64-unknown-elf/lib/rv32imafc_zaamo_zalrsc_zba_zbb_zbs_xxldsp/ilp32f\libc_nano.a(libc_a-strncmp.o)
                0x18016a44                strncmp
 .text._close_r
                0x18016a74       0x28 D:/ALBStudio_20260416_V1.0/ALBStudio/toolchain/gcc/bin/../lib/gcc/riscv64-unknown-elf/14.2.1/../../../../riscv64-unknown-elf/lib/rv32imafc_zaamo_zalrsc_zba_zbb_zbs_xxldsp/ilp32f\libc_nano.a(libc_a-closer.o)
                0x18016a74                _close_r
 .text._fstat_r
                0x18016a9c       0x2a D:/ALBStudio_20260416_V1.0/ALBStudio/toolchain/gcc/bin/../lib/gcc/riscv64-unknown-elf/14.2.1/../../../../riscv64-unknown-elf/lib/rv32imafc_zaamo_zalrsc_zba_zbb_zbs_xxldsp/ilp32f\libc_nano.a(libc_a-fstatr.o)
                0x18016a9c                _fstat_r
 .text._isatty_r
                0x18016ac6       0x28 D:/ALBStudio_20260416_V1.0/ALBStudio/toolchain/gcc/bin/../lib/gcc/riscv64-unknown-elf/14.2.1/../../../../riscv64-unknown-elf/lib/rv32imafc_zaamo_zalrsc_zba_zbb_zbs_xxldsp/ilp32f\libc_nano.a(libc_a-isattyr.o)
                0x18016ac6                _isatty_r
 .text._lseek_r
                0x18016aee       0x2c D:/ALBStudio_20260416_V1.0/ALBStudio/toolchain/gcc/bin/../lib/gcc/riscv64-unknown-elf/14.2.1/../../../../riscv64-unknown-elf/lib/rv32imafc_zaamo_zalrsc_zba_zbb_zbs_xxldsp/ilp32f\libc_nano.a(libc_a-lseekr.o)
                0x18016aee                _lseek_r
 .text._read_r  0x18016b1a       0x2c D:/ALBStudio_20260416_V1.0/ALBStudio/toolchain/gcc/bin/../lib/gcc/riscv64-unknown-elf/14.2.1/../../../../riscv64-unknown-elf/lib/rv32imafc_zaamo_zalrsc_zba_zbb_zbs_xxldsp/ilp32f\libc_nano.a(libc_a-readr.o)
                0x18016b1a                _read_r
 .text._sbrk_r  0x18016b46       0x28 D:/ALBStudio_20260416_V1.0/ALBStudio/toolchain/gcc/bin/../lib/gcc/riscv64-unknown-elf/14.2.1/../../../../riscv64-unknown-elf/lib/rv32imafc_zaamo_zalrsc_zba_zbb_zbs_xxldsp/ilp32f\libc_nano.a(libc_a-sbrkr.o)
                0x18016b46                _sbrk_r
 .text._write_r
                0x18016b6e       0x2c D:/ALBStudio_20260416_V1.0/ALBStudio/toolchain/gcc/bin/../lib/gcc/riscv64-unknown-elf/14.2.1/../../../../riscv64-unknown-elf/lib/rv32imafc_zaamo_zalrsc_zba_zbb_zbs_xxldsp/ilp32f\libc_nano.a(libc_a-writer.o)
                0x18016b6e                _write_r
 .text.__errno  0x18016b9a        0x6 D:/ALBStudio_20260416_V1.0/ALBStudio/toolchain/gcc/bin/../lib/gcc/riscv64-unknown-elf/14.2.1/../../../../riscv64-unknown-elf/lib/rv32imafc_zaamo_zalrsc_zba_zbb_zbs_xxldsp/ilp32f\libc_nano.a(libc_a-errno.o)
                0x18016b9a                __errno
 .text.memmove  0x18016ba0       0x4a D:/ALBStudio_20260416_V1.0/ALBStudio/toolchain/gcc/bin/../lib/gcc/riscv64-unknown-elf/14.2.1/../../../../riscv64-unknown-elf/lib/rv32imafc_zaamo_zalrsc_zba_zbb_zbs_xxldsp/ilp32f\libc_nano.a(libc_a-memmove-stub.o)
                0x18016ba0                memmove
 .text          0x18016bea       0xa8 D:/ALBStudio_20260416_V1.0/ALBStudio/toolchain/gcc/bin/../lib/gcc/riscv64-unknown-elf/14.2.1/../../../../riscv64-unknown-elf/lib/rv32imafc_zaamo_zalrsc_zba_zbb_zbs_xxldsp/ilp32f\libc_nano.a(libc_a-memset.o)
                0x18016bea                memset
 .text.nan      0x18016c92        0xe D:/ALBStudio_20260416_V1.0/ALBStudio/toolchain/gcc/bin/../lib/gcc/riscv64-unknown-elf/14.2.1/../../../../riscv64-unknown-elf/lib/rv32imafc_zaamo_zalrsc_zba_zbb_zbs_xxldsp/ilp32f\libc_nano.a(libm_a-s_nan.o)
                0x18016c92                nan
 .text.__assert_func
                0x18016ca0       0x3a D:/ALBStudio_20260416_V1.0/ALBStudio/toolchain/gcc/bin/../lib/gcc/riscv64-unknown-elf/14.2.1/../../../../riscv64-unknown-elf/lib/rv32imafc_zaamo_zalrsc_zba_zbb_zbs_xxldsp/ilp32f\libc_nano.a(libc_a-assert.o)
                0x18016ca0                __assert_func
 .text._calloc_r
                0x18016cda       0x36 D:/ALBStudio_20260416_V1.0/ALBStudio/toolchain/gcc/bin/../lib/gcc/riscv64-unknown-elf/14.2.1/../../../../riscv64-unknown-elf/lib/rv32imafc_zaamo_zalrsc_zba_zbb_zbs_xxldsp/ilp32f\libc_nano.a(libc_a-callocr.o)
                0x18016cda                _calloc_r
 .text.rshift   0x18016d10       0xb2 D:/ALBStudio_20260416_V1.0/ALBStudio/toolchain/gcc/bin/../lib/gcc/riscv64-unknown-elf/14.2.1/../../../../riscv64-unknown-elf/lib/rv32imafc_zaamo_zalrsc_zba_zbb_zbs_xxldsp/ilp32f\libc_nano.a(libc_a-gdtoa-gethex.o)
 .text.__hexdig_fun
                0x18016dc2       0x42 D:/ALBStudio_20260416_V1.0/ALBStudio/toolchain/gcc/bin/../lib/gcc/riscv64-unknown-elf/14.2.1/../../../../riscv64-unknown-elf/lib/rv32imafc_zaamo_zalrsc_zba_zbb_zbs_xxldsp/ilp32f\libc_nano.a(libc_a-gdtoa-gethex.o)
                0x18016dc2                __hexdig_fun
 .text.__gethex
                0x18016e04      0x4b4 D:/ALBStudio_20260416_V1.0/ALBStudio/toolchain/gcc/bin/../lib/gcc/riscv64-unknown-elf/14.2.1/../../../../riscv64-unknown-elf/lib/rv32imafc_zaamo_zalrsc_zba_zbb_zbs_xxldsp/ilp32f\libc_nano.a(libc_a-gdtoa-gethex.o)
                0x18016e04                __gethex
 .text.L_shift  0x180172b8       0x2a D:/ALBStudio_20260416_V1.0/ALBStudio/toolchain/gcc/bin/../lib/gcc/riscv64-unknown-elf/14.2.1/../../../../riscv64-unknown-elf/lib/rv32imafc_zaamo_zalrsc_zba_zbb_zbs_xxldsp/ilp32f\libc_nano.a(libc_a-gdtoa-hexnan.o)
 .text.__match  0x180172e2       0x2c D:/ALBStudio_20260416_V1.0/ALBStudio/toolchain/gcc/bin/../lib/gcc/riscv64-unknown-elf/14.2.1/../../../../riscv64-unknown-elf/lib/rv32imafc_zaamo_zalrsc_zba_zbb_zbs_xxldsp/ilp32f\libc_nano.a(libc_a-gdtoa-hexnan.o)
                0x180172e2                __match
 .text.__hexnan
                0x1801730e      0x174 D:/ALBStudio_20260416_V1.0/ALBStudio/toolchain/gcc/bin/../lib/gcc/riscv64-unknown-elf/14.2.1/../../../../riscv64-unknown-elf/lib/rv32imafc_zaamo_zalrsc_zba_zbb_zbs_xxldsp/ilp32f\libc_nano.a(libc_a-gdtoa-hexnan.o)
                0x1801730e                __hexnan
 .text.__ascii_mbtowc
                0x18017482       0x3a D:/ALBStudio_20260416_V1.0/ALBStudio/toolchain/gcc/bin/../lib/gcc/riscv64-unknown-elf/14.2.1/../../../../riscv64-unknown-elf/lib/rv32imafc_zaamo_zalrsc_zba_zbb_zbs_xxldsp/ilp32f\libc_nano.a(libc_a-mbtowc_r.o)
                0x18017482                __ascii_mbtowc
 .text._realloc_r
                0x180174bc       0x78 D:/ALBStudio_20260416_V1.0/ALBStudio/toolchain/gcc/bin/../lib/gcc/riscv64-unknown-elf/14.2.1/../../../../riscv64-unknown-elf/lib/rv32imafc_zaamo_zalrsc_zba_zbb_zbs_xxldsp/ilp32f\libc_nano.a(libc_a-reallocr.o)
                0x180174bc                _realloc_r
 .text.__ascii_wctomb
                0x18017534       0x20 D:/ALBStudio_20260416_V1.0/ALBStudio/toolchain/gcc/bin/../lib/gcc/riscv64-unknown-elf/14.2.1/../../../../riscv64-unknown-elf/lib/rv32imafc_zaamo_zalrsc_zba_zbb_zbs_xxldsp/ilp32f\libc_nano.a(libc_a-wctomb_r.o)
                0x18017534                __ascii_wctomb
 .text.fprintf  0x18017554       0x26 D:/ALBStudio_20260416_V1.0/ALBStudio/toolchain/gcc/bin/../lib/gcc/riscv64-unknown-elf/14.2.1/../../../../riscv64-unknown-elf/lib/rv32imafc_zaamo_zalrsc_zba_zbb_zbs_xxldsp/ilp32f\libc_nano.a(libc_a-fprintf.o)
                0x18017554                fiprintf
                0x18017554                fprintf
 .text.abort    0x1801757a        0xe D:/ALBStudio_20260416_V1.0/ALBStudio/toolchain/gcc/bin/../lib/gcc/riscv64-unknown-elf/14.2.1/../../../../riscv64-unknown-elf/lib/rv32imafc_zaamo_zalrsc_zba_zbb_zbs_xxldsp/ilp32f\libc_nano.a(libc_a-abort.o)
                0x1801757a                abort
 .text._malloc_usable_size_r
                0x18017588       0x14 D:/ALBStudio_20260416_V1.0/ALBStudio/toolchain/gcc/bin/../lib/gcc/riscv64-unknown-elf/14.2.1/../../../../riscv64-unknown-elf/lib/rv32imafc_zaamo_zalrsc_zba_zbb_zbs_xxldsp/ilp32f\libc_nano.a(libc_a-msizer.o)
                0x18017588                _malloc_usable_size_r
 .text._raise_r
                0x1801759c       0x5c D:/ALBStudio_20260416_V1.0/ALBStudio/toolchain/gcc/bin/../lib/gcc/riscv64-unknown-elf/14.2.1/../../../../riscv64-unknown-elf/lib/rv32imafc_zaamo_zalrsc_zba_zbb_zbs_xxldsp/ilp32f\libc_nano.a(libc_a-signal.o)
                0x1801759c                _raise_r
 .text.raise    0x180175f8        0xa D:/ALBStudio_20260416_V1.0/ALBStudio/toolchain/gcc/bin/../lib/gcc/riscv64-unknown-elf/14.2.1/../../../../riscv64-unknown-elf/lib/rv32imafc_zaamo_zalrsc_zba_zbb_zbs_xxldsp/ilp32f\libc_nano.a(libc_a-signal.o)
                0x180175f8                raise
 .text._kill_r  0x18017602       0x2a D:/ALBStudio_20260416_V1.0/ALBStudio/toolchain/gcc/bin/../lib/gcc/riscv64-unknown-elf/14.2.1/../../../../riscv64-unknown-elf/lib/rv32imafc_zaamo_zalrsc_zba_zbb_zbs_xxldsp/ilp32f\libc_nano.a(libc_a-signalr.o)
                0x18017602                _kill_r
 .text._getpid_r
                0x1801762c        0x4 D:/ALBStudio_20260416_V1.0/ALBStudio/toolchain/gcc/bin/../lib/gcc/riscv64-unknown-elf/14.2.1/../../../../riscv64-unknown-elf/lib/rv32imafc_zaamo_zalrsc_zba_zbb_zbs_xxldsp/ilp32f\libc_nano.a(libc_a-signalr.o)
                0x1801762c                _getpid_r
 .text          0x18017630      0x808 D:/ALBStudio_20260416_V1.0/ALBStudio/toolchain/gcc/bin/../lib/gcc/riscv64-unknown-elf/14.2.1/rv32imafc_zaamo_zalrsc_zba_zbb_zbs_xxldsp/ilp32f\libgcc.a(adddf3.o)
                0x18017630                __adddf3
 .text          0x18017e38      0x62e D:/ALBStudio_20260416_V1.0/ALBStudio/toolchain/gcc/bin/../lib/gcc/riscv64-unknown-elf/14.2.1/rv32imafc_zaamo_zalrsc_zba_zbb_zbs_xxldsp/ilp32f\libgcc.a(divdf3.o)
                0x18017e38                __divdf3
 .text          0x18018466       0xa8 D:/ALBStudio_20260416_V1.0/ALBStudio/toolchain/gcc/bin/../lib/gcc/riscv64-unknown-elf/14.2.1/rv32imafc_zaamo_zalrsc_zba_zbb_zbs_xxldsp/ilp32f\libgcc.a(eqdf2.o)
                0x18018466                __nedf2
                0x18018466                __eqdf2
 .text          0x1801850e       0xae D:/ALBStudio_20260416_V1.0/ALBStudio/toolchain/gcc/bin/../lib/gcc/riscv64-unknown-elf/14.2.1/rv32imafc_zaamo_zalrsc_zba_zbb_zbs_xxldsp/ilp32f\libgcc.a(gedf2.o)
                0x1801850e                __gedf2
                0x1801850e                __gtdf2
 .text          0x180185bc       0xae D:/ALBStudio_20260416_V1.0/ALBStudio/toolchain/gcc/bin/../lib/gcc/riscv64-unknown-elf/14.2.1/rv32imafc_zaamo_zalrsc_zba_zbb_zbs_xxldsp/ilp32f\libgcc.a(ledf2.o)
                0x180185bc                __ledf2
                0x180185bc                __ltdf2
 .text          0x1801866a      0x564 D:/ALBStudio_20260416_V1.0/ALBStudio/toolchain/gcc/bin/../lib/gcc/riscv64-unknown-elf/14.2.1/rv32imafc_zaamo_zalrsc_zba_zbb_zbs_xxldsp/ilp32f\libgcc.a(muldf3.o)
                0x1801866a                __muldf3
 .text          0x18018bce      0x81c D:/ALBStudio_20260416_V1.0/ALBStudio/toolchain/gcc/bin/../lib/gcc/riscv64-unknown-elf/14.2.1/rv32imafc_zaamo_zalrsc_zba_zbb_zbs_xxldsp/ilp32f\libgcc.a(subdf3.o)
                0x18018bce                __subdf3
 .text          0x180193ea       0x6a D:/ALBStudio_20260416_V1.0/ALBStudio/toolchain/gcc/bin/../lib/gcc/riscv64-unknown-elf/14.2.1/rv32imafc_zaamo_zalrsc_zba_zbb_zbs_xxldsp/ilp32f\libgcc.a(unorddf2.o)
                0x180193ea                __unorddf2
 .text          0x18019454       0xb8 D:/ALBStudio_20260416_V1.0/ALBStudio/toolchain/gcc/bin/../lib/gcc/riscv64-unknown-elf/14.2.1/rv32imafc_zaamo_zalrsc_zba_zbb_zbs_xxldsp/ilp32f\libgcc.a(fixdfsi.o)
                0x18019454                __fixdfsi
 .text          0x1801950c       0x94 D:/ALBStudio_20260416_V1.0/ALBStudio/toolchain/gcc/bin/../lib/gcc/riscv64-unknown-elf/14.2.1/rv32imafc_zaamo_zalrsc_zba_zbb_zbs_xxldsp/ilp32f\libgcc.a(fixunsdfsi.o)
                0x1801950c                __fixunsdfsi
 .text          0x180195a0       0x50 D:/ALBStudio_20260416_V1.0/ALBStudio/toolchain/gcc/bin/../lib/gcc/riscv64-unknown-elf/14.2.1/rv32imafc_zaamo_zalrsc_zba_zbb_zbs_xxldsp/ilp32f\libgcc.a(floatsidf.o)
                0x180195a0                __floatsidf
 .text          0x180195f0       0x42 D:/ALBStudio_20260416_V1.0/ALBStudio/toolchain/gcc/bin/../lib/gcc/riscv64-unknown-elf/14.2.1/rv32imafc_zaamo_zalrsc_zba_zbb_zbs_xxldsp/ilp32f\libgcc.a(floatunsidf.o)
                0x180195f0                __floatunsidf
 .text          0x18019632       0xfc D:/ALBStudio_20260416_V1.0/ALBStudio/toolchain/gcc/bin/../lib/gcc/riscv64-unknown-elf/14.2.1/rv32imafc_zaamo_zalrsc_zba_zbb_zbs_xxldsp/ilp32f\libgcc.a(fixdfdi.o)
                0x18019632                __fixdfdi
 .text          0x1801972e      0x18c D:/ALBStudio_20260416_V1.0/ALBStudio/toolchain/gcc/bin/../lib/gcc/riscv64-unknown-elf/14.2.1/rv32imafc_zaamo_zalrsc_zba_zbb_zbs_xxldsp/ilp32f\libgcc.a(floatdidf.o)
                0x1801972e                __floatdidf
 .text          0x180198ba      0x170 D:/ALBStudio_20260416_V1.0/ALBStudio/toolchain/gcc/bin/../lib/gcc/riscv64-unknown-elf/14.2.1/rv32imafc_zaamo_zalrsc_zba_zbb_zbs_xxldsp/ilp32f\libgcc.a(extenddftf2.o)
                0x180198ba                __extenddftf2
 .text          0x18019a2a      0x21a D:/ALBStudio_20260416_V1.0/ALBStudio/toolchain/gcc/bin/../lib/gcc/riscv64-unknown-elf/14.2.1/rv32imafc_zaamo_zalrsc_zba_zbb_zbs_xxldsp/ilp32f\libgcc.a(truncdfsf2.o)
                0x18019a2a                __truncdfsf2
 .text          0x18019c44      0x35c D:/ALBStudio_20260416_V1.0/ALBStudio/toolchain/gcc/bin/../lib/gcc/riscv64-unknown-elf/14.2.1/rv32imafc_zaamo_zalrsc_zba_zbb_zbs_xxldsp/ilp32f\libgcc.a(trunctfdf2.o)
                0x18019c44                __trunctfdf2
 .text          0x18019fa0       0x28 D:/ALBStudio_20260416_V1.0/ALBStudio/toolchain/gcc/bin/../lib/gcc/riscv64-unknown-elf/14.2.1/rv32imafc_zaamo_zalrsc_zba_zbb_zbs_xxldsp/ilp32f\libgcc.a(_lshrdi3.o)
                0x18019fa0                __lshrdi3
 .text          0x18019fc8       0x28 D:/ALBStudio_20260416_V1.0/ALBStudio/toolchain/gcc/bin/../lib/gcc/riscv64-unknown-elf/14.2.1/rv32imafc_zaamo_zalrsc_zba_zbb_zbs_xxldsp/ilp32f\libgcc.a(_ashldi3.o)
                0x18019fc8                __ashldi3
 *(.ztf_ctx.0)
 *(EXCLUDE_FILE(*ztf.o) .ztf_ctx.*)
 *(.ztf_ctx.9)
 *(.gnu.linkonce.t.*)
                0x18019ff0                        . = ALIGN (0x8)
 *fill*         0x18019ff0        0x0 
 *(SORT_NONE(.fini))
                0x18019ff0                        . = ALIGN (0x8)
                0x18019ff0                        PROVIDE (__preinit_array_start = .)
 *(.preinit_array)
                0x18019ff0                        PROVIDE (__preinit_array_end = .)
                0x18019ff0                        . = ALIGN (0x8)
                0x18019ff0                        PROVIDE (__init_array_start = .)
 *(SORT_BY_INIT_PRIORITY(.init_array.*) SORT_BY_INIT_PRIORITY(.ctors.*))
 *(.init_array EXCLUDE_FILE(*crtend?.o *crtend.o *crtbegin?.o *crtbegin.o) .ctors)
                0x18019ff0                        PROVIDE (__init_array_end = .)
                0x18019ff0                        . = ALIGN (0x8)
                [!provide]                        PROVIDE (__fini_array_start = .)
                [!provide]                        PROVIDE (__libc_fini = _fini)
 *(SORT_BY_INIT_PRIORITY(.fini_array.*) SORT_BY_INIT_PRIORITY(.dtors.*))
 *(.fini_array EXCLUDE_FILE(*crtend?.o *crtend.o *crtbegin?.o *crtbegin.o) .dtors)
                [!provide]                        PROVIDE (__fini_array_end = .)
                0x18019ff0                        . = ALIGN (0x8)
 *crtbegin.o(.ctors)
 *crtbegin?.o(.ctors)
 *(EXCLUDE_FILE(*crtend?.o *crtend.o) .ctors)
 *(SORT_BY_NAME(.ctors.*))
 *(.ctors)
                0x18019ff0                        . = ALIGN (0x8)
 *crtbegin.o(.dtors)
 *crtbegin?.o(.dtors)
 *(EXCLUDE_FILE(*crtend?.o *crtend.o) .dtors)
 *(SORT_BY_NAME(.dtors.*))
 *(.dtors)
 *(.ztf_ctx.*)
                0x180105c0                        PROVIDE (_ilm_lma = LOADADDR (.text))
                0x180105c0                        PROVIDE (_ilm = ADDR (.text))
                0x18019ff0                        PROVIDE (_eilm = .)
                [!provide]                        PROVIDE (_text_lma = LOADADDR (.text))
                [!provide]                        PROVIDE (_text = ADDR (.text))
                [!provide]                        PROVIDE (_etext = .)
                [!provide]                        PROVIDE (__etext = .)
                [!provide]                        PROVIDE (etext = .)

.rela.dyn       0x18019ff0        0x0
 .rela.text.vtable
                0x18019ff0        0x0 ./src/xbat_ex02_ecapIN.o
 .rela.text.init
                0x18019ff0        0x0 ./src/xbat_ex02_ecapIN.o
 .rela.text.ECLIC_Interrupt_Init
                0x18019ff0        0x0 ./src/xbat_ex02_ecapIN.o
 .rela.text.Interrupt_Init
                0x18019ff0        0x0 ./src/xbat_ex02_ecapIN.o
 .rela.text._sbrk
                0x18019ff0        0x0 ./src/xbat_ex02_ecapIN.o
 .rela.sdata.curbrk.1
                0x18019ff0        0x0 ./src/xbat_ex02_ecapIN.o
 .rela.text.__libc_init_array
                0x18019ff0        0x0 ./src/xbat_ex02_ecapIN.o
 .rela.text._svfprintf_r
                0x18019ff0        0x0 ./src/xbat_ex02_ecapIN.o
 .rela.text._vfprintf_r
                0x18019ff0        0x0 ./src/xbat_ex02_ecapIN.o

.data           0x18040000      0x998 load address 0x18019ff0
 *(.data.ctest*)
 *(.data .data.*)
 .data._impure_data
                0x18040000       0x4c D:/ALBStudio_20260416_V1.0/ALBStudio/toolchain/gcc/bin/../lib/gcc/riscv64-unknown-elf/14.2.1/../../../../riscv64-unknown-elf/lib/rv32imafc_zaamo_zalrsc_zba_zbb_zbs_xxldsp/ilp32f\libc_nano.a(libc_a-impure.o)
                0x18040000                _impure_data
 .data.__sglue  0x1804004c        0xc D:/ALBStudio_20260416_V1.0/ALBStudio/toolchain/gcc/bin/../lib/gcc/riscv64-unknown-elf/14.2.1/../../../../riscv64-unknown-elf/lib/rv32imafc_zaamo_zalrsc_zba_zbb_zbs_xxldsp/ilp32f\libc_nano.a(libc_a-findfp.o)
                0x1804004c                __sglue
 .data.__global_locale
                0x18040058      0x16c D:/ALBStudio_20260416_V1.0/ALBStudio/toolchain/gcc/bin/../lib/gcc/riscv64-unknown-elf/14.2.1/../../../../riscv64-unknown-elf/lib/rv32imafc_zaamo_zalrsc_zba_zbb_zbs_xxldsp/ilp32f\libc_nano.a(libc_a-locale.o)
                0x18040058                __global_locale
 *(.gnu.linkonce.d.*)
                0x180401c8                        . = ALIGN (0x8)
 *fill*         0x180401c4        0x4 
                0x180409c8                        PROVIDE (__global_pointer$ = (. + 0x800))
 *(.sdata .sdata.* .sdata*)
 .sdata.SystemClock
                0x180401c8        0x4 ./Drivers/DriverLib/cpu/system_cpu.o
 .sdata.CpuIRegionBase
                0x180401cc        0x4 ./Drivers/DriverLib/cpu/system_cpu.o
                0x180401cc                CpuIRegionBase
 .sdata.curbrk.1
                0x180401d0        0x4 ./Drivers/Common/stubs.o
 .sdata._impure_ptr
                0x180401d4        0x4 D:/ALBStudio_20260416_V1.0/ALBStudio/toolchain/gcc/bin/../lib/gcc/riscv64-unknown-elf/14.2.1/../../../../riscv64-unknown-elf/lib/rv32imafc_zaamo_zalrsc_zba_zbb_zbs_xxldsp/ilp32f\libc_nano.a(libc_a-impure.o)
                0x180401d4                _impure_ptr
 *(.gnu.linkonce.s.*)
                0x180401d8                        . = ALIGN (0x8)
 *(.srodata.cst16)
 *(.srodata.cst8)
 .srodata.cst8  0x180401d8       0x90 D:/ALBStudio_20260416_V1.0/ALBStudio/toolchain/gcc/bin/../lib/gcc/riscv64-unknown-elf/14.2.1/../../../../riscv64-unknown-elf/lib/rv32imafc_zaamo_zalrsc_zba_zbb_zbs_xxldsp/ilp32f\libc_nano.a(libc_a-nano-vfprintf_float.o)
                                  0x8 (size before relaxing)
 .srodata.cst8  0x18040268       0x48 D:/ALBStudio_20260416_V1.0/ALBStudio/toolchain/gcc/bin/../lib/gcc/riscv64-unknown-elf/14.2.1/../../../../riscv64-unknown-elf/lib/rv32imafc_zaamo_zalrsc_zba_zbb_zbs_xxldsp/ilp32f\libc_nano.a(libc_a-dtoa.o)
 .srodata.cst8  0x18040268       0x50 D:/ALBStudio_20260416_V1.0/ALBStudio/toolchain/gcc/bin/../lib/gcc/riscv64-unknown-elf/14.2.1/../../../../riscv64-unknown-elf/lib/rv32imafc_zaamo_zalrsc_zba_zbb_zbs_xxldsp/ilp32f\libc_nano.a(libc_a-strtod.o)
 .srodata.cst8  0x18040268        0x8 D:/ALBStudio_20260416_V1.0/ALBStudio/toolchain/gcc/bin/../lib/gcc/riscv64-unknown-elf/14.2.1/../../../../riscv64-unknown-elf/lib/rv32imafc_zaamo_zalrsc_zba_zbb_zbs_xxldsp/ilp32f\libc_nano.a(libm_a-s_nan.o)
 *(.srodata.cst4)
 .srodata.cst4  0x18040268        0x4 D:/ALBStudio_20260416_V1.0/ALBStudio/toolchain/gcc/bin/../lib/gcc/riscv64-unknown-elf/14.2.1/../../../../riscv64-unknown-elf/lib/rv32imafc_zaamo_zalrsc_zba_zbb_zbs_xxldsp/ilp32f\libc_nano.a(libm_a-sf_nan.o)
 *(.srodata.cst2)
 *(.srodata .srodata.*)
 *(.rdata)
 *(.rodata .rodata.*)
 .rodata        0x1804026c       0x30 ./src/xbat_ex02_ecapIN.o
 .rodata.RCC_getAHBPrescaler
                0x1804029c       0x20 ./Drivers/DriverLib/cpu/system_cpu.o
 .rodata        0x180402bc      0x186 ./Drivers/DriverLib/cpu/system_cpu.o
 *fill*         0x18040442        0x2 
 .rodata        0x18040444        0x8 ./Drivers/DriverLib/sci.o
 .rodata        0x1804044c       0x65 ./Boards/alb32r003x_evb/alb32r003x_evb.o
 *fill*         0x180404b1        0x3 
 .rodata._printf_float.str1.4
                0x180404b4      0x173 D:/ALBStudio_20260416_V1.0/ALBStudio/toolchain/gcc/bin/../lib/gcc/riscv64-unknown-elf/14.2.1/../../../../riscv64-unknown-elf/lib/rv32imafc_zaamo_zalrsc_zba_zbb_zbs_xxldsp/ilp32f\libc_nano.a(libc_a-nano-vfprintf_float.o)
                                 0x12 (size before relaxing)
 .rodata._printf_i.str1.4
                0x18040627       0x25 D:/ALBStudio_20260416_V1.0/ALBStudio/toolchain/gcc/bin/../lib/gcc/riscv64-unknown-elf/14.2.1/../../../../riscv64-unknown-elf/lib/rv32imafc_zaamo_zalrsc_zba_zbb_zbs_xxldsp/ilp32f\libc_nano.a(libc_a-nano-vfprintf_i.o)
 *fill*         0x18040627        0x1 
 .rodata._printf_i
                0x18040628       0x58 D:/ALBStudio_20260416_V1.0/ALBStudio/toolchain/gcc/bin/../lib/gcc/riscv64-unknown-elf/14.2.1/../../../../riscv64-unknown-elf/lib/rv32imafc_zaamo_zalrsc_zba_zbb_zbs_xxldsp/ilp32f\libc_nano.a(libc_a-nano-vfprintf_i.o)
 .rodata._scanf_float.str1.4
                0x18040680        0x9 D:/ALBStudio_20260416_V1.0/ALBStudio/toolchain/gcc/bin/../lib/gcc/riscv64-unknown-elf/14.2.1/../../../../riscv64-unknown-elf/lib/rv32imafc_zaamo_zalrsc_zba_zbb_zbs_xxldsp/ilp32f\libc_nano.a(libc_a-nano-vfscanf_float.o)
 .rodata._scanf_float
                0x18040680       0x74 D:/ALBStudio_20260416_V1.0/ALBStudio/toolchain/gcc/bin/../lib/gcc/riscv64-unknown-elf/14.2.1/../../../../riscv64-unknown-elf/lib/rv32imafc_zaamo_zalrsc_zba_zbb_zbs_xxldsp/ilp32f\libc_nano.a(libc_a-nano-vfscanf_float.o)
 .rodata._dtoa_r.str1.4
                0x180406f4       0x65 D:/ALBStudio_20260416_V1.0/ALBStudio/toolchain/gcc/bin/../lib/gcc/riscv64-unknown-elf/14.2.1/../../../../riscv64-unknown-elf/lib/rv32imafc_zaamo_zalrsc_zba_zbb_zbs_xxldsp/ilp32f\libc_nano.a(libc_a-dtoa.o)
 .rodata._Balloc.str1.4
                0x180406f4       0x40 D:/ALBStudio_20260416_V1.0/ALBStudio/toolchain/gcc/bin/../lib/gcc/riscv64-unknown-elf/14.2.1/../../../../riscv64-unknown-elf/lib/rv32imafc_zaamo_zalrsc_zba_zbb_zbs_xxldsp/ilp32f\libc_nano.a(libc_a-mprec.o)
 .rodata.__multadd.str1.4
                0x180406f4       0x11 D:/ALBStudio_20260416_V1.0/ALBStudio/toolchain/gcc/bin/../lib/gcc/riscv64-unknown-elf/14.2.1/../../../../riscv64-unknown-elf/lib/rv32imafc_zaamo_zalrsc_zba_zbb_zbs_xxldsp/ilp32f\libc_nano.a(libc_a-mprec.o)
 .rodata.p05.0  0x180406f4        0xc D:/ALBStudio_20260416_V1.0/ALBStudio/toolchain/gcc/bin/../lib/gcc/riscv64-unknown-elf/14.2.1/../../../../riscv64-unknown-elf/lib/rv32imafc_zaamo_zalrsc_zba_zbb_zbs_xxldsp/ilp32f\libc_nano.a(libc_a-mprec.o)
 .rodata.__mprec_bigtens
                0x18040700       0x28 D:/ALBStudio_20260416_V1.0/ALBStudio/toolchain/gcc/bin/../lib/gcc/riscv64-unknown-elf/14.2.1/../../../../riscv64-unknown-elf/lib/rv32imafc_zaamo_zalrsc_zba_zbb_zbs_xxldsp/ilp32f\libc_nano.a(libc_a-mprec.o)
                0x18040700                __mprec_bigtens
 .rodata.__mprec_tens
                0x18040728       0xc8 D:/ALBStudio_20260416_V1.0/ALBStudio/toolchain/gcc/bin/../lib/gcc/riscv64-unknown-elf/14.2.1/../../../../riscv64-unknown-elf/lib/rv32imafc_zaamo_zalrsc_zba_zbb_zbs_xxldsp/ilp32f\libc_nano.a(libc_a-mprec.o)
                0x18040728                __mprec_tens
 .rodata._strtod_l.str1.4
                0x180407f0       0x15 D:/ALBStudio_20260416_V1.0/ALBStudio/toolchain/gcc/bin/../lib/gcc/riscv64-unknown-elf/14.2.1/../../../../riscv64-unknown-elf/lib/rv32imafc_zaamo_zalrsc_zba_zbb_zbs_xxldsp/ilp32f\libc_nano.a(libc_a-strtod.o)
 .rodata._strtod_l
                0x180407f0       0x14 D:/ALBStudio_20260416_V1.0/ALBStudio/toolchain/gcc/bin/../lib/gcc/riscv64-unknown-elf/14.2.1/../../../../riscv64-unknown-elf/lib/rv32imafc_zaamo_zalrsc_zba_zbb_zbs_xxldsp/ilp32f\libc_nano.a(libc_a-strtod.o)
 .rodata.fpinan.0
                0x18040804       0x14 D:/ALBStudio_20260416_V1.0/ALBStudio/toolchain/gcc/bin/../lib/gcc/riscv64-unknown-elf/14.2.1/../../../../riscv64-unknown-elf/lib/rv32imafc_zaamo_zalrsc_zba_zbb_zbs_xxldsp/ilp32f\libc_nano.a(libc_a-strtod.o)
 .rodata.fpi.1  0x18040818       0x14 D:/ALBStudio_20260416_V1.0/ALBStudio/toolchain/gcc/bin/../lib/gcc/riscv64-unknown-elf/14.2.1/../../../../riscv64-unknown-elf/lib/rv32imafc_zaamo_zalrsc_zba_zbb_zbs_xxldsp/ilp32f\libc_nano.a(libc_a-strtod.o)
 *fill*         0x1804082c        0x4 
 .rodata.tinytens
                0x18040830       0x28 D:/ALBStudio_20260416_V1.0/ALBStudio/toolchain/gcc/bin/../lib/gcc/riscv64-unknown-elf/14.2.1/../../../../riscv64-unknown-elf/lib/rv32imafc_zaamo_zalrsc_zba_zbb_zbs_xxldsp/ilp32f\libc_nano.a(libc_a-strtod.o)
 .rodata._ctype_
                0x18040858      0x101 D:/ALBStudio_20260416_V1.0/ALBStudio/toolchain/gcc/bin/../lib/gcc/riscv64-unknown-elf/14.2.1/../../../../riscv64-unknown-elf/lib/rv32imafc_zaamo_zalrsc_zba_zbb_zbs_xxldsp/ilp32f\libc_nano.a(libc_a-ctype_.o)
                0x18040858                _ctype_
 .rodata._svfprintf_r.str1.4
                0x18040959       0x13 D:/ALBStudio_20260416_V1.0/ALBStudio/toolchain/gcc/bin/../lib/gcc/riscv64-unknown-elf/14.2.1/../../../../riscv64-unknown-elf/lib/rv32imafc_zaamo_zalrsc_zba_zbb_zbs_xxldsp/ilp32f\libc_nano.a(libc_a-nano-svfprintf.o)
 .rodata._vfprintf_r.str1.4
                0x18040959       0x13 D:/ALBStudio_20260416_V1.0/ALBStudio/toolchain/gcc/bin/../lib/gcc/riscv64-unknown-elf/14.2.1/../../../../riscv64-unknown-elf/lib/rv32imafc_zaamo_zalrsc_zba_zbb_zbs_xxldsp/ilp32f\libc_nano.a(libc_a-nano-vfprintf.o)
 .rodata._setlocale_r.str1.4
                0x18040959        0xd D:/ALBStudio_20260416_V1.0/ALBStudio/toolchain/gcc/bin/../lib/gcc/riscv64-unknown-elf/14.2.1/../../../../riscv64-unknown-elf/lib/rv32imafc_zaamo_zalrsc_zba_zbb_zbs_xxldsp/ilp32f\libc_nano.a(libc_a-locale.o)
 .rodata.str1.4
                0x18040959        0x2 D:/ALBStudio_20260416_V1.0/ALBStudio/toolchain/gcc/bin/../lib/gcc/riscv64-unknown-elf/14.2.1/../../../../riscv64-unknown-elf/lib/rv32imafc_zaamo_zalrsc_zba_zbb_zbs_xxldsp/ilp32f\libc_nano.a(libc_a-locale.o)
 .rodata.__assert_func.str1.4
                0x18040959       0x43 D:/ALBStudio_20260416_V1.0/ALBStudio/toolchain/gcc/bin/../lib/gcc/riscv64-unknown-elf/14.2.1/../../../../riscv64-unknown-elf/lib/rv32imafc_zaamo_zalrsc_zba_zbb_zbs_xxldsp/ilp32f\libc_nano.a(libc_a-assert.o)
 .rodata.__gethex.str1.4
                0x18040959       0x47 D:/ALBStudio_20260416_V1.0/ALBStudio/toolchain/gcc/bin/../lib/gcc/riscv64-unknown-elf/14.2.1/../../../../riscv64-unknown-elf/lib/rv32imafc_zaamo_zalrsc_zba_zbb_zbs_xxldsp/ilp32f\libc_nano.a(libc_a-gdtoa-gethex.o)
 *fill*         0x18040959        0x3 
 .rodata        0x1804095c       0x3c D:/ALBStudio_20260416_V1.0/ALBStudio/toolchain/gcc/bin/../lib/gcc/riscv64-unknown-elf/14.2.1/rv32imafc_zaamo_zalrsc_zba_zbb_zbs_xxldsp/ilp32f\libgcc.a(divdf3.o)
 *(.gnu.linkonce.r.*)
                [!provide]                        PROVIDE (__eh_frame_hdr_start = .)
 *(.eh_frame_hdr)
                [!provide]                        PROVIDE (__eh_frame_hdr_end = .)
                [!provide]                        PROVIDE (__eh_frame_start = .)
 *(.eh_frame)
                [!provide]                        PROVIDE (__eh_frame_end = .)
                0x18040998                        . = ALIGN (0x8)
                0x18040998                        __rt_init_start = .
 *(SORT_BY_NAME(.rti_fn*))
                0x18040998                        __rt_init_end = .
                0x18040998                        . = ALIGN (0x8)
                0x18040998                        __fsymtab_start = .
 *(FSymTab)
                0x18040998                        __fsymtab_end = .
                0x18040998                        . = ALIGN (0x8)
                0x18040998                        __vsymtab_start = .
 *(VSymTab)
                0x18040998                        __vsymtab_end = .
                0x18040998                        . = ALIGN (0x8)

.tdata          0x18040998        0x0 load address 0x1801a988
                0x18040998                        PROVIDE (__tls_base = .)
 *(.tdata .tdata.* .gnu.linkonce.td.*)
                0x18019ff0                        PROVIDE (_data_lma = LOADADDR (.data))
                0x18040000                        PROVIDE (_data = ADDR (.data))
                0x18040998                        PROVIDE (_edata = .)
                [!provide]                        PROVIDE (edata = .)
                [!provide]                        PROVIDE (_fbss = .)
                0x18040998                        PROVIDE (__bss_start = .)

.tbss           0x18040998        0x0 load address 0x1801a988
 *(.tbss .tbss.* .gnu.linkonce.tb.*)
 *(.tcommon)
                [!provide]                        PROVIDE (__tls_end = .)

.tbss_space     0x18040998        0x0 load address 0x1801a988
                0x18040998                        . = (. + SIZEOF (.tbss))

.bss            0x18040998      0x1c0 load address 0x1801a988
 *(.sbss*)
 .sbss.timeStamp1
                0x18040998        0x4 ./src/xbat_ex02_ecapIN.o
                0x18040998                timeStamp1
 .sbss.system_core_interrupt_handler
                0x1804099c        0x4 ./Drivers/DriverLib/cpu/system_cpu.o
 .sbss.errno    0x180409a0        0x4 ./Drivers/Common/stubs.o
                0x180409a0                errno
 .sbss.FCR_value
                0x180409a4        0x4 ./Boards/alb32r003x_evb/alb32r003x_evb.o
 .sbss.__malloc_sbrk_start
                0x180409a8        0x4 D:/ALBStudio_20260416_V1.0/ALBStudio/toolchain/gcc/bin/../lib/gcc/riscv64-unknown-elf/14.2.1/../../../../riscv64-unknown-elf/lib/rv32imafc_zaamo_zalrsc_zba_zbb_zbs_xxldsp/ilp32f\libc_nano.a(libc_a-mallocr.o)
                0x180409a8                __malloc_sbrk_start
 .sbss.__malloc_free_list
                0x180409ac        0x4 D:/ALBStudio_20260416_V1.0/ALBStudio/toolchain/gcc/bin/../lib/gcc/riscv64-unknown-elf/14.2.1/../../../../riscv64-unknown-elf/lib/rv32imafc_zaamo_zalrsc_zba_zbb_zbs_xxldsp/ilp32f\libc_nano.a(libc_a-mallocr.o)
                0x180409ac                __malloc_free_list
 .sbss.__stdio_exit_handler
                0x180409b0        0x4 D:/ALBStudio_20260416_V1.0/ALBStudio/toolchain/gcc/bin/../lib/gcc/riscv64-unknown-elf/14.2.1/../../../../riscv64-unknown-elf/lib/rv32imafc_zaamo_zalrsc_zba_zbb_zbs_xxldsp/ilp32f\libc_nano.a(libc_a-findfp.o)
                0x180409b0                __stdio_exit_handler
 *(.gnu.linkonce.sb.*)
 *(.bss .bss.*)
 .bss.SystemExceptionHandlers
                0x180409b4       0x6c ./Drivers/DriverLib/cpu/system_cpu.o
 .bss.__sf      0x18040a20      0x138 D:/ALBStudio_20260416_V1.0/ALBStudio/toolchain/gcc/bin/../lib/gcc/riscv64-unknown-elf/14.2.1/../../../../riscv64-unknown-elf/lib/rv32imafc_zaamo_zalrsc_zba_zbb_zbs_xxldsp/ilp32f\libc_nano.a(libc_a-findfp.o)
                0x18040a20                __sf
 *(.gnu.linkonce.b.*)
 *(COMMON)
                0x18040b58                        . = ALIGN (0x4)
                0x18040b58                        PROVIDE (_end = .)
                [!provide]                        PROVIDE (end = .)

.heap           0x18040b60      0x800 load address 0x1801a990
                0x18040b60                        . = ALIGN (0x10)
                0x18040b60                        PROVIDE (__heap_start = .)
                0x18041360                        . = (. + __HEAP_SIZE)
 *fill*         0x18040b60      0x800 
                0x18041360                        . = ALIGN (0x10)
                [!provide]                        PROVIDE (__heap_limit = .)

.stack          0x18041360     0xeca0 load address 0x1801a988
                0x18041360                        . = ALIGN (0x10)
                0x1804f800                        . = ((ORIGIN (RAM) + LENGTH (RAM)) - __TOT_STACK_SIZE)
 *fill*         0x18041360     0xe4a0 
                [!provide]                        PROVIDE (_heap_end = .)
                0x1804f800                        PROVIDE (__heap_end = .)
                [!provide]                        PROVIDE (__StackLimit = .)
                [!provide]                        PROVIDE (__StackBottom = .)
                0x18050000                        . = (. + __TOT_STACK_SIZE)
 *fill*         0x1804f800      0x800 
                0x18050000                        . = ALIGN (0x10)
                [!provide]                        PROVIDE (__StackTop = .)
                0x18050000                        PROVIDE (_sp = .)
OUTPUT(xbar_ex02_ecap_in.elf elf32-littleriscv)

.debug_info     0x00000000     0xa0a5
 .debug_info    0x00000000      0xe57 ./src/xbat_ex02_ecapIN.o
 .debug_info    0x00000e57       0x4a ./Drivers/DriverLib/cpu/startup/intexc.o
 .debug_info    0x00000ea1       0x77 ./Drivers/DriverLib/cpu/startup/startup.o
 .debug_info    0x00000f18     0x2162 ./Drivers/DriverLib/cpu/system_cpu.o
 .debug_info    0x0000307a      0x937 ./Drivers/DriverLib/eflashc.o
 .debug_info    0x000039b1      0x3f2 ./Drivers/DriverLib/gpio.o
 .debug_info    0x00003da3      0x526 ./Drivers/DriverLib/rcc.o
 .debug_info    0x000042c9      0x53e ./Drivers/DriverLib/sci.o
 .debug_info    0x00004807      0xe68 ./Drivers/Common/stubs.o
 .debug_info    0x0000566f      0xef2 ./Boards/alb32r003x_evb/alb32r003x_evb.o
 .debug_info    0x00006561      0x52f D:/ALBStudio_20260416_V1.0/ALBStudio/toolchain/gcc/bin/../lib/gcc/riscv64-unknown-elf/14.2.1/rv32imafc_zaamo_zalrsc_zba_zbb_zbs_xxldsp/ilp32f\libgcc.a(adddf3.o)
 .debug_info    0x00006a90      0x691 D:/ALBStudio_20260416_V1.0/ALBStudio/toolchain/gcc/bin/../lib/gcc/riscv64-unknown-elf/14.2.1/rv32imafc_zaamo_zalrsc_zba_zbb_zbs_xxldsp/ilp32f\libgcc.a(divdf3.o)
 .debug_info    0x00007121      0x240 D:/ALBStudio_20260416_V1.0/ALBStudio/toolchain/gcc/bin/../lib/gcc/riscv64-unknown-elf/14.2.1/rv32imafc_zaamo_zalrsc_zba_zbb_zbs_xxldsp/ilp32f\libgcc.a(eqdf2.o)
 .debug_info    0x00007361      0x22b D:/ALBStudio_20260416_V1.0/ALBStudio/toolchain/gcc/bin/../lib/gcc/riscv64-unknown-elf/14.2.1/rv32imafc_zaamo_zalrsc_zba_zbb_zbs_xxldsp/ilp32f\libgcc.a(gedf2.o)
 .debug_info    0x0000758c      0x22b D:/ALBStudio_20260416_V1.0/ALBStudio/toolchain/gcc/bin/../lib/gcc/riscv64-unknown-elf/14.2.1/rv32imafc_zaamo_zalrsc_zba_zbb_zbs_xxldsp/ilp32f\libgcc.a(ledf2.o)
 .debug_info    0x000077b7      0x6b3 D:/ALBStudio_20260416_V1.0/ALBStudio/toolchain/gcc/bin/../lib/gcc/riscv64-unknown-elf/14.2.1/rv32imafc_zaamo_zalrsc_zba_zbb_zbs_xxldsp/ilp32f\libgcc.a(muldf3.o)
 .debug_info    0x00007e6a      0x52f D:/ALBStudio_20260416_V1.0/ALBStudio/toolchain/gcc/bin/../lib/gcc/riscv64-unknown-elf/14.2.1/rv32imafc_zaamo_zalrsc_zba_zbb_zbs_xxldsp/ilp32f\libgcc.a(subdf3.o)
 .debug_info    0x00008399      0x22b D:/ALBStudio_20260416_V1.0/ALBStudio/toolchain/gcc/bin/../lib/gcc/riscv64-unknown-elf/14.2.1/rv32imafc_zaamo_zalrsc_zba_zbb_zbs_xxldsp/ilp32f\libgcc.a(unorddf2.o)
 .debug_info    0x000085c4      0x1c3 D:/ALBStudio_20260416_V1.0/ALBStudio/toolchain/gcc/bin/../lib/gcc/riscv64-unknown-elf/14.2.1/rv32imafc_zaamo_zalrsc_zba_zbb_zbs_xxldsp/ilp32f\libgcc.a(fixdfsi.o)
 .debug_info    0x00008787      0x1ab D:/ALBStudio_20260416_V1.0/ALBStudio/toolchain/gcc/bin/../lib/gcc/riscv64-unknown-elf/14.2.1/rv32imafc_zaamo_zalrsc_zba_zbb_zbs_xxldsp/ilp32f\libgcc.a(fixunsdfsi.o)
 .debug_info    0x00008932      0x25a D:/ALBStudio_20260416_V1.0/ALBStudio/toolchain/gcc/bin/../lib/gcc/riscv64-unknown-elf/14.2.1/rv32imafc_zaamo_zalrsc_zba_zbb_zbs_xxldsp/ilp32f\libgcc.a(floatsidf.o)
 .debug_info    0x00008b8c      0x24f D:/ALBStudio_20260416_V1.0/ALBStudio/toolchain/gcc/bin/../lib/gcc/riscv64-unknown-elf/14.2.1/rv32imafc_zaamo_zalrsc_zba_zbb_zbs_xxldsp/ilp32f\libgcc.a(floatunsidf.o)
 .debug_info    0x00008ddb      0x1d9 D:/ALBStudio_20260416_V1.0/ALBStudio/toolchain/gcc/bin/../lib/gcc/riscv64-unknown-elf/14.2.1/rv32imafc_zaamo_zalrsc_zba_zbb_zbs_xxldsp/ilp32f\libgcc.a(fixdfdi.o)
 .debug_info    0x00008fb4      0x2b9 D:/ALBStudio_20260416_V1.0/ALBStudio/toolchain/gcc/bin/../lib/gcc/riscv64-unknown-elf/14.2.1/rv32imafc_zaamo_zalrsc_zba_zbb_zbs_xxldsp/ilp32f\libgcc.a(floatdidf.o)
 .debug_info    0x0000926d      0x37e D:/ALBStudio_20260416_V1.0/ALBStudio/toolchain/gcc/bin/../lib/gcc/riscv64-unknown-elf/14.2.1/rv32imafc_zaamo_zalrsc_zba_zbb_zbs_xxldsp/ilp32f\libgcc.a(extenddftf2.o)
 .debug_info    0x000095eb      0x284 D:/ALBStudio_20260416_V1.0/ALBStudio/toolchain/gcc/bin/../lib/gcc/riscv64-unknown-elf/14.2.1/rv32imafc_zaamo_zalrsc_zba_zbb_zbs_xxldsp/ilp32f\libgcc.a(truncdfsf2.o)
 .debug_info    0x0000986f      0x4ca D:/ALBStudio_20260416_V1.0/ALBStudio/toolchain/gcc/bin/../lib/gcc/riscv64-unknown-elf/14.2.1/rv32imafc_zaamo_zalrsc_zba_zbb_zbs_xxldsp/ilp32f\libgcc.a(trunctfdf2.o)
 .debug_info    0x00009d39      0x1b6 D:/ALBStudio_20260416_V1.0/ALBStudio/toolchain/gcc/bin/../lib/gcc/riscv64-unknown-elf/14.2.1/rv32imafc_zaamo_zalrsc_zba_zbb_zbs_xxldsp/ilp32f\libgcc.a(_lshrdi3.o)
 .debug_info    0x00009eef      0x1b6 D:/ALBStudio_20260416_V1.0/ALBStudio/toolchain/gcc/bin/../lib/gcc/riscv64-unknown-elf/14.2.1/rv32imafc_zaamo_zalrsc_zba_zbb_zbs_xxldsp/ilp32f\libgcc.a(_ashldi3.o)

.debug_abbrev   0x00000000     0x2cd0
 .debug_abbrev  0x00000000      0x23a ./src/xbat_ex02_ecapIN.o
 .debug_abbrev  0x0000023a       0x1d ./Drivers/DriverLib/cpu/startup/intexc.o
 .debug_abbrev  0x00000257       0x1f ./Drivers/DriverLib/cpu/startup/startup.o
 .debug_abbrev  0x00000276      0x4ea ./Drivers/DriverLib/cpu/system_cpu.o
 .debug_abbrev  0x00000760      0x1e6 ./Drivers/DriverLib/eflashc.o
 .debug_abbrev  0x00000946      0x138 ./Drivers/DriverLib/gpio.o
 .debug_abbrev  0x00000a7e       0xfc ./Drivers/DriverLib/rcc.o
 .debug_abbrev  0x00000b7a      0x18d ./Drivers/DriverLib/sci.o
 .debug_abbrev  0x00000d07      0x33b ./Drivers/Common/stubs.o
 .debug_abbrev  0x00001042      0x2e7 ./Boards/alb32r003x_evb/alb32r003x_evb.o
 .debug_abbrev  0x00001329      0x185 D:/ALBStudio_20260416_V1.0/ALBStudio/toolchain/gcc/bin/../lib/gcc/riscv64-unknown-elf/14.2.1/rv32imafc_zaamo_zalrsc_zba_zbb_zbs_xxldsp/ilp32f\libgcc.a(adddf3.o)
 .debug_abbrev  0x000014ae      0x169 D:/ALBStudio_20260416_V1.0/ALBStudio/toolchain/gcc/bin/../lib/gcc/riscv64-unknown-elf/14.2.1/rv32imafc_zaamo_zalrsc_zba_zbb_zbs_xxldsp/ilp32f\libgcc.a(divdf3.o)
 .debug_abbrev  0x00001617      0x14e D:/ALBStudio_20260416_V1.0/ALBStudio/toolchain/gcc/bin/../lib/gcc/riscv64-unknown-elf/14.2.1/rv32imafc_zaamo_zalrsc_zba_zbb_zbs_xxldsp/ilp32f\libgcc.a(eqdf2.o)
 .debug_abbrev  0x00001765      0x162 D:/ALBStudio_20260416_V1.0/ALBStudio/toolchain/gcc/bin/../lib/gcc/riscv64-unknown-elf/14.2.1/rv32imafc_zaamo_zalrsc_zba_zbb_zbs_xxldsp/ilp32f\libgcc.a(gedf2.o)
 .debug_abbrev  0x000018c7      0x162 D:/ALBStudio_20260416_V1.0/ALBStudio/toolchain/gcc/bin/../lib/gcc/riscv64-unknown-elf/14.2.1/rv32imafc_zaamo_zalrsc_zba_zbb_zbs_xxldsp/ilp32f\libgcc.a(ledf2.o)
 .debug_abbrev  0x00001a29      0x179 D:/ALBStudio_20260416_V1.0/ALBStudio/toolchain/gcc/bin/../lib/gcc/riscv64-unknown-elf/14.2.1/rv32imafc_zaamo_zalrsc_zba_zbb_zbs_xxldsp/ilp32f\libgcc.a(muldf3.o)
 .debug_abbrev  0x00001ba2      0x185 D:/ALBStudio_20260416_V1.0/ALBStudio/toolchain/gcc/bin/../lib/gcc/riscv64-unknown-elf/14.2.1/rv32imafc_zaamo_zalrsc_zba_zbb_zbs_xxldsp/ilp32f\libgcc.a(subdf3.o)
 .debug_abbrev  0x00001d27      0x14b D:/ALBStudio_20260416_V1.0/ALBStudio/toolchain/gcc/bin/../lib/gcc/riscv64-unknown-elf/14.2.1/rv32imafc_zaamo_zalrsc_zba_zbb_zbs_xxldsp/ilp32f\libgcc.a(unorddf2.o)
 .debug_abbrev  0x00001e72      0x145 D:/ALBStudio_20260416_V1.0/ALBStudio/toolchain/gcc/bin/../lib/gcc/riscv64-unknown-elf/14.2.1/rv32imafc_zaamo_zalrsc_zba_zbb_zbs_xxldsp/ilp32f\libgcc.a(fixdfsi.o)
 .debug_abbrev  0x00001fb7      0x13b D:/ALBStudio_20260416_V1.0/ALBStudio/toolchain/gcc/bin/../lib/gcc/riscv64-unknown-elf/14.2.1/rv32imafc_zaamo_zalrsc_zba_zbb_zbs_xxldsp/ilp32f\libgcc.a(fixunsdfsi.o)
 .debug_abbrev  0x000020f2      0x157 D:/ALBStudio_20260416_V1.0/ALBStudio/toolchain/gcc/bin/../lib/gcc/riscv64-unknown-elf/14.2.1/rv32imafc_zaamo_zalrsc_zba_zbb_zbs_xxldsp/ilp32f\libgcc.a(floatsidf.o)
 .debug_abbrev  0x00002249      0x156 D:/ALBStudio_20260416_V1.0/ALBStudio/toolchain/gcc/bin/../lib/gcc/riscv64-unknown-elf/14.2.1/rv32imafc_zaamo_zalrsc_zba_zbb_zbs_xxldsp/ilp32f\libgcc.a(floatunsidf.o)
 .debug_abbrev  0x0000239f      0x148 D:/ALBStudio_20260416_V1.0/ALBStudio/toolchain/gcc/bin/../lib/gcc/riscv64-unknown-elf/14.2.1/rv32imafc_zaamo_zalrsc_zba_zbb_zbs_xxldsp/ilp32f\libgcc.a(fixdfdi.o)
 .debug_abbrev  0x000024e7      0x18b D:/ALBStudio_20260416_V1.0/ALBStudio/toolchain/gcc/bin/../lib/gcc/riscv64-unknown-elf/14.2.1/rv32imafc_zaamo_zalrsc_zba_zbb_zbs_xxldsp/ilp32f\libgcc.a(floatdidf.o)
 .debug_abbrev  0x00002672      0x175 D:/ALBStudio_20260416_V1.0/ALBStudio/toolchain/gcc/bin/../lib/gcc/riscv64-unknown-elf/14.2.1/rv32imafc_zaamo_zalrsc_zba_zbb_zbs_xxldsp/ilp32f\libgcc.a(extenddftf2.o)
 .debug_abbrev  0x000027e7      0x143 D:/ALBStudio_20260416_V1.0/ALBStudio/toolchain/gcc/bin/../lib/gcc/riscv64-unknown-elf/14.2.1/rv32imafc_zaamo_zalrsc_zba_zbb_zbs_xxldsp/ilp32f\libgcc.a(truncdfsf2.o)
 .debug_abbrev  0x0000292a      0x18e D:/ALBStudio_20260416_V1.0/ALBStudio/toolchain/gcc/bin/../lib/gcc/riscv64-unknown-elf/14.2.1/rv32imafc_zaamo_zalrsc_zba_zbb_zbs_xxldsp/ilp32f\libgcc.a(trunctfdf2.o)
 .debug_abbrev  0x00002ab8      0x10c D:/ALBStudio_20260416_V1.0/ALBStudio/toolchain/gcc/bin/../lib/gcc/riscv64-unknown-elf/14.2.1/rv32imafc_zaamo_zalrsc_zba_zbb_zbs_xxldsp/ilp32f\libgcc.a(_lshrdi3.o)
 .debug_abbrev  0x00002bc4      0x10c D:/ALBStudio_20260416_V1.0/ALBStudio/toolchain/gcc/bin/../lib/gcc/riscv64-unknown-elf/14.2.1/rv32imafc_zaamo_zalrsc_zba_zbb_zbs_xxldsp/ilp32f\libgcc.a(_ashldi3.o)

.debug_loc      0x00000000     0x33ad
 .debug_loc     0x00000000      0x72c ./src/xbat_ex02_ecapIN.o
 .debug_loc     0x0000072c      0xad7 ./Drivers/DriverLib/cpu/system_cpu.o
 .debug_loc     0x00001203      0xaa0 ./Drivers/DriverLib/eflashc.o
 .debug_loc     0x00001ca3      0x154 ./Drivers/DriverLib/gpio.o
 .debug_loc     0x00001df7      0x3b8 ./Drivers/DriverLib/rcc.o
 .debug_loc     0x000021af      0x330 ./Drivers/DriverLib/sci.o
 .debug_loc     0x000024df      0x7a2 ./Drivers/Common/stubs.o
 .debug_loc     0x00002c81      0x72c ./Boards/alb32r003x_evb/alb32r003x_evb.o

.debug_aranges  0x00000000      0x988
 .debug_aranges
                0x00000000       0xf0 ./src/xbat_ex02_ecapIN.o
 .debug_aranges
                0x000000f0       0x28 ./Drivers/DriverLib/cpu/startup/intexc.o
 .debug_aranges
                0x00000118       0x28 ./Drivers/DriverLib/cpu/startup/startup.o
 .debug_aranges
                0x00000140      0x160 ./Drivers/DriverLib/cpu/system_cpu.o
 .debug_aranges
                0x000002a0      0x158 ./Drivers/DriverLib/eflashc.o
 .debug_aranges
                0x000003f8       0x40 ./Drivers/DriverLib/gpio.o
 .debug_aranges
                0x00000438       0x88 ./Drivers/DriverLib/rcc.o
 .debug_aranges
                0x000004c0       0x78 ./Drivers/DriverLib/sci.o
 .debug_aranges
                0x00000538      0x100 ./Drivers/Common/stubs.o
 .debug_aranges
                0x00000638       0xf0 ./Boards/alb32r003x_evb/alb32r003x_evb.o
 .debug_aranges
                0x00000728       0x20 D:/ALBStudio_20260416_V1.0/ALBStudio/toolchain/gcc/bin/../lib/gcc/riscv64-unknown-elf/14.2.1/rv32imafc_zaamo_zalrsc_zba_zbb_zbs_xxldsp/ilp32f\libgcc.a(adddf3.o)
 .debug_aranges
                0x00000748       0x20 D:/ALBStudio_20260416_V1.0/ALBStudio/toolchain/gcc/bin/../lib/gcc/riscv64-unknown-elf/14.2.1/rv32imafc_zaamo_zalrsc_zba_zbb_zbs_xxldsp/ilp32f\libgcc.a(divdf3.o)
 .debug_aranges
                0x00000768       0x20 D:/ALBStudio_20260416_V1.0/ALBStudio/toolchain/gcc/bin/../lib/gcc/riscv64-unknown-elf/14.2.1/rv32imafc_zaamo_zalrsc_zba_zbb_zbs_xxldsp/ilp32f\libgcc.a(eqdf2.o)
 .debug_aranges
                0x00000788       0x20 D:/ALBStudio_20260416_V1.0/ALBStudio/toolchain/gcc/bin/../lib/gcc/riscv64-unknown-elf/14.2.1/rv32imafc_zaamo_zalrsc_zba_zbb_zbs_xxldsp/ilp32f\libgcc.a(gedf2.o)
 .debug_aranges
                0x000007a8       0x20 D:/ALBStudio_20260416_V1.0/ALBStudio/toolchain/gcc/bin/../lib/gcc/riscv64-unknown-elf/14.2.1/rv32imafc_zaamo_zalrsc_zba_zbb_zbs_xxldsp/ilp32f\libgcc.a(ledf2.o)
 .debug_aranges
                0x000007c8       0x20 D:/ALBStudio_20260416_V1.0/ALBStudio/toolchain/gcc/bin/../lib/gcc/riscv64-unknown-elf/14.2.1/rv32imafc_zaamo_zalrsc_zba_zbb_zbs_xxldsp/ilp32f\libgcc.a(muldf3.o)
 .debug_aranges
                0x000007e8       0x20 D:/ALBStudio_20260416_V1.0/ALBStudio/toolchain/gcc/bin/../lib/gcc/riscv64-unknown-elf/14.2.1/rv32imafc_zaamo_zalrsc_zba_zbb_zbs_xxldsp/ilp32f\libgcc.a(subdf3.o)
 .debug_aranges
                0x00000808       0x20 D:/ALBStudio_20260416_V1.0/ALBStudio/toolchain/gcc/bin/../lib/gcc/riscv64-unknown-elf/14.2.1/rv32imafc_zaamo_zalrsc_zba_zbb_zbs_xxldsp/ilp32f\libgcc.a(unorddf2.o)
 .debug_aranges
                0x00000828       0x20 D:/ALBStudio_20260416_V1.0/ALBStudio/toolchain/gcc/bin/../lib/gcc/riscv64-unknown-elf/14.2.1/rv32imafc_zaamo_zalrsc_zba_zbb_zbs_xxldsp/ilp32f\libgcc.a(fixdfsi.o)
 .debug_aranges
                0x00000848       0x20 D:/ALBStudio_20260416_V1.0/ALBStudio/toolchain/gcc/bin/../lib/gcc/riscv64-unknown-elf/14.2.1/rv32imafc_zaamo_zalrsc_zba_zbb_zbs_xxldsp/ilp32f\libgcc.a(fixunsdfsi.o)
 .debug_aranges
                0x00000868       0x20 D:/ALBStudio_20260416_V1.0/ALBStudio/toolchain/gcc/bin/../lib/gcc/riscv64-unknown-elf/14.2.1/rv32imafc_zaamo_zalrsc_zba_zbb_zbs_xxldsp/ilp32f\libgcc.a(floatsidf.o)
 .debug_aranges
                0x00000888       0x20 D:/ALBStudio_20260416_V1.0/ALBStudio/toolchain/gcc/bin/../lib/gcc/riscv64-unknown-elf/14.2.1/rv32imafc_zaamo_zalrsc_zba_zbb_zbs_xxldsp/ilp32f\libgcc.a(floatunsidf.o)
 .debug_aranges
                0x000008a8       0x20 D:/ALBStudio_20260416_V1.0/ALBStudio/toolchain/gcc/bin/../lib/gcc/riscv64-unknown-elf/14.2.1/rv32imafc_zaamo_zalrsc_zba_zbb_zbs_xxldsp/ilp32f\libgcc.a(fixdfdi.o)
 .debug_aranges
                0x000008c8       0x20 D:/ALBStudio_20260416_V1.0/ALBStudio/toolchain/gcc/bin/../lib/gcc/riscv64-unknown-elf/14.2.1/rv32imafc_zaamo_zalrsc_zba_zbb_zbs_xxldsp/ilp32f\libgcc.a(floatdidf.o)
 .debug_aranges
                0x000008e8       0x20 D:/ALBStudio_20260416_V1.0/ALBStudio/toolchain/gcc/bin/../lib/gcc/riscv64-unknown-elf/14.2.1/rv32imafc_zaamo_zalrsc_zba_zbb_zbs_xxldsp/ilp32f\libgcc.a(extenddftf2.o)
 .debug_aranges
                0x00000908       0x20 D:/ALBStudio_20260416_V1.0/ALBStudio/toolchain/gcc/bin/../lib/gcc/riscv64-unknown-elf/14.2.1/rv32imafc_zaamo_zalrsc_zba_zbb_zbs_xxldsp/ilp32f\libgcc.a(truncdfsf2.o)
 .debug_aranges
                0x00000928       0x20 D:/ALBStudio_20260416_V1.0/ALBStudio/toolchain/gcc/bin/../lib/gcc/riscv64-unknown-elf/14.2.1/rv32imafc_zaamo_zalrsc_zba_zbb_zbs_xxldsp/ilp32f\libgcc.a(trunctfdf2.o)
 .debug_aranges
                0x00000948       0x20 D:/ALBStudio_20260416_V1.0/ALBStudio/toolchain/gcc/bin/../lib/gcc/riscv64-unknown-elf/14.2.1/rv32imafc_zaamo_zalrsc_zba_zbb_zbs_xxldsp/ilp32f\libgcc.a(_lshrdi3.o)
 .debug_aranges
                0x00000968       0x20 D:/ALBStudio_20260416_V1.0/ALBStudio/toolchain/gcc/bin/../lib/gcc/riscv64-unknown-elf/14.2.1/rv32imafc_zaamo_zalrsc_zba_zbb_zbs_xxldsp/ilp32f\libgcc.a(_ashldi3.o)

.debug_ranges   0x00000000      0x698
 .debug_ranges  0x00000000       0xe0 ./src/xbat_ex02_ecapIN.o
 .debug_ranges  0x000000e0       0x20 ./Drivers/DriverLib/cpu/startup/intexc.o
 .debug_ranges  0x00000100       0x20 ./Drivers/DriverLib/cpu/startup/startup.o
 .debug_ranges  0x00000120      0x150 ./Drivers/DriverLib/cpu/system_cpu.o
 .debug_ranges  0x00000270      0x148 ./Drivers/DriverLib/eflashc.o
 .debug_ranges  0x000003b8       0x30 ./Drivers/DriverLib/gpio.o
 .debug_ranges  0x000003e8       0x78 ./Drivers/DriverLib/rcc.o
 .debug_ranges  0x00000460       0x68 ./Drivers/DriverLib/sci.o
 .debug_ranges  0x000004c8       0xf0 ./Drivers/Common/stubs.o
 .debug_ranges  0x000005b8       0xe0 ./Boards/alb32r003x_evb/alb32r003x_evb.o

.debug_line     0x00000000     0xfce0
 .debug_line    0x00000000      0xb73 ./src/xbat_ex02_ecapIN.o
 .debug_line    0x00000b73       0xf4 ./Drivers/DriverLib/cpu/startup/intexc.o
 .debug_line    0x00000c67      0x1fd ./Drivers/DriverLib/cpu/startup/startup.o
 .debug_line    0x00000e64     0x14cf ./Drivers/DriverLib/cpu/system_cpu.o
 .debug_line    0x00002333     0x15c9 ./Drivers/DriverLib/eflashc.o
 .debug_line    0x000038fc      0x3c9 ./Drivers/DriverLib/gpio.o
 .debug_line    0x00003cc5      0x56e ./Drivers/DriverLib/rcc.o
 .debug_line    0x00004233      0x89c ./Drivers/DriverLib/sci.o
 .debug_line    0x00004acf      0xbac ./Drivers/Common/stubs.o
 .debug_line    0x0000567b      0xc00 ./Boards/alb32r003x_evb/alb32r003x_evb.o
 .debug_line    0x0000627b     0x1b33 D:/ALBStudio_20260416_V1.0/ALBStudio/toolchain/gcc/bin/../lib/gcc/riscv64-unknown-elf/14.2.1/rv32imafc_zaamo_zalrsc_zba_zbb_zbs_xxldsp/ilp32f\libgcc.a(adddf3.o)
 .debug_line    0x00007dae     0x14c4 D:/ALBStudio_20260416_V1.0/ALBStudio/toolchain/gcc/bin/../lib/gcc/riscv64-unknown-elf/14.2.1/rv32imafc_zaamo_zalrsc_zba_zbb_zbs_xxldsp/ilp32f\libgcc.a(divdf3.o)
 .debug_line    0x00009272      0x32b D:/ALBStudio_20260416_V1.0/ALBStudio/toolchain/gcc/bin/../lib/gcc/riscv64-unknown-elf/14.2.1/rv32imafc_zaamo_zalrsc_zba_zbb_zbs_xxldsp/ilp32f\libgcc.a(eqdf2.o)
 .debug_line    0x0000959d      0x360 D:/ALBStudio_20260416_V1.0/ALBStudio/toolchain/gcc/bin/../lib/gcc/riscv64-unknown-elf/14.2.1/rv32imafc_zaamo_zalrsc_zba_zbb_zbs_xxldsp/ilp32f\libgcc.a(gedf2.o)
 .debug_line    0x000098fd      0x360 D:/ALBStudio_20260416_V1.0/ALBStudio/toolchain/gcc/bin/../lib/gcc/riscv64-unknown-elf/14.2.1/rv32imafc_zaamo_zalrsc_zba_zbb_zbs_xxldsp/ilp32f\libgcc.a(ledf2.o)
 .debug_line    0x00009c5d     0x1273 D:/ALBStudio_20260416_V1.0/ALBStudio/toolchain/gcc/bin/../lib/gcc/riscv64-unknown-elf/14.2.1/rv32imafc_zaamo_zalrsc_zba_zbb_zbs_xxldsp/ilp32f\libgcc.a(muldf3.o)
 .debug_line    0x0000aed0     0x1bd9 D:/ALBStudio_20260416_V1.0/ALBStudio/toolchain/gcc/bin/../lib/gcc/riscv64-unknown-elf/14.2.1/rv32imafc_zaamo_zalrsc_zba_zbb_zbs_xxldsp/ilp32f\libgcc.a(subdf3.o)
 .debug_line    0x0000caa9      0x275 D:/ALBStudio_20260416_V1.0/ALBStudio/toolchain/gcc/bin/../lib/gcc/riscv64-unknown-elf/14.2.1/rv32imafc_zaamo_zalrsc_zba_zbb_zbs_xxldsp/ilp32f\libgcc.a(unorddf2.o)
 .debug_line    0x0000cd1e      0x319 D:/ALBStudio_20260416_V1.0/ALBStudio/toolchain/gcc/bin/../lib/gcc/riscv64-unknown-elf/14.2.1/rv32imafc_zaamo_zalrsc_zba_zbb_zbs_xxldsp/ilp32f\libgcc.a(fixdfsi.o)
 .debug_line    0x0000d037      0x2d5 D:/ALBStudio_20260416_V1.0/ALBStudio/toolchain/gcc/bin/../lib/gcc/riscv64-unknown-elf/14.2.1/rv32imafc_zaamo_zalrsc_zba_zbb_zbs_xxldsp/ilp32f\libgcc.a(fixunsdfsi.o)
 .debug_line    0x0000d30c      0x1fb D:/ALBStudio_20260416_V1.0/ALBStudio/toolchain/gcc/bin/../lib/gcc/riscv64-unknown-elf/14.2.1/rv32imafc_zaamo_zalrsc_zba_zbb_zbs_xxldsp/ilp32f\libgcc.a(floatsidf.o)
 .debug_line    0x0000d507      0x1f9 D:/ALBStudio_20260416_V1.0/ALBStudio/toolchain/gcc/bin/../lib/gcc/riscv64-unknown-elf/14.2.1/rv32imafc_zaamo_zalrsc_zba_zbb_zbs_xxldsp/ilp32f\libgcc.a(floatunsidf.o)
 .debug_line    0x0000d700      0x3a9 D:/ALBStudio_20260416_V1.0/ALBStudio/toolchain/gcc/bin/../lib/gcc/riscv64-unknown-elf/14.2.1/rv32imafc_zaamo_zalrsc_zba_zbb_zbs_xxldsp/ilp32f\libgcc.a(fixdfdi.o)
 .debug_line    0x0000daa9      0x552 D:/ALBStudio_20260416_V1.0/ALBStudio/toolchain/gcc/bin/../lib/gcc/riscv64-unknown-elf/14.2.1/rv32imafc_zaamo_zalrsc_zba_zbb_zbs_xxldsp/ilp32f\libgcc.a(floatdidf.o)
 .debug_line    0x0000dffb      0x5fd D:/ALBStudio_20260416_V1.0/ALBStudio/toolchain/gcc/bin/../lib/gcc/riscv64-unknown-elf/14.2.1/rv32imafc_zaamo_zalrsc_zba_zbb_zbs_xxldsp/ilp32f\libgcc.a(extenddftf2.o)
 .debug_line    0x0000e5f8      0x835 D:/ALBStudio_20260416_V1.0/ALBStudio/toolchain/gcc/bin/../lib/gcc/riscv64-unknown-elf/14.2.1/rv32imafc_zaamo_zalrsc_zba_zbb_zbs_xxldsp/ilp32f\libgcc.a(truncdfsf2.o)
 .debug_line    0x0000ee2d      0xca5 D:/ALBStudio_20260416_V1.0/ALBStudio/toolchain/gcc/bin/../lib/gcc/riscv64-unknown-elf/14.2.1/rv32imafc_zaamo_zalrsc_zba_zbb_zbs_xxldsp/ilp32f\libgcc.a(trunctfdf2.o)
 .debug_line    0x0000fad2      0x107 D:/ALBStudio_20260416_V1.0/ALBStudio/toolchain/gcc/bin/../lib/gcc/riscv64-unknown-elf/14.2.1/rv32imafc_zaamo_zalrsc_zba_zbb_zbs_xxldsp/ilp32f\libgcc.a(_lshrdi3.o)
 .debug_line    0x0000fbd9      0x107 D:/ALBStudio_20260416_V1.0/ALBStudio/toolchain/gcc/bin/../lib/gcc/riscv64-unknown-elf/14.2.1/rv32imafc_zaamo_zalrsc_zba_zbb_zbs_xxldsp/ilp32f\libgcc.a(_ashldi3.o)

.debug_str      0x00000000     0x514c
 .debug_str     0x00000000     0x514c ./src/xbat_ex02_ecapIN.o
                               0x1aff (size before relaxing)
 .debug_str     0x0000514c      0x104 ./Drivers/DriverLib/cpu/startup/intexc.o
 .debug_str     0x0000514c      0x125 ./Drivers/DriverLib/cpu/startup/startup.o
 .debug_str     0x0000514c     0x1da3 ./Drivers/DriverLib/cpu/system_cpu.o
 .debug_str     0x0000514c      0x6bb ./Drivers/DriverLib/eflashc.o
 .debug_str     0x0000514c      0x470 ./Drivers/DriverLib/gpio.o
 .debug_str     0x0000514c      0x6cb ./Drivers/DriverLib/rcc.o
 .debug_str     0x0000514c      0x4f5 ./Drivers/DriverLib/sci.o
 .debug_str     0x0000514c      0x730 ./Drivers/Common/stubs.o
 .debug_str     0x0000514c     0x12e2 ./Boards/alb32r003x_evb/alb32r003x_evb.o
 .debug_str     0x0000514c      0x2d5 D:/ALBStudio_20260416_V1.0/ALBStudio/toolchain/gcc/bin/../lib/gcc/riscv64-unknown-elf/14.2.1/rv32imafc_zaamo_zalrsc_zba_zbb_zbs_xxldsp/ilp32f\libgcc.a(adddf3.o)
 .debug_str     0x0000514c      0x397 D:/ALBStudio_20260416_V1.0/ALBStudio/toolchain/gcc/bin/../lib/gcc/riscv64-unknown-elf/14.2.1/rv32imafc_zaamo_zalrsc_zba_zbb_zbs_xxldsp/ilp32f\libgcc.a(divdf3.o)
 .debug_str     0x0000514c      0x1f0 D:/ALBStudio_20260416_V1.0/ALBStudio/toolchain/gcc/bin/../lib/gcc/riscv64-unknown-elf/14.2.1/rv32imafc_zaamo_zalrsc_zba_zbb_zbs_xxldsp/ilp32f\libgcc.a(eqdf2.o)
 .debug_str     0x0000514c      0x214 D:/ALBStudio_20260416_V1.0/ALBStudio/toolchain/gcc/bin/../lib/gcc/riscv64-unknown-elf/14.2.1/rv32imafc_zaamo_zalrsc_zba_zbb_zbs_xxldsp/ilp32f\libgcc.a(gedf2.o)
 .debug_str     0x0000514c      0x214 D:/ALBStudio_20260416_V1.0/ALBStudio/toolchain/gcc/bin/../lib/gcc/riscv64-unknown-elf/14.2.1/rv32imafc_zaamo_zalrsc_zba_zbb_zbs_xxldsp/ilp32f\libgcc.a(ledf2.o)
 .debug_str     0x0000514c      0x3ef D:/ALBStudio_20260416_V1.0/ALBStudio/toolchain/gcc/bin/../lib/gcc/riscv64-unknown-elf/14.2.1/rv32imafc_zaamo_zalrsc_zba_zbb_zbs_xxldsp/ilp32f\libgcc.a(muldf3.o)
 .debug_str     0x0000514c      0x2d5 D:/ALBStudio_20260416_V1.0/ALBStudio/toolchain/gcc/bin/../lib/gcc/riscv64-unknown-elf/14.2.1/rv32imafc_zaamo_zalrsc_zba_zbb_zbs_xxldsp/ilp32f\libgcc.a(subdf3.o)
 .debug_str     0x0000514c      0x1f3 D:/ALBStudio_20260416_V1.0/ALBStudio/toolchain/gcc/bin/../lib/gcc/riscv64-unknown-elf/14.2.1/rv32imafc_zaamo_zalrsc_zba_zbb_zbs_xxldsp/ilp32f\libgcc.a(unorddf2.o)
 .debug_str     0x0000514c      0x1eb D:/ALBStudio_20260416_V1.0/ALBStudio/toolchain/gcc/bin/../lib/gcc/riscv64-unknown-elf/14.2.1/rv32imafc_zaamo_zalrsc_zba_zbb_zbs_xxldsp/ilp32f\libgcc.a(fixdfsi.o)
 .debug_str     0x0000514c      0x1e7 D:/ALBStudio_20260416_V1.0/ALBStudio/toolchain/gcc/bin/../lib/gcc/riscv64-unknown-elf/14.2.1/rv32imafc_zaamo_zalrsc_zba_zbb_zbs_xxldsp/ilp32f\libgcc.a(fixunsdfsi.o)
 .debug_str     0x0000514c      0x27f D:/ALBStudio_20260416_V1.0/ALBStudio/toolchain/gcc/bin/../lib/gcc/riscv64-unknown-elf/14.2.1/rv32imafc_zaamo_zalrsc_zba_zbb_zbs_xxldsp/ilp32f\libgcc.a(floatsidf.o)
 .debug_str     0x0000514c      0x27a D:/ALBStudio_20260416_V1.0/ALBStudio/toolchain/gcc/bin/../lib/gcc/riscv64-unknown-elf/14.2.1/rv32imafc_zaamo_zalrsc_zba_zbb_zbs_xxldsp/ilp32f\libgcc.a(floatunsidf.o)
 .debug_str     0x0000514c      0x1f5 D:/ALBStudio_20260416_V1.0/ALBStudio/toolchain/gcc/bin/../lib/gcc/riscv64-unknown-elf/14.2.1/rv32imafc_zaamo_zalrsc_zba_zbb_zbs_xxldsp/ilp32f\libgcc.a(fixdfdi.o)
 .debug_str     0x0000514c      0x29d D:/ALBStudio_20260416_V1.0/ALBStudio/toolchain/gcc/bin/../lib/gcc/riscv64-unknown-elf/14.2.1/rv32imafc_zaamo_zalrsc_zba_zbb_zbs_xxldsp/ilp32f\libgcc.a(floatdidf.o)
 .debug_str     0x0000514c      0x263 D:/ALBStudio_20260416_V1.0/ALBStudio/toolchain/gcc/bin/../lib/gcc/riscv64-unknown-elf/14.2.1/rv32imafc_zaamo_zalrsc_zba_zbb_zbs_xxldsp/ilp32f\libgcc.a(extenddftf2.o)
 .debug_str     0x0000514c      0x26a D:/ALBStudio_20260416_V1.0/ALBStudio/toolchain/gcc/bin/../lib/gcc/riscv64-unknown-elf/14.2.1/rv32imafc_zaamo_zalrsc_zba_zbb_zbs_xxldsp/ilp32f\libgcc.a(truncdfsf2.o)
 .debug_str     0x0000514c      0x39b D:/ALBStudio_20260416_V1.0/ALBStudio/toolchain/gcc/bin/../lib/gcc/riscv64-unknown-elf/14.2.1/rv32imafc_zaamo_zalrsc_zba_zbb_zbs_xxldsp/ilp32f\libgcc.a(trunctfdf2.o)
 .debug_str     0x0000514c      0x22e D:/ALBStudio_20260416_V1.0/ALBStudio/toolchain/gcc/bin/../lib/gcc/riscv64-unknown-elf/14.2.1/rv32imafc_zaamo_zalrsc_zba_zbb_zbs_xxldsp/ilp32f\libgcc.a(_lshrdi3.o)
 .debug_str     0x0000514c      0x22e D:/ALBStudio_20260416_V1.0/ALBStudio/toolchain/gcc/bin/../lib/gcc/riscv64-unknown-elf/14.2.1/rv32imafc_zaamo_zalrsc_zba_zbb_zbs_xxldsp/ilp32f\libgcc.a(_ashldi3.o)

.comment        0x00000000       0x19
 .comment       0x00000000       0x19 ./src/xbat_ex02_ecapIN.o
                                 0x1a (size before relaxing)
 .comment       0x00000019       0x1a ./Drivers/DriverLib/cpu/system_cpu.o
 .comment       0x00000019       0x1a ./Drivers/DriverLib/eflashc.o
 .comment       0x00000019       0x1a ./Drivers/DriverLib/gpio.o
 .comment       0x00000019       0x1a ./Drivers/DriverLib/rcc.o
 .comment       0x00000019       0x1a ./Drivers/DriverLib/sci.o
 .comment       0x00000019       0x1a ./Drivers/Common/stubs.o
 .comment       0x00000019       0x1a ./Boards/alb32r003x_evb/alb32r003x_evb.o
 .comment       0x00000019       0x1a D:/ALBStudio_20260416_V1.0/ALBStudio/toolchain/gcc/bin/../lib/gcc/riscv64-unknown-elf/14.2.1/../../../../riscv64-unknown-elf/lib/rv32imafc_zaamo_zalrsc_zba_zbb_zbs_xxldsp/ilp32f\libc_nano.a(libc_a-nano-vfprintf_float.o)
 .comment       0x00000019       0x1a D:/ALBStudio_20260416_V1.0/ALBStudio/toolchain/gcc/bin/../lib/gcc/riscv64-unknown-elf/14.2.1/../../../../riscv64-unknown-elf/lib/rv32imafc_zaamo_zalrsc_zba_zbb_zbs_xxldsp/ilp32f\libc_nano.a(libc_a-nano-vfprintf_i.o)