Archive member included to satisfy reference by file (symbol)

D:/Programs/ALBStudio_20260331_V1.0/ALBStudio/toolchain/gcc/bin/../lib/gcc/riscv64-unknown-elf/14.2.1/../../../../riscv64-unknown-elf/lib/rv32imafc_zaamo_zalrsc_zba_zbb_zbs_xxldsp/ilp32f\libc_nano.a(libc_a-nano-vfprintf_float.o)
                              (_printf_float)
D:/Programs/ALBStudio_20260331_V1.0/ALBStudio/toolchain/gcc/bin/../lib/gcc/riscv64-unknown-elf/14.2.1/../../../../riscv64-unknown-elf/lib/rv32imafc_zaamo_zalrsc_zba_zbb_zbs_xxldsp/ilp32f\libc_nano.a(libc_a-nano-vfprintf_i.o)
                              D:/Programs/ALBStudio_20260331_V1.0/ALBStudio/toolchain/gcc/bin/../lib/gcc/riscv64-unknown-elf/14.2.1/../../../../riscv64-unknown-elf/lib/rv32imafc_zaamo_zalrsc_zba_zbb_zbs_xxldsp/ilp32f\libc_nano.a(libc_a-nano-vfprintf_float.o) (_printf_common)
D:/Programs/ALBStudio_20260331_V1.0/ALBStudio/toolchain/gcc/bin/../lib/gcc/riscv64-unknown-elf/14.2.1/../../../../riscv64-unknown-elf/lib/rv32imafc_zaamo_zalrsc_zba_zbb_zbs_xxldsp/ilp32f\libc_nano.a(libc_a-nano-vfscanf_float.o)
                              (_scanf_float)
D:/Programs/ALBStudio_20260331_V1.0/ALBStudio/toolchain/gcc/bin/../lib/gcc/riscv64-unknown-elf/14.2.1/../../../../riscv64-unknown-elf/lib/rv32imafc_zaamo_zalrsc_zba_zbb_zbs_xxldsp/ilp32f\libc_nano.a(libc_a-printf.o)
                              ./src/eeprom.o (printf)
D:/Programs/ALBStudio_20260331_V1.0/ALBStudio/toolchain/gcc/bin/../lib/gcc/riscv64-unknown-elf/14.2.1/../../../../riscv64-unknown-elf/lib/rv32imafc_zaamo_zalrsc_zba_zbb_zbs_xxldsp/ilp32f\libc_nano.a(libc_a-puts.o)
                              ./src/i2c2_eeprom_polling.o (puts)
D:/Programs/ALBStudio_20260331_V1.0/ALBStudio/toolchain/gcc/bin/../lib/gcc/riscv64-unknown-elf/14.2.1/../../../../riscv64-unknown-elf/lib/rv32imafc_zaamo_zalrsc_zba_zbb_zbs_xxldsp/ilp32f\libc_nano.a(libc_a-sprintf.o)
                              D:/Programs/ALBStudio_20260331_V1.0/ALBStudio/toolchain/gcc/bin/../lib/gcc/riscv64-unknown-elf/14.2.1/../../../../riscv64-unknown-elf/lib/rv32imafc_zaamo_zalrsc_zba_zbb_zbs_xxldsp/ilp32f\libc_nano.a(libc_a-nano-vfscanf_float.o) (sprintf)
D:/Programs/ALBStudio_20260331_V1.0/ALBStudio/toolchain/gcc/bin/../lib/gcc/riscv64-unknown-elf/14.2.1/../../../../riscv64-unknown-elf/lib/rv32imafc_zaamo_zalrsc_zba_zbb_zbs_xxldsp/ilp32f\libc_nano.a(libc_a-wbuf.o)
                              D:/Programs/ALBStudio_20260331_V1.0/ALBStudio/toolchain/gcc/bin/../lib/gcc/riscv64-unknown-elf/14.2.1/../../../../riscv64-unknown-elf/lib/rv32imafc_zaamo_zalrsc_zba_zbb_zbs_xxldsp/ilp32f\libc_nano.a(libc_a-puts.o) (__swbuf_r)
D:/Programs/ALBStudio_20260331_V1.0/ALBStudio/toolchain/gcc/bin/../lib/gcc/riscv64-unknown-elf/14.2.1/../../../../riscv64-unknown-elf/lib/rv32imafc_zaamo_zalrsc_zba_zbb_zbs_xxldsp/ilp32f\libc_nano.a(libc_a-wsetup.o)
                              D:/Programs/ALBStudio_20260331_V1.0/ALBStudio/toolchain/gcc/bin/../lib/gcc/riscv64-unknown-elf/14.2.1/../../../../riscv64-unknown-elf/lib/rv32imafc_zaamo_zalrsc_zba_zbb_zbs_xxldsp/ilp32f\libc_nano.a(libc_a-puts.o) (__swsetup_r)
D:/Programs/ALBStudio_20260331_V1.0/ALBStudio/toolchain/gcc/bin/../lib/gcc/riscv64-unknown-elf/14.2.1/../../../../riscv64-unknown-elf/lib/rv32imafc_zaamo_zalrsc_zba_zbb_zbs_xxldsp/ilp32f\libc_nano.a(libc_a-memchr.o)
                              D:/Programs/ALBStudio_20260331_V1.0/ALBStudio/toolchain/gcc/bin/../lib/gcc/riscv64-unknown-elf/14.2.1/../../../../riscv64-unknown-elf/lib/rv32imafc_zaamo_zalrsc_zba_zbb_zbs_xxldsp/ilp32f\libc_nano.a(libc_a-nano-vfprintf_i.o) (memchr)
D:/Programs/ALBStudio_20260331_V1.0/ALBStudio/toolchain/gcc/bin/../lib/gcc/riscv64-unknown-elf/14.2.1/../../../../riscv64-unknown-elf/lib/rv32imafc_zaamo_zalrsc_zba_zbb_zbs_xxldsp/ilp32f\libc_nano.a(libc_a-localeconv.o)
                              D:/Programs/ALBStudio_20260331_V1.0/ALBStudio/toolchain/gcc/bin/../lib/gcc/riscv64-unknown-elf/14.2.1/../../../../riscv64-unknown-elf/lib/rv32imafc_zaamo_zalrsc_zba_zbb_zbs_xxldsp/ilp32f\libc_nano.a(libc_a-nano-vfprintf_float.o) (_localeconv_r)
D:/Programs/ALBStudio_20260331_V1.0/ALBStudio/toolchain/gcc/bin/../lib/gcc/riscv64-unknown-elf/14.2.1/../../../../riscv64-unknown-elf/lib/rv32imafc_zaamo_zalrsc_zba_zbb_zbs_xxldsp/ilp32f\libc_nano.a(libc_a-impure.o)
                              D:/Programs/ALBStudio_20260331_V1.0/ALBStudio/toolchain/gcc/bin/../lib/gcc/riscv64-unknown-elf/14.2.1/../../../../riscv64-unknown-elf/lib/rv32imafc_zaamo_zalrsc_zba_zbb_zbs_xxldsp/ilp32f\libc_nano.a(libc_a-printf.o) (_impure_ptr)
D:/Programs/ALBStudio_20260331_V1.0/ALBStudio/toolchain/gcc/bin/../lib/gcc/riscv64-unknown-elf/14.2.1/../../../../riscv64-unknown-elf/lib/rv32imafc_zaamo_zalrsc_zba_zbb_zbs_xxldsp/ilp32f\libc_nano.a(libc_a-init.o)
                              ./Drivers/DriverLib/cpu/startup/startup.o (__libc_init_array)
[...]
Memory Configuration

Name             Origin             Length             Attributes
rom              0x18010000         0x00030000         axr!w
ram              0x18040000         0x00010000         axw!r
*default*        0x00000000         0xffffffff

Linker script and memory map

LOAD ./src/eeprom.o
LOAD ./src/i2c2_eeprom_polling.o
LOAD ./scTest_drivers/alb32r003x_screenTest.o
LOAD ./Drivers/DriverLib/cpu/startup/intexc.o
LOAD ./Drivers/DriverLib/cpu/startup/intexc_s.o
LOAD ./Drivers/DriverLib/cpu/startup/startup.o
LOAD ./Drivers/DriverLib/cpu/cpu_common.o
LOAD ./Drivers/DriverLib/cpu/system_cpu.o
LOAD ./Drivers/DriverLib/adc.o
LOAD ./Drivers/DriverLib/aes.o
LOAD ./Drivers/DriverLib/can.o
LOAD ./Drivers/DriverLib/clb.o
LOAD ./Drivers/DriverLib/cmpss.o
LOAD ./Drivers/DriverLib/dac.o
LOAD ./Drivers/DriverLib/dma.o
LOAD ./Drivers/DriverLib/ecap.o
LOAD ./Drivers/DriverLib/eflashc.o
LOAD ./Drivers/DriverLib/epwm.o
LOAD ./Drivers/DriverLib/eqep.o
LOAD ./Drivers/DriverLib/gpio.o
LOAD ./Drivers/DriverLib/hrpwm.o
LOAD ./Drivers/DriverLib/i2c.o
LOAD ./Drivers/DriverLib/interrupt.o
LOAD ./Drivers/DriverLib/lcm.o
LOAD ./Drivers/DriverLib/lpm.o
LOAD ./Drivers/DriverLib/qspi.o
LOAD ./Drivers/DriverLib/rcc.o
LOAD ./Drivers/DriverLib/sci.o
LOAD ./Drivers/DriverLib/sdfm.o
LOAD ./Drivers/DriverLib/spi.o
LOAD ./Drivers/DriverLib/spl.o
LOAD ./Drivers/DriverLib/sysctl.o
LOAD ./Drivers/DriverLib/timer.o
LOAD ./Drivers/DriverLib/usart.o
LOAD ./Drivers/DriverLib/wdt.o
LOAD ./Drivers/DriverLib/wwdg.o
LOAD ./Drivers/DriverLib/xbar.o
LOAD ./Drivers/Common/stubs.o
LOAD ./Boards/alb32r003x_evb/alb32r003x_evb.o
START GROUP
LOAD D:/Programs/ALBStudio_20260331_V1.0/ALBStudio/toolchain/gcc/bin/../lib/gcc/riscv64-unknown-elf/14.2.1/../../../../riscv64-unknown-elf/lib/rv32imafc_zaamo_zalrsc_zba_zbb_zbs_xxldsp/ilp32f\libstdc++.a
LOAD D:/Programs/ALBStudio_20260331_V1.0/ALBStudio/toolchain/gcc/bin/../lib/gcc/riscv64-unknown-elf/14.2.1/../../../../riscv64-unknown-elf/lib/rv32imafc_zaamo_zalrsc_zba_zbb_zbs_xxldsp/ilp32f\libc_nano.a
LOAD D:/Programs/ALBStudio_20260331_V1.0/ALBStudio/toolchain/gcc/bin/../lib/gcc/riscv64-unknown-elf/14.2.1/rv32imafc_zaamo_zalrsc_zba_zbb_zbs_xxldsp/ilp32f\libgcc.a
END GROUP
                0x00000001                        SRAM_MEMORY_PRESENT = 0x1
                0x18010000                        SRAM_MEMORY_BASE = 0x18010000
                0x00040000                        SRAM_MEMORY_SIZE = 0x40000
                0x00030000                        SRAM_MEMORY_ROM_SIZE = 0x30000
                0x00000800                        PROVIDE (__STACK_SIZE = 0x800)
                0x00000800                        PROVIDE (__HEAP_SIZE = 0x800)
                0x00000001                        PROVIDE (__SMP_CPU_CNT = 0x1)
                0x00000800                        __TOT_STACK_SIZE = (__STACK_SIZE * __SMP_CPU_CNT)

.init           0x18010000      0x5c0
 *(.text.vtable)
 .text.vtable   0x18010000      0x44c ./Drivers/DriverLib/cpu/startup/startup.o
                0x18010000                vector_base
 *(.text.vtable_s)
 *(.text.init)
 *fill*         0x1801044c       0x34 
 .text.init     0x18010480      0x12e ./Drivers/DriverLib/cpu/startup/startup.o
                0x18010480                _start
                0x18010554                _start_premain
                0x18010580                early_exc_entry
 *(SORT_NONE(.init))
 .init          0x180105ae       0x12 ./Drivers/DriverLib/cpu/system_cpu.o
                0x180105ae                __sync_harts
                0x180105c0                        . = ALIGN (0x4)
 *fill*         0x180105c0        0x0 

.text           0x180105c0     0xa300
 *(.text.unlikely .text.unlikely.*)
 *(.text.startup .text.startup.*)
                0x180105c0                        . = ALIGN (0x8)
                [!provide]                        PROVIDE (__jvt_base$ = .)
 *(.text.tbljal .text.tbljal.*)
 *(.text .text.*)
 .text.I2C_getReceiveFIFOLevel
                0x180105c0       0x20 ./src/eeprom.o
 .text.I2C_sendCmdWriteAndStop
                0x180105e0       0x2c ./src/eeprom.o
 .text.I2C_sendCmdRestartAndRead
                0x1801060c       0x24 ./src/eeprom.o
 .text.I2C_sendCmdReadAndStop
                0x18010630       0x24 ./src/eeprom.o
 .text.I2C_sendCmdRead
                0x18010654       0x24 ./src/eeprom.o
 .text.I2C_getData
                0x18010678       0x34 ./src/eeprom.o
 .text.I2C_putData
                0x180106ac       0x2c ./src/eeprom.o
 .text.I2C_getIcMode
                0x180106d8       0x20 ./src/eeprom.o
 .text.I2C_getInterruptRawStatus
                0x180106f8       0x20 ./src/eeprom.o
 .text.I2C_pollTxEmpty
                0x18010718       0x44 ./src/eeprom.o
 .text.I2C_pollRxFull
                0x1801075c       0x44 ./src/eeprom.o
 .text.eeprom_DataAddrWrite
                0x180107a0       0xa8 ./src/eeprom.o
                0x180107a0                eeprom_DataAddrWrite
 .text.eeprom_WriteData
                0x18010848       0xd8 ./src/eeprom.o
                0x18010848                eeprom_WriteData
 .text.eeprom_ReadData
                0x18010920       0xc8 ./src/eeprom.o
                0x18010920                eeprom_ReadData
 .text.eeprom_init
                0x180109e8       0x1e ./src/eeprom.o
                0x180109e8                eeprom_init
 .text.I2C_enableModule
                0x18010a06       0x2e ./src/i2c2_eeprom_polling.o
 .text.I2C_disableModule
                0x18010a34       0x2c ./src/i2c2_eeprom_polling.o
 .text.I2C_setConfig
                0x18010a60       0x24 ./src/i2c2_eeprom_polling.o
 .text.I2C_enableInterrupt
                0x18010a84       0x36 ./src/i2c2_eeprom_polling.o
 .text.I2C_disableInterrupt
                0x18010aba       0x38 ./src/i2c2_eeprom_polling.o
 .text.I2C_getInterruptStatus
                0x18010af2       0x20 ./src/i2c2_eeprom_polling.o
 .text.I2C_clearAllInterruptStatus
                0x18010b12       0x20 ./src/i2c2_eeprom_polling.o
 .text.I2C_clearInterruptRxUnder
                0x18010b32       0x20 ./src/i2c2_eeprom_polling.o
 .text.I2C_clearInterruptRxOver
                0x18010b52       0x20 ./src/i2c2_eeprom_polling.o
 .text.I2C_clearInterruptTxOver
                0x18010b72       0x20 ./src/i2c2_eeprom_polling.o
 .text.I2C_clearInterruptTxAbrt
                0x18010b92       0x20 ./src/i2c2_eeprom_polling.o
 .text.I2C_getIcTxAbrtSource
                0x18010bb2       0x20 ./src/i2c2_eeprom_polling.o
 .text.SysCtl_enablePeripheral
                0x18010bd2       0x7c ./src/i2c2_eeprom_polling.o
 .text.SysCtl_setGPIOxPullEnable
                0x18010c4e       0xb6 ./src/i2c2_eeprom_polling.o
 .text.SysCtl_setGPIOxPullSel
                0x18010d04       0xb6 ./src/i2c2_eeprom_polling.o
 .text.i2c_err_irq_check
                0x18010dba       0xa8 ./src/i2c2_eeprom_polling.o
                0x18010dba                i2c_err_irq_check
 .text.I2CX_INTR_IRQHandler
                0x18010e62       0x34 ./src/i2c2_eeprom_polling.o
                0x18010e62                I2CX_INTR_IRQHandler
 .text.I2C_GPIO_init
                0x18010e96       0x5a ./src/i2c2_eeprom_polling.o
                0x18010e96                I2C_GPIO_init
 .text.I2Cinit  0x18010ef0      0x114 ./src/i2c2_eeprom_polling.o
                0x18010ef0                I2Cinit
 .text.i2c_eeprom_operate
                0x18011004       0xa8 ./src/i2c2_eeprom_polling.o
                0x18011004                i2c_eeprom_operate
 .text.verifyEEPROMRead
                0x180110ac       0x9a ./src/i2c2_eeprom_polling.o
                0x180110ac                verifyEEPROMRead
 .text.main     0x18011146       0x80 ./src/i2c2_eeprom_polling.o
                0x18011146                main
 *fill*         0x180111c6       0x3a 
 .text.trap     0x18011200       0x7c ./Drivers/DriverLib/cpu/startup/intexc.o
                0x18011200                exc_entry
 *fill*         0x1801127c        0x0 
 .text.irq      0x1801127c       0x76 ./Drivers/DriverLib/cpu/startup/intexc.o
                0x1801127c                irq_entry
                0x180112ee                default_intexc_handler
 .text.RCC_getAPBLPrescaler
                0x180112f2       0x8c ./Drivers/DriverLib/cpu/system_cpu.o
 .text.RCC_getAHBPrescaler
                0x1801137e       0x90 ./Drivers/DriverLib/cpu/system_cpu.o
 .text.SystemClock_Update
                0x1801140e       0x22 ./Drivers/DriverLib/cpu/system_cpu.o
                0x1801140e                SystemClock_Update
 .text.SystemClock_Get
                0x18011430       0x1a ./Drivers/DriverLib/cpu/system_cpu.o
                0x18011430                SystemClock_Get
 .text.SystemClock_Get_AHB
                0x1801144a       0x26 ./Drivers/DriverLib/cpu/system_cpu.o
                0x1801144a                SystemClock_Get_AHB
 .text.SystemClock_Get_APBL
                0x18011470       0x22 ./Drivers/DriverLib/cpu/system_cpu.o
                0x18011470                SystemClock_Get_APBL
 .text.delay_ms
                0x18011492      0x1be ./Drivers/DriverLib/cpu/system_cpu.o
                0x18011492                delay_ms
 .text.simulation_exit
                0x18011650       0x16 ./Drivers/DriverLib/cpu/system_cpu.o
                0x18011650                simulation_exit
 .text.SystemInit
                0x18011666       0x20 ./Drivers/DriverLib/cpu/system_cpu.o
                0x18011666                SystemInit
 .text.system_default_exception_handler
                0x18011686       0x86 ./Drivers/DriverLib/cpu/system_cpu.o
 .text.Exception_Init
                0x1801170c       0x50 ./Drivers/DriverLib/cpu/system_cpu.o
 .text.Exception_DumpFrame
                0x1801175c      0x106 ./Drivers/DriverLib/cpu/system_cpu.o
                0x1801175c                Exception_DumpFrame
 .text.core_exception_handler
                0x18011862       0x9e ./Drivers/DriverLib/cpu/system_cpu.o
                0x18011862                core_exception_handler
 .text.ECLIC_Interrupt_Init
                0x18011900       0xf8 ./Drivers/DriverLib/cpu/system_cpu.o
                0x18011900                ECLIC_Interrupt_Init
 .text.Interrupt_Init
                0x180119f8       0x28 ./Drivers/DriverLib/cpu/system_cpu.o
                0x180119f8                Interrupt_Init
 .text._premain_init
                0x18011a20       0xc4 ./Drivers/DriverLib/cpu/system_cpu.o
                0x18011a20                _premain_init
 .text._postmain_fini
                0x18011ae4       0x1c ./Drivers/DriverLib/cpu/system_cpu.o
                0x18011ae4                _postmain_fini
 .text._init    0x18011b00       0x12 ./Drivers/DriverLib/cpu/system_cpu.o
                0x18011b00                _init
 .text._fini    0x18011b12       0x12 ./Drivers/DriverLib/cpu/system_cpu.o
                0x18011b12                _fini
 .text.FLASH_setLatency
                0x18011b24       0x30 ./Drivers/DriverLib/eflashc.o
                0x18011b24                FLASH_setLatency
 .text.Flash_matchLatency
                0x18011b54       0xb4 ./Drivers/DriverLib/eflashc.o
                0x18011b54                Flash_matchLatency
 .text.GPIO_setPinConfig
                0x18011c08       0x84 ./Drivers/DriverLib/gpio.o
                0x18011c08                GPIO_setPinConfig
 .text.I2C_enableGeneralCall
                0x18011c8c       0x32 ./Drivers/DriverLib/i2c.o
 .text.I2C_getSpeedMode
                0x18011cbe       0x1e ./Drivers/DriverLib/i2c.o
 .text.I2C_setTargetAddress
                0x18011cdc       0x38 ./Drivers/DriverLib/i2c.o
                0x18011cdc                I2C_setTargetAddress
 .text.I2C_initController
                0x18011d14      0x12c ./Drivers/DriverLib/i2c.o
                0x18011d14                I2C_initController
 .text.Interrupt_enable
                0x18011e40       0x60 ./Drivers/DriverLib/interrupt.o
                0x18011e40                Interrupt_enable
 .text.Interrupt_setPriority
                0x18011ea0      0x290 ./Drivers/DriverLib/interrupt.o
                0x18011ea0                Interrupt_setPriority
 .text.Interrupt_register
                0x18012130      0x140 ./Drivers/DriverLib/interrupt.o
                0x18012130                Interrupt_register
 .text.RCC_enbalePLL
                0x18012270       0x22 ./Drivers/DriverLib/rcc.o
 .text.RCC_disbalePLL
                0x18012292       0x22 ./Drivers/DriverLib/rcc.o
 .text.RCC_enableHSE
                0x180122b4       0x22 ./Drivers/DriverLib/rcc.o
 .text.RCC_disableHSE
                0x180122d6       0x22 ./Drivers/DriverLib/rcc.o
 .text.RCC_enableHSI1
                0x180122f8       0x26 ./Drivers/DriverLib/rcc.o
 .text.RCC_selHSISource
                0x1801231e       0x44 ./Drivers/DriverLib/rcc.o
 .text.RCC_selOSCSource
                0x18012362       0x44 ./Drivers/DriverLib/rcc.o
 .text.RCC_setAPBLPrescaler
                0x180123a6       0x48 ./Drivers/DriverLib/rcc.o
 .text.RCC_setAPBHPrescaler
                0x180123ee       0x44 ./Drivers/DriverLib/rcc.o
 .text.RCC_setAHBPrescaler
                0x18012432       0x44 ./Drivers/DriverLib/rcc.o
 .text.RCC_setSystemClockSrc
                0x18012476       0x3e ./Drivers/DriverLib/rcc.o
 .text.RCC_setPLLPrescaler
                0x180124b4       0x48 ./Drivers/DriverLib/rcc.o
 .text.RCC_setPLLMultipler
                0x180124fc       0x4a ./Drivers/DriverLib/rcc.o
 .text.RCC_ClkConfig
                0x18012546       0x8a ./Drivers/DriverLib/rcc.o
                0x18012546                RCC_ClkConfig
 .text.SCI_getLineStatus
                0x180125d0       0x22 ./Drivers/DriverLib/sci.o
 .text.SCI_isFIFOEnabled
                0x180125f2       0x2e ./Drivers/DriverLib/sci.o
 .text.SCI_isDataAvailable
                0x18012620       0x2a ./Drivers/DriverLib/sci.o
 .text.SCI_isSpaceAvailableNonFIFO
                0x1801264a       0x2e ./Drivers/DriverLib/sci.o
 .text.UART_writeCharArray
                0x18012678       0xba ./Drivers/DriverLib/sci.o
                0x18012678                UART_writeCharArray
 .text.UART_readCharArray
                0x18012732       0xc2 ./Drivers/DriverLib/sci.o
                0x18012732                UART_readCharArray
 .text.SCI_setBaud
                0x180127f4       0x92 ./Drivers/DriverLib/sci.o
                0x180127f4                SCI_setBaud
 .text._write   0x18012886       0x68 ./Drivers/Common/stubs.o
                0x18012886                _write
 .text._read    0x180128ee       0x84 ./Drivers/Common/stubs.o
                0x180128ee                _read
 .text._sbrk    0x18012972       0x62 ./Drivers/Common/stubs.o
                0x18012972                _sbrk
 .text._isatty  0x180129d4       0x18 ./Drivers/Common/stubs.o
                0x180129d4                _isatty
 .text._fstat   0x180129ec       0x42 ./Drivers/Common/stubs.o
                0x180129ec                _fstat
 .text._lseek   0x18012a2e       0x20 ./Drivers/Common/stubs.o
                0x18012a2e                _lseek
 .text._getpid  0x18012a4e       0x14 ./Drivers/Common/stubs.o
                0x18012a4e                _getpid
 .text._close   0x18012a62       0x1e ./Drivers/Common/stubs.o
                0x18012a62                _close
 .text._kill    0x18012a80       0x22 ./Drivers/Common/stubs.o
                0x18012a80                _kill
 .text._exit    0x18012aa2       0x22 ./Drivers/Common/stubs.o
                0x18012aa2                _exit
 .text.SysCtl_setOBSource
                0x18012ac4       0x24 ./Boards/alb32r003x_evb/alb32r003x_evb.o
 .text.SCI_setFIFOInterruptLevel
                0x18012ae8       0x60 ./Boards/alb32r003x_evb/alb32r003x_evb.o
 .text.SCI_setInitConfig
                0x18012b48       0x5c ./Boards/alb32r003x_evb/alb32r003x_evb.o
 .text.SCI_enableFIFO
                0x18012ba4       0x2e ./Boards/alb32r003x_evb/alb32r003x_evb.o
 .text.evb_com_init
                0x18012bd2       0x5e ./Boards/alb32r003x_evb/alb32r003x_evb.o
                0x18012bd2                evb_com_init
 .text.BannerPrint
                0x18012c30       0x50 ./Boards/alb32r003x_evb/alb32r003x_evb.o
 .text.putchar  0x18012c80       0x2a ./Boards/alb32r003x_evb/alb32r003x_evb.o
                0x18012c80                putchar
 .text.getchar  0x18012caa       0x26 ./Boards/alb32r003x_evb/alb32r003x_evb.o
                0x18012caa                getchar
 .text.SystemClock_Set180MHz
                0x18012cd0       0x60 ./Boards/alb32r003x_evb/alb32r003x_evb.o
                0x18012cd0                SystemClock_Set180MHz
 .text.OptionBytes_init
                0x18012d30       0xe0 ./Boards/alb32r003x_evb/alb32r003x_evb.o
                0x18012d30                OptionBytes_init
 .text.alb32r003x_evb_init
                0x18012e10       0x20 ./Boards/alb32r003x_evb/alb32r003x_evb.o
                0x18012e10                alb32r003x_evb_init
 .text.__cvt    0x18012e30       0xfa D:/Programs/ALBStudio_20260331_V1.0/ALBStudio/toolchain/gcc/bin/../lib/gcc/riscv64-unknown-elf/14.2.1/../../../../riscv64-unknown-elf/lib/rv32imafc_zaamo_zalrsc_zba_zbb_zbs_xxldsp/ilp32f\libc_nano.a(libc_a-nano-vfprintf_float.o)
                0x18012e30                __cvt
 .text.__exponent
                0x18012f2a       0x9c D:/Programs/ALBStudio_20260331_V1.0/ALBStudio/toolchain/gcc/bin/../lib/gcc/riscv64-unknown-elf/14.2.1/../../../../riscv64-unknown-elf/lib/rv32imafc_zaamo_zalrsc_zba_zbb_zbs_xxldsp/ilp32f\libc_nano.a(libc_a-nano-vfprintf_float.o)
                0x18012f2a                __exponent
 .text._printf_float
                0x18012fc6      0x4b6 D:/Programs/ALBStudio_20260331_V1.0/ALBStudio/toolchain/gcc/bin/../lib/gcc/riscv64-unknown-elf/14.2.1/../../../../riscv64-unknown-elf/lib/rv32imafc_zaamo_zalrsc_zba_zbb_zbs_xxldsp/ilp32f\libc_nano.a(libc_a-nano-vfprintf_float.o)
                0x18012fc6                _printf_float
 .text._printf_common
                0x1801347c      0x108 D:/Programs/ALBStudio_20260331_V1.0/ALBStudio/toolchain/gcc/bin/../lib/gcc/riscv64-unknown-elf/14.2.1/../../../../riscv64-unknown-elf/lib/rv32imafc_zaamo_zalrsc_zba_zbb_zbs_xxldsp/ilp32f\libc_nano.a(libc_a-nano-vfprintf_i.o)
                0x1801347c                _printf_common
 .text._printf_i
                0x18013584      0x256 D:/Programs/ALBStudio_20260331_V1.0/ALBStudio/toolchain/gcc/bin/../lib/gcc/riscv64-unknown-elf/14.2.1/../../../../riscv64-unknown-elf/lib/rv32imafc_zaamo_zalrsc_zba_zbb_zbs_xxldsp/ilp32f\libc_nano.a(libc_a-nano-vfprintf_i.o)
                0x18013584                _printf_i
 .text._scanf_float
                0x180137da      0x462 D:/Programs/ALBStudio_20260331_V1.0/ALBStudio/toolchain/gcc/bin/../lib/gcc/riscv64-unknown-elf/14.2.1/../../../../riscv64-unknown-elf/lib/rv32imafc_zaamo_zalrsc_zba_zbb_zbs_xxldsp/ilp32f\libc_nano.a(libc_a-nano-vfscanf_float.o)
                0x180137da                _scanf_float
 .text.printf   0x18013c3c       0x2a D:/Programs/ALBStudio_20260331_V1.0/ALBStudio/toolchain/gcc/bin/../lib/gcc/riscv64-unknown-elf/14.2.1/../../../../riscv64-unknown-elf/lib/rv32imafc_zaamo_zalrsc_zba_zbb_zbs_xxldsp/ilp32f\libc_nano.a(libc_a-printf.o)
                0x18013c3c                iprintf
                0x18013c3c                printf
 .text._puts_r  0x18013c66       0xa0 D:/Programs/ALBStudio_20260331_V1.0/ALBStudio/toolchain/gcc/bin/../lib/gcc/riscv64-unknown-elf/14.2.1/../../../../riscv64-unknown-elf/lib/rv32imafc_zaamo_zalrsc_zba_zbb_zbs_xxldsp/ilp32f\libc_nano.a(libc_a-puts.o)
                0x18013c66                _puts_r
 .text.puts     0x18013d06        0x8 D:/Programs/ALBStudio_20260331_V1.0/ALBStudio/toolchain/gcc/bin/../lib/gcc/riscv64-unknown-elf/14.2.1/../../../../riscv64-unknown-elf/lib/rv32imafc_zaamo_zalrsc_zba_zbb_zbs_xxldsp/ilp32f\libc_nano.a(libc_a-puts.o)
                0x18013d06                puts
 .text.sprintf  0x18013d0e       0x48 D:/Programs/ALBStudio_20260331_V1.0/ALBStudio/toolchain/gcc/bin/../lib/gcc/riscv64-unknown-elf/14.2.1/../../../../riscv64-unknown-elf/lib/rv32imafc_zaamo_zalrsc_zba_zbb_zbs_xxldsp/ilp32f\libc_nano.a(libc_a-sprintf.o)
                0x18013d0e                siprintf
                0x18013d0e                sprintf
 .text.__swbuf_r
                0x18013d56       0x9c D:/Programs/ALBStudio_20260331_V1.0/ALBStudio/toolchain/gcc/bin/../lib/gcc/riscv64-unknown-elf/14.2.1/../../../../riscv64-unknown-elf/lib/rv32imafc_zaamo_zalrsc_zba_zbb_zbs_xxldsp/ilp32f\libc_nano.a(libc_a-wbuf.o)
                0x18013d56                __swbuf_r
 .text.__swsetup_r
                0x18013df2       0xc4 D:/Programs/ALBStudio_20260331_V1.0/ALBStudio/toolchain/gcc/bin/../lib/gcc/riscv64-unknown-elf/14.2.1/../../../../riscv64-unknown-elf/lib/rv32imafc_zaamo_zalrsc_zba_zbb_zbs_xxldsp/ilp32f\libc_nano.a(libc_a-wsetup.o)
                0x18013df2                __swsetup_r
 .text.memchr   0x18013eb6       0x1a D:/Programs/ALBStudio_20260331_V1.0/ALBStudio/toolchain/gcc/bin/../lib/gcc/riscv64-unknown-elf/14.2.1/../../../../riscv64-unknown-elf/lib/rv32imafc_zaamo_zalrsc_zba_zbb_zbs_xxldsp/ilp32f\libc_nano.a(libc_a-memchr.o)
                0x18013eb6                memchr
 .text._localeconv_r
                0x18013ed0        0xa D:/Programs/ALBStudio_20260331_V1.0/ALBStudio/toolchain/gcc/bin/../lib/gcc/riscv64-unknown-elf/14.2.1/../../../../riscv64-unknown-elf/lib/rv32imafc_zaamo_zalrsc_zba_zbb_zbs_xxldsp/ilp32f\libc_nano.a(libc_a-localeconv.o)
                0x18013ed0                _localeconv_r
 .text.__libc_init_array
                0x18013eda       0x5e D:/Programs/ALBStudio_20260331_V1.0/ALBStudio/toolchain/gcc/bin/../lib/gcc/riscv64-unknown-elf/14.2.1/../../../../riscv64-unknown-elf/lib/rv32imafc_zaamo_zalrsc_zba_zbb_zbs_xxldsp/ilp32f\libc_nano.a(libc_a-init.o)
                0x18013eda                __libc_init_array
 .text.isatty   0x18013f38        0x4 D:/Programs/ALBStudio_20260331_V1.0/ALBStudio/toolchain/gcc/bin/../lib/gcc/riscv64-unknown-elf/14.2.1/../../../../riscv64-unknown-elf/lib/rv32imafc_zaamo_zalrsc_zba_zbb_zbs_xxldsp/ilp32f\libc_nano.a(libc_a-sysisatty.o)
                0x18013f38                isatty
 .text.memcpy   0x18013f3c       0xe8 D:/Programs/ALBStudio_20260331_V1.0/ALBStudio/toolchain/gcc/bin/../lib/gcc/riscv64-unknown-elf/14.2.1/../../../../riscv64-unknown-elf/lib/rv32imafc_zaamo_zalrsc_zba_zbb_zbs_xxldsp/ilp32f\libc_nano.a(libc_a-memcpy.o)
                0x18013f3c                memcpy
 .text.strlen   0x18014024       0x12 D:/Programs/ALBStudio_20260331_V1.0/ALBStudio/toolchain/gcc/bin/../lib/gcc/riscv64-unknown-elf/14.2.1/../../../../riscv64-unknown-elf/lib/rv32imafc_zaamo_zalrsc_zba_zbb_zbs_xxldsp/ilp32f\libc_nano.a(libc_a-strlen.o)
                0x18014024                strlen
 .text.nanf     0x18014036        0xa D:/Programs/ALBStudio_20260331_V1.0/ALBStudio/toolchain/gcc/bin/../lib/gcc/riscv64-unknown-elf/14.2.1/../../../../riscv64-unknown-elf/lib/rv32imafc_zaamo_zalrsc_zba_zbb_zbs_xxldsp/ilp32f\libc_nano.a(libm_a-sf_nan.o)
                0x18014036                nanf
 .text.quorem   0x18014040      0x126 D:/Programs/ALBStudio_20260331_V1.0/ALBStudio/toolchain/gcc/bin/../lib/gcc/riscv64-unknown-elf/14.2.1/../../../../riscv64-unknown-elf/lib/rv32imafc_zaamo_zalrsc_zba_zbb_zbs_xxldsp/ilp32f\libc_nano.a(libc_a-dtoa.o)
 .text._dtoa_r  0x18014166      0xbce D:/Programs/ALBStudio_20260331_V1.0/ALBStudio/toolchain/gcc/bin/../lib/gcc/riscv64-unknown-elf/14.2.1/../../../../riscv64-unknown-elf/lib/rv32imafc_zaamo_zalrsc_zba_zbb_zbs_xxldsp/ilp32f\libc_nano.a(libc_a-dtoa.o)
                0x18014166                _dtoa_r
 .text._free_r  0x18014d34       0x9e D:/Programs/ALBStudio_20260331_V1.0/ALBStudio/toolchain/gcc/bin/../lib/gcc/riscv64-unknown-elf/14.2.1/../../../../riscv64-unknown-elf/lib/rv32imafc_zaamo_zalrsc_zba_zbb_zbs_xxldsp/ilp32f\libc_nano.a(libc_a-freer.o)
                0x18014d34                _free_r
 .text.malloc   0x18014dd2        0x8 D:/Programs/ALBStudio_20260331_V1.0/ALBStudio/toolchain/gcc/bin/../lib/gcc/riscv64-unknown-elf/14.2.1/../../../../riscv64-unknown-elf/lib/rv32imafc_zaamo_zalrsc_zba_zbb_zbs_xxldsp/ilp32f\libc_nano.a(libc_a-malloc.o)
                0x18014dd2                malloc
 .text.sbrk_aligned
                0x18014dda       0x5a D:/Programs/ALBStudio_20260331_V1.0/ALBStudio/toolchain/gcc/bin/../lib/gcc/riscv64-unknown-elf/14.2.1/../../../../riscv64-unknown-elf/lib/rv32imafc_zaamo_zalrsc_zba_zbb_zbs_xxldsp/ilp32f\libc_nano.a(libc_a-mallocr.o)
 .text._malloc_r
                0x18014e34      0x116 D:/Programs/ALBStudio_20260331_V1.0/ALBStudio/toolchain/gcc/bin/../lib/gcc/riscv64-unknown-elf/14.2.1/../../../../riscv64-unknown-elf/lib/rv32imafc_zaamo_zalrsc_zba_zbb_zbs_xxldsp/ilp32f\libc_nano.a(libc_a-mallocr.o)
                0x18014e34                _malloc_r
 .text.__malloc_lock
                0x18014f4a        0x2 D:/Programs/ALBStudio_20260331_V1.0/ALBStudio/toolchain/gcc/bin/../lib/gcc/riscv64-unknown-elf/14.2.1/../../../../riscv64-unknown-elf/lib/rv32imafc_zaamo_zalrsc_zba_zbb_zbs_xxldsp/ilp32f\libc_nano.a(libc_a-mlock.o)
                0x18014f4a                __malloc_lock
 .text.__malloc_unlock
                0x18014f4c        0x2 D:/Programs/ALBStudio_20260331_V1.0/ALBStudio/toolchain/gcc/bin/../lib/gcc/riscv64-unknown-elf/14.2.1/../../../../riscv64-unknown-elf/lib/rv32imafc_zaamo_zalrsc_zba_zbb_zbs_xxldsp/ilp32f\libc_nano.a(libc_a-mlock.o)
                0x18014f4c                __malloc_unlock
 .text._Balloc  0x18014f4e       0xa0 D:/Programs/ALBStudio_20260331_V1.0/ALBStudio/toolchain/gcc/bin/../lib/gcc/riscv64-unknown-elf/14.2.1/../../../../riscv64-unknown-elf/lib/rv32imafc_zaamo_zalrsc_zba_zbb_zbs_xxldsp/ilp32f\libc_nano.a(libc_a-mprec.o)
                0x18014f4e                _Balloc
 .text._Bfree   0x18014fee       0x60 D:/Programs/ALBStudio_20260331_V1.0/ALBStudio/toolchain/gcc/bin/../lib/gcc/riscv64-unknown-elf/14.2.1/../../../../riscv64-unknown-elf/lib/rv32imafc_zaamo_zalrsc_zba_zbb_zbs_xxldsp/ilp32f\libc_nano.a(libc_a-mprec.o)
                0x18014fee                _Bfree
 .text.__multadd
                0x1801504e       0xb8 D:/Programs/ALBStudio_20260331_V1.0/ALBStudio/toolchain/gcc/bin/../lib/gcc/riscv64-unknown-elf/14.2.1/../../../../riscv64-unknown-elf/lib/rv32imafc_zaamo_zalrsc_zba_zbb_zbs_xxldsp/ilp32f\libc_nano.a(libc_a-mprec.o)
                0x1801504e                __multadd
 .text.__s2b    0x18015106       0xc2 D:/Programs/ALBStudio_20260331_V1.0/ALBStudio/toolchain/gcc/bin/../lib/gcc/riscv64-unknown-elf/14.2.1/../../../../riscv64-unknown-elf/lib/rv32imafc_zaamo_zalrsc_zba_zbb_zbs_xxldsp/ilp32f\libc_nano.a(libc_a-mprec.o)
                0x18015106                __s2b
 .text.__hi0bits
                0x180151c8       0x46 D:/Programs/ALBStudio_20260331_V1.0/ALBStudio/toolchain/gcc/bin/../lib/gcc/riscv64-unknown-elf/14.2.1/../../../../riscv64-unknown-elf/lib/rv32imafc_zaamo_zalrsc_zba_zbb_zbs_xxldsp/ilp32f\libc_nano.a(libc_a-mprec.o)
                0x180151c8                __hi0bits
 .text.__lo0bits
                0x1801520e       0x68 D:/Programs/ALBStudio_20260331_V1.0/ALBStudio/toolchain/gcc/bin/../lib/gcc/riscv64-unknown-elf/14.2.1/../../../../riscv64-unknown-elf/lib/rv32imafc_zaamo_zalrsc_zba_zbb_zbs_xxldsp/ilp32f\libc_nano.a(libc_a-mprec.o)
                0x1801520e                __lo0bits
 .text.__i2b    0x18015276       0x38 D:/Programs/ALBStudio_20260331_V1.0/ALBStudio/toolchain/gcc/bin/../lib/gcc/riscv64-unknown-elf/14.2.1/../../../../riscv64-unknown-elf/lib/rv32imafc_zaamo_zalrsc_zba_zbb_zbs_xxldsp/ilp32f\libc_nano.a(libc_a-mprec.o)
                0x18015276                __i2b
 .text.__multiply
                0x180152ae      0x16e D:/Programs/ALBStudio_20260331_V1.0/ALBStudio/toolchain/gcc/bin/../lib/gcc/riscv64-unknown-elf/14.2.1/../../../../riscv64-unknown-elf/lib/rv32imafc_zaamo_zalrsc_zba_zbb_zbs_xxldsp/ilp32f\libc_nano.a(libc_a-mprec.o)
                0x180152ae                __multiply
 .text.__pow5mult
                0x1801541c       0xde D:/Programs/ALBStudio_20260331_V1.0/ALBStudio/toolchain/gcc/bin/../lib/gcc/riscv64-unknown-elf/14.2.1/../../../../riscv64-unknown-elf/lib/rv32imafc_zaamo_zalrsc_zba_zbb_zbs_xxldsp/ilp32f\libc_nano.a(libc_a-mprec.o)
                0x1801541c                __pow5mult
 .text.__lshift
                0x180154fa       0xfa D:/Programs/ALBStudio_20260331_V1.0/ALBStudio/toolchain/gcc/bin/../lib/gcc/riscv64-unknown-elf/14.2.1/../../../../riscv64-unknown-elf/lib/rv32imafc_zaamo_zalrsc_zba_zbb_zbs_xxldsp/ilp32f\libc_nano.a(libc_a-mprec.o)
                0x180154fa                __lshift
 .text.__mcmp   0x180155f4       0x36 D:/Programs/ALBStudio_20260331_V1.0/ALBStudio/toolchain/gcc/bin/../lib/gcc/riscv64-unknown-elf/14.2.1/../../../../riscv64-unknown-elf/lib/rv32imafc_zaamo_zalrsc_zba_zbb_zbs_xxldsp/ilp32f\libc_nano.a(libc_a-mprec.o)
                0x180155f4                __mcmp
 .text.__mdiff  0x1801562a      0x166 D:/Programs/ALBStudio_20260331_V1.0/ALBStudio/toolchain/gcc/bin/../lib/gcc/riscv64-unknown-elf/14.2.1/../../../../riscv64-unknown-elf/lib/rv32imafc_zaamo_zalrsc_zba_zbb_zbs_xxldsp/ilp32f\libc_nano.a(libc_a-mprec.o)
                0x1801562a                __mdiff
 .text.__ulp    0x18015790       0x44 D:/Programs/ALBStudio_20260331_V1.0/ALBStudio/toolchain/gcc/bin/../lib/gcc/riscv64-unknown-elf/14.2.1/../../../../riscv64-unknown-elf/lib/rv32imafc_zaamo_zalrsc_zba_zbb_zbs_xxldsp/ilp32f\libc_nano.a(libc_a-mprec.o)
                0x18015790                __ulp
 .text.__b2d    0x180157d4       0xb6 D:/Programs/ALBStudio_20260331_V1.0/ALBStudio/toolchain/gcc/bin/../lib/gcc/riscv64-unknown-elf/14.2.1/../../../../riscv64-unknown-elf/lib/rv32imafc_zaamo_zalrsc_zba_zbb_zbs_xxldsp/ilp32f\libc_nano.a(libc_a-mprec.o)
                0x180157d4                __b2d
 .text.__d2b    0x1801588a       0xdc D:/Programs/ALBStudio_20260331_V1.0/ALBStudio/toolchain/gcc/bin/../lib/gcc/riscv64-unknown-elf/14.2.1/../../../../riscv64-unknown-elf/lib/rv32imafc_zaamo_zalrsc_zba_zbb_zbs_xxldsp/ilp32f\libc_nano.a(libc_a-mprec.o)
                0x1801588a                __d2b
 .text.__ratio  0x18015966       0x72 D:/Programs/ALBStudio_20260331_V1.0/ALBStudio/toolchain/gcc/bin/../lib/gcc/riscv64-unknown-elf/14.2.1/../../../../riscv64-unknown-elf/lib/rv32imafc_zaamo_zalrsc_zba_zbb_zbs_xxldsp/ilp32f\libc_nano.a(libc_a-mprec.o)
                0x18015966                __ratio
 .text.__copybits
                0x180159d8       0x4a D:/Programs/ALBStudio_20260331_V1.0/ALBStudio/toolchain/gcc/bin/../lib/gcc/riscv64-unknown-elf/14.2.1/../../../../riscv64-unknown-elf/lib/rv32imafc_zaamo_zalrsc_zba_zbb_zbs_xxldsp/ilp32f\libc_nano.a(libc_a-mprec.o)
                0x180159d8                __copybits
 .text.__any_on
                0x18015a22       0x44 D:/Programs/ALBStudio_20260331_V1.0/ALBStudio/toolchain/gcc/bin/../lib/gcc/riscv64-unknown-elf/14.2.1/../../../../riscv64-unknown-elf/lib/rv32imafc_zaamo_zalrsc_zba_zbb_zbs_xxldsp/ilp32f\libc_nano.a(libc_a-mprec.o)
                0x18015a22                __any_on
 .text.sulp     0x18015a66       0x50 D:/Programs/ALBStudio_20260331_V1.0/ALBStudio/toolchain/gcc/bin/../lib/gcc/riscv64-unknown-elf/14.2.1/../../../../riscv64-unknown-elf/lib/rv32imafc_zaamo_zalrsc_zba_zbb_zbs_xxldsp/ilp32f\libc_nano.a(libc_a-strtod.o)
 .text._strtod_l
                0x18015ab6      0xc3a D:/Programs/ALBStudio_20260331_V1.0/ALBStudio/toolchain/gcc/bin/../lib/gcc/riscv64-unknown-elf/14.2.1/../../../../riscv64-unknown-elf/lib/rv32imafc_zaamo_zalrsc_zba_zbb_zbs_xxldsp/ilp32f\libc_nano.a(libc_a-strtod.o)
                0x18015ab6                _strtod_l
 .text._strtod_r
                0x180166f0        0xc D:/Programs/ALBStudio_20260331_V1.0/ALBStudio/toolchain/gcc/bin/../lib/gcc/riscv64-unknown-elf/14.2.1/../../../../riscv64-unknown-elf/lib/rv32imafc_zaamo_zalrsc_zba_zbb_zbs_xxldsp/ilp32f\libc_nano.a(libc_a-strtod.o)
                0x180166f0                _strtod_r
 .text._strtol_l.isra.0
                0x180166fc      0x132 D:/Programs/ALBStudio_20260331_V1.0/ALBStudio/toolchain/gcc/bin/../lib/gcc/riscv64-unknown-elf/14.2.1/../../../../riscv64-unknown-elf/lib/rv32imafc_zaamo_zalrsc_zba_zbb_zbs_xxldsp/ilp32f\libc_nano.a(libc_a-strtol.o)
 .text._strtol_r
                0x1801682e        0x4 D:/Programs/ALBStudio_20260331_V1.0/ALBStudio/toolchain/gcc/bin/../lib/gcc/riscv64-unknown-elf/14.2.1/../../../../riscv64-unknown-elf/lib/rv32imafc_zaamo_zalrsc_zba_zbb_zbs_xxldsp/ilp32f\libc_nano.a(libc_a-strtol.o)
                0x1801682e                _strtol_r
 .text.__ssputs_r
                0x18016832       0xf0 D:/Programs/ALBStudio_20260331_V1.0/ALBStudio/toolchain/gcc/bin/../lib/gcc/riscv64-unknown-elf/14.2.1/../../../../riscv64-unknown-elf/lib/rv32imafc_zaamo_zalrsc_zba_zbb_zbs_xxldsp/ilp32f\libc_nano.a(libc_a-nano-svfprintf.o)
                0x18016832                __ssputs_r
 .text._svfprintf_r
                0x18016922      0x27e D:/Programs/ALBStudio_20260331_V1.0/ALBStudio/toolchain/gcc/bin/../lib/gcc/riscv64-unknown-elf/14.2.1/../../../../riscv64-unknown-elf/lib/rv32imafc_zaamo_zalrsc_zba_zbb_zbs_xxldsp/ilp32f\libc_nano.a(libc_a-nano-svfprintf.o)
                0x18016922                _svfiprintf_r
                0x18016922                _svfprintf_r
 .text.__sfputc_r
                0x18016ba0       0x2a D:/Programs/ALBStudio_20260331_V1.0/ALBStudio/toolchain/gcc/bin/../lib/gcc/riscv64-unknown-elf/14.2.1/../../../../riscv64-unknown-elf/lib/rv32imafc_zaamo_zalrsc_zba_zbb_zbs_xxldsp/ilp32f\libc_nano.a(libc_a-nano-vfprintf.o)
 .text.__sfputs_r
                0x18016bca       0x44 D:/Programs/ALBStudio_20260331_V1.0/ALBStudio/toolchain/gcc/bin/../lib/gcc/riscv64-unknown-elf/14.2.1/../../../../riscv64-unknown-elf/lib/rv32imafc_zaamo_zalrsc_zba_zbb_zbs_xxldsp/ilp32f\libc_nano.a(libc_a-nano-vfprintf.o)
                0x18016bca                __sfputs_r
 .text._vfprintf_r
                0x18016c0e      0x270 D:/Programs/ALBStudio_20260331_V1.0/ALBStudio/toolchain/gcc/bin/../lib/gcc/riscv64-unknown-elf/14.2.1/../../../../riscv64-unknown-elf/lib/rv32imafc_zaamo_zalrsc_zba_zbb_zbs_xxldsp/ilp32f\libc_nano.a(libc_a-nano-vfprintf.o)
                0x18016c0e                _vfprintf_r
                0x18016c0e                _vfiprintf_r
 .text.__sflush_r
                0x18016e7e      0x12e D:/Programs/ALBStudio_20260331_V1.0/ALBStudio/toolchain/gcc/bin/../lib/gcc/riscv64-unknown-elf/14.2.1/../../../../riscv64-unknown-elf/lib/rv32imafc_zaamo_zalrsc_zba_zbb_zbs_xxldsp/ilp32f\libc_nano.a(libc_a-fflush.o)
                0x18016e7e                __sflush_r
 .text._fflush_r
                0x18016fac       0x38 D:/Programs/ALBStudio_20260331_V1.0/ALBStudio/toolchain/gcc/bin/../lib/gcc/riscv64-unknown-elf/14.2.1/../../../../riscv64-unknown-elf/lib/rv32imafc_zaamo_zalrsc_zba_zbb_zbs_xxldsp/ilp32f\libc_nano.a(libc_a-fflush.o)
                0x18016fac                _fflush_r
 .text.std      0x18016fe4       0x68 D:/Programs/ALBStudio_20260331_V1.0/ALBStudio/toolchain/gcc/bin/../lib/gcc/riscv64-unknown-elf/14.2.1/../../../../riscv64-unknown-elf/lib/rv32imafc_zaamo_zalrsc_zba_zbb_zbs_xxldsp/ilp32f\libc_nano.a(libc_a-findfp.o)
 .text.stdio_exit_handler
                0x1801704c       0x1a D:/Programs/ALBStudio_20260331_V1.0/ALBStudio/toolchain/gcc/bin/../lib/gcc/riscv64-unknown-elf/14.2.1/../../../../riscv64-unknown-elf/lib/rv32imafc_zaamo_zalrsc_zba_zbb_zbs_xxldsp/ilp32f\libc_nano.a(libc_a-findfp.o)
 .text.cleanup_stdio
                0x18017066       0x50 D:/Programs/ALBStudio_20260331_V1.0/ALBStudio/toolchain/gcc/bin/../lib/gcc/riscv64-unknown-elf/14.2.1/../../../../riscv64-unknown-elf/lib/rv32imafc_zaamo_zalrsc_zba_zbb_zbs_xxldsp/ilp32f\libc_nano.a(libc_a-findfp.o)
 .text.global_stdio_init.part.0
                0x180170b6       0x44 D:/Programs/ALBStudio_20260331_V1.0/ALBStudio/toolchain/gcc/bin/../lib/gcc/riscv64-unknown-elf/14.2.1/../../../../riscv64-unknown-elf/lib/rv32imafc_zaamo_zalrsc_zba_zbb_zbs_xxldsp/ilp32f\libc_nano.a(libc_a-findfp.o)
 .text.__sinit  0x180170fa       0x1a D:/Programs/ALBStudio_20260331_V1.0/ALBStudio/toolchain/gcc/bin/../lib/gcc/riscv64-unknown-elf/14.2.1/../../../../riscv64-unknown-elf/lib/rv32imafc_zaamo_zalrsc_zba_zbb_zbs_xxldsp/ilp32f\libc_nano.a(libc_a-findfp.o)
                0x180170fa                __sinit
 .text._fwalk_sglue
                0x18017114       0x68 D:/Programs/ALBStudio_20260331_V1.0/ALBStudio/toolchain/gcc/bin/../lib/gcc/riscv64-unknown-elf/14.2.1/../../../../riscv64-unknown-elf/lib/rv32imafc_zaamo_zalrsc_zba_zbb_zbs_xxldsp/ilp32f\libc_nano.a(libc_a-fwalk.o)
                0x18017114                _fwalk_sglue
 .text.__swhatbuf_r
                0x1801717c       0x5a D:/Programs/ALBStudio_20260331_V1.0/ALBStudio/toolchain/gcc/bin/../lib/gcc/riscv64-unknown-elf/14.2.1/../../../../riscv64-unknown-elf/lib/rv32imafc_zaamo_zalrsc_zba_zbb_zbs_xxldsp/ilp32f\libc_nano.a(libc_a-makebuf.o)
                0x1801717c                __swhatbuf_r
 .text.__smakebuf_r
                0x180171d6       0x86 D:/Programs/ALBStudio_20260331_V1.0/ALBStudio/toolchain/gcc/bin/../lib/gcc/riscv64-unknown-elf/14.2.1/../../../../riscv64-unknown-elf/lib/rv32imafc_zaamo_zalrsc_zba_zbb_zbs_xxldsp/ilp32f\libc_nano.a(libc_a-makebuf.o)
                0x180171d6                __smakebuf_r
 .text.__sread  0x1801725c       0x2e D:/Programs/ALBStudio_20260331_V1.0/ALBStudio/toolchain/gcc/bin/../lib/gcc/riscv64-unknown-elf/14.2.1/../../../../riscv64-unknown-elf/lib/rv32imafc_zaamo_zalrsc_zba_zbb_zbs_xxldsp/ilp32f\libc_nano.a(libc_a-stdio.o)
                0x1801725c                __sread
 .text.__swrite
                0x1801728a       0x4c D:/Programs/ALBStudio_20260331_V1.0/ALBStudio/toolchain/gcc/bin/../lib/gcc/riscv64-unknown-elf/14.2.1/../../../../riscv64-unknown-elf/lib/rv32imafc_zaamo_zalrsc_zba_zbb_zbs_xxldsp/ilp32f\libc_nano.a(libc_a-stdio.o)
                0x1801728a                __swrite
 .text.__sseek  0x180172d6       0x34 D:/Programs/ALBStudio_20260331_V1.0/ALBStudio/toolchain/gcc/bin/../lib/gcc/riscv64-unknown-elf/14.2.1/../../../../riscv64-unknown-elf/lib/rv32imafc_zaamo_zalrsc_zba_zbb_zbs_xxldsp/ilp32f\libc_nano.a(libc_a-stdio.o)
                0x180172d6                __sseek
 .text.__sclose
                0x1801730a        0x6 D:/Programs/ALBStudio_20260331_V1.0/ALBStudio/toolchain/gcc/bin/../lib/gcc/riscv64-unknown-elf/14.2.1/../../../../riscv64-unknown-elf/lib/rv32imafc_zaamo_zalrsc_zba_zbb_zbs_xxldsp/ilp32f\libc_nano.a(libc_a-stdio.o)
                0x1801730a                __sclose
 .text.strncmp  0x18017310       0x30 D:/Programs/ALBStudio_20260331_V1.0/ALBStudio/toolchain/gcc/bin/../lib/gcc/riscv64-unknown-elf/14.2.1/../../../../riscv64-unknown-elf/lib/rv32imafc_zaamo_zalrsc_zba_zbb_zbs_xxldsp/ilp32f\libc_nano.a(libc_a-strncmp.o)
                0x18017310                strncmp
 .text._close_r
                0x18017340       0x28 D:/Programs/ALBStudio_20260331_V1.0/ALBStudio/toolchain/gcc/bin/../lib/gcc/riscv64-unknown-elf/14.2.1/../../../../riscv64-unknown-elf/lib/rv32imafc_zaamo_zalrsc_zba_zbb_zbs_xxldsp/ilp32f\libc_nano.a(libc_a-closer.o)
                0x18017340                _close_r
 .text._fstat_r
                0x18017368       0x2a D:/Programs/ALBStudio_20260331_V1.0/ALBStudio/toolchain/gcc/bin/../lib/gcc/riscv64-unknown-elf/14.2.1/../../../../riscv64-unknown-elf/lib/rv32imafc_zaamo_zalrsc_zba_zbb_zbs_xxldsp/ilp32f\libc_nano.a(libc_a-fstatr.o)
                0x18017368                _fstat_r
 .text._isatty_r
                0x18017392       0x28 D:/Programs/ALBStudio_20260331_V1.0/ALBStudio/toolchain/gcc/bin/../lib/gcc/riscv64-unknown-elf/14.2.1/../../../../riscv64-unknown-elf/lib/rv32imafc_zaamo_zalrsc_zba_zbb_zbs_xxldsp/ilp32f\libc_nano.a(libc_a-isattyr.o)
                0x18017392                _isatty_r
 .text._lseek_r
                0x180173ba       0x2c D:/Programs/ALBStudio_20260331_V1.0/ALBStudio/toolchain/gcc/bin/../lib/gcc/riscv64-unknown-elf/14.2.1/../../../../riscv64-unknown-elf/lib/rv32imafc_zaamo_zalrsc_zba_zbb_zbs_xxldsp/ilp32f\libc_nano.a(libc_a-lseekr.o)
                0x180173ba                _lseek_r
 .text._read_r  0x180173e6       0x2c D:/Programs/ALBStudio_20260331_V1.0/ALBStudio/toolchain/gcc/bin/../lib/gcc/riscv64-unknown-elf/14.2.1/../../../../riscv64-unknown-elf/lib/rv32imafc_zaamo_zalrsc_zba_zbb_zbs_xxldsp/ilp32f\libc_nano.a(libc_a-readr.o)
                0x180173e6                _read_r
 .text._sbrk_r  0x18017412       0x28 D:/Programs/ALBStudio_20260331_V1.0/ALBStudio/toolchain/gcc/bin/../lib/gcc/riscv64-unknown-elf/14.2.1/../../../../riscv64-unknown-elf/lib/rv32imafc_zaamo_zalrsc_zba_zbb_zbs_xxldsp/ilp32f\libc_nano.a(libc_a-sbrkr.o)
                0x18017412                _sbrk_r
 .text._write_r
                0x1801743a       0x2c D:/Programs/ALBStudio_20260331_V1.0/ALBStudio/toolchain/gcc/bin/../lib/gcc/riscv64-unknown-elf/14.2.1/../../../../riscv64-unknown-elf/lib/rv32imafc_zaamo_zalrsc_zba_zbb_zbs_xxldsp/ilp32f\libc_nano.a(libc_a-writer.o)
                0x1801743a                _write_r
 .text.__errno  0x18017466        0x6 D:/Programs/ALBStudio_20260331_V1.0/ALBStudio/toolchain/gcc/bin/../lib/gcc/riscv64-unknown-elf/14.2.1/../../../../riscv64-unknown-elf/lib/rv32imafc_zaamo_zalrsc_zba_zbb_zbs_xxldsp/ilp32f\libc_nano.a(libc_a-errno.o)
                0x18017466                __errno
 .text.memmove  0x1801746c       0x4a D:/Programs/ALBStudio_20260331_V1.0/ALBStudio/toolchain/gcc/bin/../lib/gcc/riscv64-unknown-elf/14.2.1/../../../../riscv64-unknown-elf/lib/rv32imafc_zaamo_zalrsc_zba_zbb_zbs_xxldsp/ilp32f\libc_nano.a(libc_a-memmove-stub.o)
                0x1801746c                memmove
 .text          0x180174b6       0xa8 D:/Programs/ALBStudio_20260331_V1.0/ALBStudio/toolchain/gcc/bin/../lib/gcc/riscv64-unknown-elf/14.2.1/../../../../riscv64-unknown-elf/lib/rv32imafc_zaamo_zalrsc_zba_zbb_zbs_xxldsp/ilp32f\libc_nano.a(libc_a-memset.o)
                0x180174b6                memset
 .text.nan      0x1801755e        0xe D:/Programs/ALBStudio_20260331_V1.0/ALBStudio/toolchain/gcc/bin/../lib/gcc/riscv64-unknown-elf/14.2.1/../../../../riscv64-unknown-elf/lib/rv32imafc_zaamo_zalrsc_zba_zbb_zbs_xxldsp/ilp32f\libc_nano.a(libm_a-s_nan.o)
                0x1801755e                nan
 .text.__assert_func
                0x1801756c       0x3a D:/Programs/ALBStudio_20260331_V1.0/ALBStudio/toolchain/gcc/bin/../lib/gcc/riscv64-unknown-elf/14.2.1/../../../../riscv64-unknown-elf/lib/rv32imafc_zaamo_zalrsc_zba_zbb_zbs_xxldsp/ilp32f\libc_nano.a(libc_a-assert.o)
                0x1801756c                __assert_func
 .text._calloc_r
                0x180175a6       0x36 D:/Programs/ALBStudio_20260331_V1.0/ALBStudio/toolchain/gcc/bin/../lib/gcc/riscv64-unknown-elf/14.2.1/../../../../riscv64-unknown-elf/lib/rv32imafc_zaamo_zalrsc_zba_zbb_zbs_xxldsp/ilp32f\libc_nano.a(libc_a-callocr.o)
                0x180175a6                _calloc_r
 .text.rshift   0x180175dc       0xb2 D:/Programs/ALBStudio_20260331_V1.0/ALBStudio/toolchain/gcc/bin/../lib/gcc/riscv64-unknown-elf/14.2.1/../../../../riscv64-unknown-elf/lib/rv32imafc_zaamo_zalrsc_zba_zbb_zbs_xxldsp/ilp32f\libc_nano.a(libc_a-gdtoa-gethex.o)
 .text.__hexdig_fun
                0x1801768e       0x42 D:/Programs/ALBStudio_20260331_V1.0/ALBStudio/toolchain/gcc/bin/../lib/gcc/riscv64-unknown-elf/14.2.1/../../../../riscv64-unknown-elf/lib/rv32imafc_zaamo_zalrsc_zba_zbb_zbs_xxldsp/ilp32f\libc_nano.a(libc_a-gdtoa-gethex.o)
                0x1801768e                __hexdig_fun
 .text.__gethex
                0x180176d0      0x4b4 D:/Programs/ALBStudio_20260331_V1.0/ALBStudio/toolchain/gcc/bin/../lib/gcc/riscv64-unknown-elf/14.2.1/../../../../riscv64-unknown-elf/lib/rv32imafc_zaamo_zalrsc_zba_zbb_zbs_xxldsp/ilp32f\libc_nano.a(libc_a-gdtoa-gethex.o)
                0x180176d0                __gethex
 .text.L_shift  0x18017b84       0x2a D:/Programs/ALBStudio_20260331_V1.0/ALBStudio/toolchain/gcc/bin/../lib/gcc/riscv64-unknown-elf/14.2.1/../../../../riscv64-unknown-elf/lib/rv32imafc_zaamo_zalrsc_zba_zbb_zbs_xxldsp/ilp32f\libc_nano.a(libc_a-gdtoa-hexnan.o)
 .text.__match  0x18017bae       0x2c D:/Programs/ALBStudio_20260331_V1.0/ALBStudio/toolchain/gcc/bin/../lib/gcc/riscv64-unknown-elf/14.2.1/../../../../riscv64-unknown-elf/lib/rv32imafc_zaamo_zalrsc_zba_zbb_zbs_xxldsp/ilp32f\libc_nano.a(libc_a-gdtoa-hexnan.o)
                0x18017bae                __match
 .text.__hexnan
                0x18017bda      0x174 D:/Programs/ALBStudio_20260331_V1.0/ALBStudio/toolchain/gcc/bin/../lib/gcc/riscv64-unknown-elf/14.2.1/../../../../riscv64-unknown-elf/lib/rv32imafc_zaamo_zalrsc_zba_zbb_zbs_xxldsp/ilp32f\libc_nano.a(libc_a-gdtoa-hexnan.o)
                0x18017bda                __hexnan
 .text.__ascii_mbtowc
                0x18017d4e       0x3a D:/Programs/ALBStudio_20260331_V1.0/ALBStudio/toolchain/gcc/bin/../lib/gcc/riscv64-unknown-elf/14.2.1/../../../../riscv64-unknown-elf/lib/rv32imafc_zaamo_zalrsc_zba_zbb_zbs_xxldsp/ilp32f\libc_nano.a(libc_a-mbtowc_r.o)
                0x18017d4e                __ascii_mbtowc
 .text._realloc_r
                0x18017d88       0x78 D:/Programs/ALBStudio_20260331_V1.0/ALBStudio/toolchain/gcc/bin/../lib/gcc/riscv64-unknown-elf/14.2.1/../../../../riscv64-unknown-elf/lib/rv32imafc_zaamo_zalrsc_zba_zbb_zbs_xxldsp/ilp32f\libc_nano.a(libc_a-reallocr.o)
                0x18017d88                _realloc_r
 .text.__ascii_wctomb
                0x18017e00       0x20 D:/Programs/ALBStudio_20260331_V1.0/ALBStudio/toolchain/gcc/bin/../lib/gcc/riscv64-unknown-elf/14.2.1/../../../../riscv64-unknown-elf/lib/rv32imafc_zaamo_zalrsc_zba_zbb_zbs_xxldsp/ilp32f\libc_nano.a(libc_a-wctomb_r.o)
                0x18017e00                __ascii_wctomb
 .text.fprintf  0x18017e20       0x26 D:/Programs/ALBStudio_20260331_V1.0/ALBStudio/toolchain/gcc/bin/../lib/gcc/riscv64-unknown-elf/14.2.1/../../../../riscv64-unknown-elf/lib/rv32imafc_zaamo_zalrsc_zba_zbb_zbs_xxldsp/ilp32f\libc_nano.a(libc_a-fprintf.o)
                0x18017e20                fiprintf
                0x18017e20                fprintf
 .text.abort    0x18017e46        0xe D:/Programs/ALBStudio_20260331_V1.0/ALBStudio/toolchain/gcc/bin/../lib/gcc/riscv64-unknown-elf/14.2.1/../../../../riscv64-unknown-elf/lib/rv32imafc_zaamo_zalrsc_zba_zbb_zbs_xxldsp/ilp32f\libc_nano.a(libc_a-abort.o)
                0x18017e46                abort
 .text._malloc_usable_size_r
                0x18017e54       0x14 D:/Programs/ALBStudio_20260331_V1.0/ALBStudio/toolchain/gcc/bin/../lib/gcc/riscv64-unknown-elf/14.2.1/../../../../riscv64-unknown-elf/lib/rv32imafc_zaamo_zalrsc_zba_zbb_zbs_xxldsp/ilp32f\libc_nano.a(libc_a-msizer.o)
                0x18017e54                _malloc_usable_size_r
 .text._raise_r
                0x18017e68       0x5c D:/Programs/ALBStudio_20260331_V1.0/ALBStudio/toolchain/gcc/bin/../lib/gcc/riscv64-unknown-elf/14.2.1/../../../../riscv64-unknown-elf/lib/rv32imafc_zaamo_zalrsc_zba_zbb_zbs_xxldsp/ilp32f\libc_nano.a(libc_a-signal.o)
                0x18017e68                _raise_r
 .text.raise    0x18017ec4        0xa D:/Programs/ALBStudio_20260331_V1.0/ALBStudio/toolchain/gcc/bin/../lib/gcc/riscv64-unknown-elf/14.2.1/../../../../riscv64-unknown-elf/lib/rv32imafc_zaamo_zalrsc_zba_zbb_zbs_xxldsp/ilp32f\libc_nano.a(libc_a-signal.o)
                0x18017ec4                raise
 .text._kill_r  0x18017ece       0x2a D:/Programs/ALBStudio_20260331_V1.0/ALBStudio/toolchain/gcc/bin/../lib/gcc/riscv64-unknown-elf/14.2.1/../../../../riscv64-unknown-elf/lib/rv32imafc_zaamo_zalrsc_zba_zbb_zbs_xxldsp/ilp32f\libc_nano.a(libc_a-signalr.o)
                0x18017ece                _kill_r
 .text._getpid_r
                0x18017ef8        0x4 D:/Programs/ALBStudio_20260331_V1.0/ALBStudio/toolchain/gcc/bin/../lib/gcc/riscv64-unknown-elf/14.2.1/../../../../riscv64-unknown-elf/lib/rv32imafc_zaamo_zalrsc_zba_zbb_zbs_xxldsp/ilp32f\libc_nano.a(libc_a-signalr.o)
                0x18017ef8                _getpid_r
 .text          0x18017efc      0x808 D:/Programs/ALBStudio_20260331_V1.0/ALBStudio/toolchain/gcc/bin/../lib/gcc/riscv64-unknown-elf/14.2.1/rv32imafc_zaamo_zalrsc_zba_zbb_zbs_xxldsp/ilp32f\libgcc.a(adddf3.o)
                0x18017efc                __adddf3
 .text          0x18018704      0x62e D:/Programs/ALBStudio_20260331_V1.0/ALBStudio/toolchain/gcc/bin/../lib/gcc/riscv64-unknown-elf/14.2.1/rv32imafc_zaamo_zalrsc_zba_zbb_zbs_xxldsp/ilp32f\libgcc.a(divdf3.o)
                0x18018704                __divdf3
 .text          0x18018d32       0xa8 D:/Programs/ALBStudio_20260331_V1.0/ALBStudio/toolchain/gcc/bin/../lib/gcc/riscv64-unknown-elf/14.2.1/rv32imafc_zaamo_zalrsc_zba_zbb_zbs_xxldsp/ilp32f\libgcc.a(eqdf2.o)
                0x18018d32                __nedf2
                0x18018d32                __eqdf2
 .text          0x18018dda       0xae D:/Programs/ALBStudio_20260331_V1.0/ALBStudio/toolchain/gcc/bin/../lib/gcc/riscv64-unknown-elf/14.2.1/rv32imafc_zaamo_zalrsc_zba_zbb_zbs_xxldsp/ilp32f\libgcc.a(gedf2.o)
                0x18018dda                __gedf2
                0x18018dda                __gtdf2
 .text          0x18018e88       0xae D:/Programs/ALBStudio_20260331_V1.0/ALBStudio/toolchain/gcc/bin/../lib/gcc/riscv64-unknown-elf/14.2.1/rv32imafc_zaamo_zalrsc_zba_zbb_zbs_xxldsp/ilp32f\libgcc.a(ledf2.o)
                0x18018e88                __ledf2
                0x18018e88                __ltdf2
 .text          0x18018f36      0x564 D:/Programs/ALBStudio_20260331_V1.0/ALBStudio/toolchain/gcc/bin/../lib/gcc/riscv64-unknown-elf/14.2.1/rv32imafc_zaamo_zalrsc_zba_zbb_zbs_xxldsp/ilp32f\libgcc.a(muldf3.o)
                0x18018f36                __muldf3
 .text          0x1801949a      0x81c D:/Programs/ALBStudio_20260331_V1.0/ALBStudio/toolchain/gcc/bin/../lib/gcc/riscv64-unknown-elf/14.2.1/rv32imafc_zaamo_zalrsc_zba_zbb_zbs_xxldsp/ilp32f\libgcc.a(subdf3.o)
                0x1801949a                __subdf3
 .text          0x18019cb6       0x6a D:/Programs/ALBStudio_20260331_V1.0/ALBStudio/toolchain/gcc/bin/../lib/gcc/riscv64-unknown-elf/14.2.1/rv32imafc_zaamo_zalrsc_zba_zbb_zbs_xxldsp/ilp32f\libgcc.a(unorddf2.o)
                0x18019cb6                __unorddf2
 .text          0x18019d20       0xb8 D:/Programs/ALBStudio_20260331_V1.0/ALBStudio/toolchain/gcc/bin/../lib/gcc/riscv64-unknown-elf/14.2.1/rv32imafc_zaamo_zalrsc_zba_zbb_zbs_xxldsp/ilp32f\libgcc.a(fixdfsi.o)
                0x18019d20                __fixdfsi
 .text          0x18019dd8       0x94 D:/Programs/ALBStudio_20260331_V1.0/ALBStudio/toolchain/gcc/bin/../lib/gcc/riscv64-unknown-elf/14.2.1/rv32imafc_zaamo_zalrsc_zba_zbb_zbs_xxldsp/ilp32f\libgcc.a(fixunsdfsi.o)
                0x18019dd8                __fixunsdfsi
 .text          0x18019e6c       0x50 D:/Programs/ALBStudio_20260331_V1.0/ALBStudio/toolchain/gcc/bin/../lib/gcc/riscv64-unknown-elf/14.2.1/rv32imafc_zaamo_zalrsc_zba_zbb_zbs_xxldsp/ilp32f\libgcc.a(floatsidf.o)
                0x18019e6c                __floatsidf
 .text          0x18019ebc       0x42 D:/Programs/ALBStudio_20260331_V1.0/ALBStudio/toolchain/gcc/bin/../lib/gcc/riscv64-unknown-elf/14.2.1/rv32imafc_zaamo_zalrsc_zba_zbb_zbs_xxldsp/ilp32f\libgcc.a(floatunsidf.o)
                0x18019ebc                __floatunsidf
 .text          0x18019efe       0xfc D:/Programs/ALBStudio_20260331_V1.0/ALBStudio/toolchain/gcc/bin/../lib/gcc/riscv64-unknown-elf/14.2.1/rv32imafc_zaamo_zalrsc_zba_zbb_zbs_xxldsp/ilp32f\libgcc.a(fixdfdi.o)
                0x18019efe                __fixdfdi
 .text          0x18019ffa      0x18c D:/Programs/ALBStudio_20260331_V1.0/ALBStudio/toolchain/gcc/bin/../lib/gcc/riscv64-unknown-elf/14.2.1/rv32imafc_zaamo_zalrsc_zba_zbb_zbs_xxldsp/ilp32f\libgcc.a(floatdidf.o)
                0x18019ffa                __floatdidf
 .text          0x1801a186      0x170 D:/Programs/ALBStudio_20260331_V1.0/ALBStudio/toolchain/gcc/bin/../lib/gcc/riscv64-unknown-elf/14.2.1/rv32imafc_zaamo_zalrsc_zba_zbb_zbs_xxldsp/ilp32f\libgcc.a(extenddftf2.o)
                0x1801a186                __extenddftf2
 .text          0x1801a2f6      0x21a D:/Programs/ALBStudio_20260331_V1.0/ALBStudio/toolchain/gcc/bin/../lib/gcc/riscv64-unknown-elf/14.2.1/rv32imafc_zaamo_zalrsc_zba_zbb_zbs_xxldsp/ilp32f\libgcc.a(truncdfsf2.o)
                0x1801a2f6                __truncdfsf2
 .text          0x1801a510      0x35c D:/Programs/ALBStudio_20260331_V1.0/ALBStudio/toolchain/gcc/bin/../lib/gcc/riscv64-unknown-elf/14.2.1/rv32imafc_zaamo_zalrsc_zba_zbb_zbs_xxldsp/ilp32f\libgcc.a(trunctfdf2.o)
                0x1801a510                __trunctfdf2
 .text          0x1801a86c       0x28 D:/Programs/ALBStudio_20260331_V1.0/ALBStudio/toolchain/gcc/bin/../lib/gcc/riscv64-unknown-elf/14.2.1/rv32imafc_zaamo_zalrsc_zba_zbb_zbs_xxldsp/ilp32f\libgcc.a(_lshrdi3.o)
                0x1801a86c                __lshrdi3
 .text          0x1801a894       0x28 D:/Programs/ALBStudio_20260331_V1.0/ALBStudio/toolchain/gcc/bin/../lib/gcc/riscv64-unknown-elf/14.2.1/rv32imafc_zaamo_zalrsc_zba_zbb_zbs_xxldsp/ilp32f\libgcc.a(_ashldi3.o)
                0x1801a894                __ashldi3
 *(.ztf_ctx.0)
 *(EXCLUDE_FILE(*ztf.o) .ztf_ctx.*)
 *(.ztf_ctx.9)
 *(.gnu.linkonce.t.*)
                0x1801a8c0                        . = ALIGN (0x8)
 *fill*         0x1801a8bc        0x4 
 *(SORT_NONE(.fini))
                0x1801a8c0                        . = ALIGN (0x8)
                0x1801a8c0                        PROVIDE (__preinit_array_start = .)
 *(.preinit_array)
                0x1801a8c0                        PROVIDE (__preinit_array_end = .)
                0x1801a8c0                        . = ALIGN (0x8)
                0x1801a8c0                        PROVIDE (__init_array_start = .)
 *(SORT_BY_INIT_PRIORITY(.init_array.*) SORT_BY_INIT_PRIORITY(.ctors.*))
 *(.init_array EXCLUDE_FILE(*crtend?.o *crtend.o *crtbegin?.o *crtbegin.o) .ctors)
                0x1801a8c0                        PROVIDE (__init_array_end = .)
                0x1801a8c0                        . = ALIGN (0x8)
                [!provide]                        PROVIDE (__fini_array_start = .)
                [!provide]                        PROVIDE (__libc_fini = _fini)
 *(SORT_BY_INIT_PRIORITY(.fini_array.*) SORT_BY_INIT_PRIORITY(.dtors.*))
 *(.fini_array EXCLUDE_FILE(*crtend?.o *crtend.o *crtbegin?.o *crtbegin.o) .dtors)
                [!provide]                        PROVIDE (__fini_array_end = .)
                0x1801a8c0                        . = ALIGN (0x8)
 *crtbegin.o(.ctors)
 *crtbegin?.o(.ctors)
 *(EXCLUDE_FILE(*crtend?.o *crtend.o) .ctors)
 *(SORT_BY_NAME(.ctors.*))
 *(.ctors)
                0x1801a8c0                        . = ALIGN (0x8)
 *crtbegin.o(.dtors)
 *crtbegin?.o(.dtors)
 *(EXCLUDE_FILE(*crtend?.o *crtend.o) .dtors)
 *(SORT_BY_NAME(.dtors.*))
 *(.dtors)
 *(.ztf_ctx.*)
                0x180105c0                        PROVIDE (_ilm_lma = LOADADDR (.text))
                0x180105c0                        PROVIDE (_ilm = ADDR (.text))
                0x1801a8c0                        PROVIDE (_eilm = .)
                [!provide]                        PROVIDE (_text_lma = LOADADDR (.text))
                [!provide]                        PROVIDE (_text = ADDR (.text))
                [!provide]                        PROVIDE (_etext = .)
                [!provide]                        PROVIDE (__etext = .)
                [!provide]                        PROVIDE (etext = .)

.rela.dyn       0x1801a8c0        0x0
 .rela.text.vtable
                0x1801a8c0        0x0 ./src/eeprom.o
 .rela.text.init
                0x1801a8c0        0x0 ./src/eeprom.o
 .rela.text.ECLIC_Interrupt_Init
                0x1801a8c0        0x0 ./src/eeprom.o
 .rela.text.Interrupt_Init
                0x1801a8c0        0x0 ./src/eeprom.o
 .rela.text._sbrk
                0x1801a8c0        0x0 ./src/eeprom.o
 .rela.sdata.curbrk.1
                0x1801a8c0        0x0 ./src/eeprom.o
 .rela.text.__libc_init_array
                0x1801a8c0        0x0 ./src/eeprom.o
 .rela.text._svfprintf_r
                0x1801a8c0        0x0 ./src/eeprom.o
 .rela.text._vfprintf_r
                0x1801a8c0        0x0 ./src/eeprom.o

.data           0x18040000      0xf10 load address 0x1801a8c0
 *(.data.ctest*)
 *(.data .data.*)
 .data._impure_data
                0x18040000       0x4c D:/Programs/ALBStudio_20260331_V1.0/ALBStudio/toolchain/gcc/bin/../lib/gcc/riscv64-unknown-elf/14.2.1/../../../../riscv64-unknown-elf/lib/rv32imafc_zaamo_zalrsc_zba_zbb_zbs_xxldsp/ilp32f\libc_nano.a(libc_a-impure.o)
                0x18040000                _impure_data
 .data.__sglue  0x1804004c        0xc D:/Programs/ALBStudio_20260331_V1.0/ALBStudio/toolchain/gcc/bin/../lib/gcc/riscv64-unknown-elf/14.2.1/../../../../riscv64-unknown-elf/lib/rv32imafc_zaamo_zalrsc_zba_zbb_zbs_xxldsp/ilp32f\libc_nano.a(libc_a-findfp.o)
                0x1804004c                __sglue
 .data.__global_locale
                0x18040058      0x16c D:/Programs/ALBStudio_20260331_V1.0/ALBStudio/toolchain/gcc/bin/../lib/gcc/riscv64-unknown-elf/14.2.1/../../../../riscv64-unknown-elf/lib/rv32imafc_zaamo_zalrsc_zba_zbb_zbs_xxldsp/ilp32f\libc_nano.a(libc_a-locale.o)
                0x18040058                __global_locale
 *(.gnu.linkonce.d.*)
                0x180401c8                        . = ALIGN (0x8)
 *fill*         0x180401c4        0x4 
                0x180409c8                        PROVIDE (__global_pointer$ = (. + 0x800))
 *(.sdata .sdata.* .sdata*)
 .sdata.g_i2c_base
                0x180401c8        0x4 ./src/i2c2_eeprom_polling.o
                0x180401c8                g_i2c_base
 .sdata.i2c_port_num
                0x180401cc        0x4 ./src/i2c2_eeprom_polling.o
                0x180401cc                i2c_port_num
 .sdata.SystemClock
                0x180401d0        0x4 ./Drivers/DriverLib/cpu/system_cpu.o
 .sdata.CpuIRegionBase
                0x180401d4        0x4 ./Drivers/DriverLib/cpu/system_cpu.o
                0x180401d4                CpuIRegionBase
 .sdata.curbrk.1
                0x180401d8        0x4 ./Drivers/Common/stubs.o
 .sdata._impure_ptr
                0x180401dc        0x4 D:/Programs/ALBStudio_20260331_V1.0/ALBStudio/toolchain/gcc/bin/../lib/gcc/riscv64-unknown-elf/14.2.1/../../../../riscv64-unknown-elf/lib/rv32imafc_zaamo_zalrsc_zba_zbb_zbs_xxldsp/ilp32f\libc_nano.a(libc_a-impure.o)
                0x180401dc                _impure_ptr
 *(.gnu.linkonce.s.*)
                0x180401e0                        . = ALIGN (0x8)
 *(.srodata.cst16)
 *(.srodata.cst8)
 .srodata.cst8  0x180401e0       0x90 D:/Programs/ALBStudio_20260331_V1.0/ALBStudio/toolchain/gcc/bin/../lib/gcc/riscv64-unknown-elf/14.2.1/../../../../riscv64-unknown-elf/lib/rv32imafc_zaamo_zalrsc_zba_zbb_zbs_xxldsp/ilp32f\libc_nano.a(libc_a-nano-vfprintf_float.o)
                                  0x8 (size before relaxing)
 .srodata.cst8  0x18040270       0x48 D:/Programs/ALBStudio_20260331_V1.0/ALBStudio/toolchain/gcc/bin/../lib/gcc/riscv64-unknown-elf/14.2.1/../../../../riscv64-unknown-elf/lib/rv32imafc_zaamo_zalrsc_zba_zbb_zbs_xxldsp/ilp32f\libc_nano.a(libc_a-dtoa.o)
 .srodata.cst8  0x18040270       0x50 D:/Programs/ALBStudio_20260331_V1.0/ALBStudio/toolchain/gcc/bin/../lib/gcc/riscv64-unknown-elf/14.2.1/../../../../riscv64-unknown-elf/lib/rv32imafc_zaamo_zalrsc_zba_zbb_zbs_xxldsp/ilp32f\libc_nano.a(libc_a-strtod.o)
 .srodata.cst8  0x18040270        0x8 D:/Programs/ALBStudio_20260331_V1.0/ALBStudio/toolchain/gcc/bin/../lib/gcc/riscv64-unknown-elf/14.2.1/../../../../riscv64-unknown-elf/lib/rv32imafc_zaamo_zalrsc_zba_zbb_zbs_xxldsp/ilp32f\libc_nano.a(libm_a-s_nan.o)
 *(.srodata.cst4)
 .srodata.cst4  0x18040270        0x4 D:/Programs/ALBStudio_20260331_V1.0/ALBStudio/toolchain/gcc/bin/../lib/gcc/riscv64-unknown-elf/14.2.1/../../../../riscv64-unknown-elf/lib/rv32imafc_zaamo_zalrsc_zba_zbb_zbs_xxldsp/ilp32f\libc_nano.a(libm_a-sf_nan.o)
 *(.srodata.cst2)
 *(.srodata .srodata.*)
 *(.rdata)
 *(.rodata .rodata.*)
 .rodata        0x18040274       0x30 ./src/eeprom.o
 .rodata        0x180402a4      0x121 ./src/i2c2_eeprom_polling.o
 *fill*         0x180403c5        0x3 
 .rodata.RCC_getAHBPrescaler
                0x180403c8       0x20 ./Drivers/DriverLib/cpu/system_cpu.o
 .rodata        0x180403e8      0x186 ./Drivers/DriverLib/cpu/system_cpu.o
 *fill*         0x1804056e        0x2 
 .rodata.dspIRQTriggleType
                0x18040570      0x44c ./Drivers/DriverLib/interrupt.o
                0x18040570                dspIRQTriggleType
 .rodata        0x180409bc        0x8 ./Drivers/DriverLib/sci.o
 .rodata        0x180409c4       0x65 ./Boards/alb32r003x_evb/alb32r003x_evb.o
 *fill*         0x18040a29        0x3 
 .rodata._printf_float.str1.4
                0x18040a2c      0x173 D:/Programs/ALBStudio_20260331_V1.0/ALBStudio/toolchain/gcc/bin/../lib/gcc/riscv64-unknown-elf/14.2.1/../../../../riscv64-unknown-elf/lib/rv32imafc_zaamo_zalrsc_zba_zbb_zbs_xxldsp/ilp32f\libc_nano.a(libc_a-nano-vfprintf_float.o)
                                 0x12 (size before relaxing)
 .rodata._printf_i.str1.4
                0x18040b9f       0x25 D:/Programs/ALBStudio_20260331_V1.0/ALBStudio/toolchain/gcc/bin/../lib/gcc/riscv64-unknown-elf/14.2.1/../../../../riscv64-unknown-elf/lib/rv32imafc_zaamo_zalrsc_zba_zbb_zbs_xxldsp/ilp32f\libc_nano.a(libc_a-nano-vfprintf_i.o)
 *fill*         0x18040b9f        0x1 
 .rodata._printf_i
                0x18040ba0       0x58 D:/Programs/ALBStudio_20260331_V1.0/ALBStudio/toolchain/gcc/bin/../lib/gcc/riscv64-unknown-elf/14.2.1/../../../../riscv64-unknown-elf/lib/rv32imafc_zaamo_zalrsc_zba_zbb_zbs_xxldsp/ilp32f\libc_nano.a(libc_a-nano-vfprintf_i.o)
 .rodata._scanf_float.str1.4
                0x18040bf8        0x9 D:/Programs/ALBStudio_20260331_V1.0/ALBStudio/toolchain/gcc/bin/../lib/gcc/riscv64-unknown-elf/14.2.1/../../../../riscv64-unknown-elf/lib/rv32imafc_zaamo_zalrsc_zba_zbb_zbs_xxldsp/ilp32f\libc_nano.a(libc_a-nano-vfscanf_float.o)
 .rodata._scanf_float
                0x18040bf8       0x74 D:/Programs/ALBStudio_20260331_V1.0/ALBStudio/toolchain/gcc/bin/../lib/gcc/riscv64-unknown-elf/14.2.1/../../../../riscv64-unknown-elf/lib/rv32imafc_zaamo_zalrsc_zba_zbb_zbs_xxldsp/ilp32f\libc_nano.a(libc_a-nano-vfscanf_float.o)
 .rodata._dtoa_r.str1.4
                0x18040c6c       0x65 D:/Programs/ALBStudio_20260331_V1.0/ALBStudio/toolchain/gcc/bin/../lib/gcc/riscv64-unknown-elf/14.2.1/../../../../riscv64-unknown-elf/lib/rv32imafc_zaamo_zalrsc_zba_zbb_zbs_xxldsp/ilp32f\libc_nano.a(libc_a-dtoa.o)
 .rodata._Balloc.str1.4
                0x18040c6c       0x40 D:/Programs/ALBStudio_20260331_V1.0/ALBStudio/toolchain/gcc/bin/../lib/gcc/riscv64-unknown-elf/14.2.1/../../../../riscv64-unknown-elf/lib/rv32imafc_zaamo_zalrsc_zba_zbb_zbs_xxldsp/ilp32f\libc_nano.a(libc_a-mprec.o)
 .rodata.__multadd.str1.4
                0x18040c6c       0x11 D:/Programs/ALBStudio_20260331_V1.0/ALBStudio/toolchain/gcc/bin/../lib/gcc/riscv64-unknown-elf/14.2.1/../../../../riscv64-unknown-elf/lib/rv32imafc_zaamo_zalrsc_zba_zbb_zbs_xxldsp/ilp32f\libc_nano.a(libc_a-mprec.o)
 .rodata.p05.0  0x18040c6c        0xc D:/Programs/ALBStudio_20260331_V1.0/ALBStudio/toolchain/gcc/bin/../lib/gcc/riscv64-unknown-elf/14.2.1/../../../../riscv64-unknown-elf/lib/rv32imafc_zaamo_zalrsc_zba_zbb_zbs_xxldsp/ilp32f\libc_nano.a(libc_a-mprec.o)
 .rodata.__mprec_bigtens
                0x18040c78       0x28 D:/Programs/ALBStudio_20260331_V1.0/ALBStudio/toolchain/gcc/bin/../lib/gcc/riscv64-unknown-elf/14.2.1/../../../../riscv64-unknown-elf/lib/rv32imafc_zaamo_zalrsc_zba_zbb_zbs_xxldsp/ilp32f\libc_nano.a(libc_a-mprec.o)
                0x18040c78                __mprec_bigtens
 .rodata.__mprec_tens
                0x18040ca0       0xc8 D:/Programs/ALBStudio_20260331_V1.0/ALBStudio/toolchain/gcc/bin/../lib/gcc/riscv64-unknown-elf/14.2.1/../../../../riscv64-unknown-elf/lib/rv32imafc_zaamo_zalrsc_zba_zbb_zbs_xxldsp/ilp32f\libc_nano.a(libc_a-mprec.o)
                0x18040ca0                __mprec_tens
 .rodata._strtod_l.str1.4
                0x18040d68       0x15 D:/Programs/ALBStudio_20260331_V1.0/ALBStudio/toolchain/gcc/bin/../lib/gcc/riscv64-unknown-elf/14.2.1/../../../../riscv64-unknown-elf/lib/rv32imafc_zaamo_zalrsc_zba_zbb_zbs_xxldsp/ilp32f\libc_nano.a(libc_a-strtod.o)
 .rodata._strtod_l
                0x18040d68       0x14 D:/Programs/ALBStudio_20260331_V1.0/ALBStudio/toolchain/gcc/bin/../lib/gcc/riscv64-unknown-elf/14.2.1/../../../../riscv64-unknown-elf/lib/rv32imafc_zaamo_zalrsc_zba_zbb_zbs_xxldsp/ilp32f\libc_nano.a(libc_a-strtod.o)
 .rodata.fpinan.0
                0x18040d7c       0x14 D:/Programs/ALBStudio_20260331_V1.0/ALBStudio/toolchain/gcc/bin/../lib/gcc/riscv64-unknown-elf/14.2.1/../../../../riscv64-unknown-elf/lib/rv32imafc_zaamo_zalrsc_zba_zbb_zbs_xxldsp/ilp32f\libc_nano.a(libc_a-strtod.o)
 .rodata.fpi.1  0x18040d90       0x14 D:/Programs/ALBStudio_20260331_V1.0/ALBStudio/toolchain/gcc/bin/../lib/gcc/riscv64-unknown-elf/14.2.1/../../../../riscv64-unknown-elf/lib/rv32imafc_zaamo_zalrsc_zba_zbb_zbs_xxldsp/ilp32f\libc_nano.a(libc_a-strtod.o)
 *fill*         0x18040da4        0x4 
 .rodata.tinytens
                0x18040da8       0x28 D:/Programs/ALBStudio_20260331_V1.0/ALBStudio/toolchain/gcc/bin/../lib/gcc/riscv64-unknown-elf/14.2.1/../../../../riscv64-unknown-elf/lib/rv32imafc_zaamo_zalrsc_zba_zbb_zbs_xxldsp/ilp32f\libc_nano.a(libc_a-strtod.o)
 .rodata._ctype_
                0x18040dd0      0x101 D:/Programs/ALBStudio_20260331_V1.0/ALBStudio/toolchain/gcc/bin/../lib/gcc/riscv64-unknown-elf/14.2.1/../../../../riscv64-unknown-elf/lib/rv32imafc_zaamo_zalrsc_zba_zbb_zbs_xxldsp/ilp32f\libc_nano.a(libc_a-ctype_.o)
                0x18040dd0                _ctype_
 .rodata._svfprintf_r.str1.4
                0x18040ed1       0x13 D:/Programs/ALBStudio_20260331_V1.0/ALBStudio/toolchain/gcc/bin/../lib/gcc/riscv64-unknown-elf/14.2.1/../../../../riscv64-unknown-elf/lib/rv32imafc_zaamo_zalrsc_zba_zbb_zbs_xxldsp/ilp32f\libc_nano.a(libc_a-nano-svfprintf.o)
 .rodata._vfprintf_r.str1.4
                0x18040ed1       0x13 D:/Programs/ALBStudio_20260331_V1.0/ALBStudio/toolchain/gcc/bin/../lib/gcc/riscv64-unknown-elf/14.2.1/../../../../riscv64-unknown-elf/lib/rv32imafc_zaamo_zalrsc_zba_zbb_zbs_xxldsp/ilp32f\libc_nano.a(libc_a-nano-vfprintf.o)
 .rodata._setlocale_r.str1.4
                0x18040ed1        0xd D:/Programs/ALBStudio_20260331_V1.0/ALBStudio/toolchain/gcc/bin/../lib/gcc/riscv64-unknown-elf/14.2.1/../../../../riscv64-unknown-elf/lib/rv32imafc_zaamo_zalrsc_zba_zbb_zbs_xxldsp/ilp32f\libc_nano.a(libc_a-locale.o)
 .rodata.str1.4
                0x18040ed1        0x2 D:/Programs/ALBStudio_20260331_V1.0/ALBStudio/toolchain/gcc/bin/../lib/gcc/riscv64-unknown-elf/14.2.1/../../../../riscv64-unknown-elf/lib/rv32imafc_zaamo_zalrsc_zba_zbb_zbs_xxldsp/ilp32f\libc_nano.a(libc_a-locale.o)
 .rodata.__assert_func.str1.4
                0x18040ed1       0x43 D:/Programs/ALBStudio_20260331_V1.0/ALBStudio/toolchain/gcc/bin/../lib/gcc/riscv64-unknown-elf/14.2.1/../../../../riscv64-unknown-elf/lib/rv32imafc_zaamo_zalrsc_zba_zbb_zbs_xxldsp/ilp32f\libc_nano.a(libc_a-assert.o)
 .rodata.__gethex.str1.4
                0x18040ed1       0x47 D:/Programs/ALBStudio_20260331_V1.0/ALBStudio/toolchain/gcc/bin/../lib/gcc/riscv64-unknown-elf/14.2.1/../../../../riscv64-unknown-elf/lib/rv32imafc_zaamo_zalrsc_zba_zbb_zbs_xxldsp/ilp32f\libc_nano.a(libc_a-gdtoa-gethex.o)
 *fill*         0x18040ed1        0x3 
 .rodata        0x18040ed4       0x3c D:/Programs/ALBStudio_20260331_V1.0/ALBStudio/toolchain/gcc/bin/../lib/gcc/riscv64-unknown-elf/14.2.1/rv32imafc_zaamo_zalrsc_zba_zbb_zbs_xxldsp/ilp32f\libgcc.a(divdf3.o)
 *(.gnu.linkonce.r.*)
                [!provide]                        PROVIDE (__eh_frame_hdr_start = .)
 *(.eh_frame_hdr)
                [!provide]                        PROVIDE (__eh_frame_hdr_end = .)
                [!provide]                        PROVIDE (__eh_frame_start = .)
 *(.eh_frame)
                [!provide]                        PROVIDE (__eh_frame_end = .)
                0x18040f10                        . = ALIGN (0x8)
                0x18040f10                        __rt_init_start = .
 *(SORT_BY_NAME(.rti_fn*))
                0x18040f10                        __rt_init_end = .
                0x18040f10                        . = ALIGN (0x8)
                0x18040f10                        __fsymtab_start = .
 *(FSymTab)
                0x18040f10                        __fsymtab_end = .
                0x18040f10                        . = ALIGN (0x8)
                0x18040f10                        __vsymtab_start = .
 *(VSymTab)
                0x18040f10                        __vsymtab_end = .
                0x18040f10                        . = ALIGN (0x8)

.tdata          0x18040f10        0x0 load address 0x1801b7d0
                0x18040f10                        PROVIDE (__tls_base = .)
 *(.tdata .tdata.* .gnu.linkonce.td.*)
                0x1801a8c0                        PROVIDE (_data_lma = LOADADDR (.data))
                0x18040000                        PROVIDE (_data = ADDR (.data))
                0x18040f10                        PROVIDE (_edata = .)
                [!provide]                        PROVIDE (edata = .)
                [!provide]                        PROVIDE (_fbss = .)
                0x18040f10                        PROVIDE (__bss_start = .)

.tbss           0x18040f10        0x0 load address 0x1801b7d0
 *(.tbss .tbss.* .gnu.linkonce.tb.*)
 *(.tcommon)
                [!provide]                        PROVIDE (__tls_end = .)

.tbss_space     0x18040f10        0x0 load address 0x1801b7d0
                0x18040f10                        . = (. + SIZEOF (.tbss))

.bss            0x18040f10      0x3c0 load address 0x1801b7d0
 *(.sbss*)
 .sbss.eeprom_addr_len
                0x18040f10        0x4 ./src/eeprom.o
                0x18040f10                eeprom_addr_len
 .sbss.system_core_interrupt_handler
                0x18040f14        0x4 ./Drivers/DriverLib/cpu/system_cpu.o
 .sbss.errno    0x18040f18        0x4 ./Drivers/Common/stubs.o
                0x18040f18                errno
 .sbss.FCR_value
                0x18040f1c        0x4 ./Boards/alb32r003x_evb/alb32r003x_evb.o
 .sbss.__malloc_sbrk_start
                0x18040f20        0x4 D:/Programs/ALBStudio_20260331_V1.0/ALBStudio/toolchain/gcc/bin/../lib/gcc/riscv64-unknown-elf/14.2.1/../../../../riscv64-unknown-elf/lib/rv32imafc_zaamo_zalrsc_zba_zbb_zbs_xxldsp/ilp32f\libc_nano.a(libc_a-mallocr.o)
                0x18040f20                __malloc_sbrk_start
 .sbss.__malloc_free_list
                0x18040f24        0x4 D:/Programs/ALBStudio_20260331_V1.0/ALBStudio/toolchain/gcc/bin/../lib/gcc/riscv64-unknown-elf/14.2.1/../../../../riscv64-unknown-elf/lib/rv32imafc_zaamo_zalrsc_zba_zbb_zbs_xxldsp/ilp32f\libc_nano.a(libc_a-mallocr.o)
                0x18040f24                __malloc_free_list
 .sbss.__stdio_exit_handler
                0x18040f28        0x4 D:/Programs/ALBStudio_20260331_V1.0/ALBStudio/toolchain/gcc/bin/../lib/gcc/riscv64-unknown-elf/14.2.1/../../../../riscv64-unknown-elf/lib/rv32imafc_zaamo_zalrsc_zba_zbb_zbs_xxldsp/ilp32f\libc_nano.a(libc_a-findfp.o)
                0x18040f28                __stdio_exit_handler
 *(.gnu.linkonce.sb.*)
 *(.bss .bss.*)
 .bss.wdata     0x18040f2c      0x100 ./src/i2c2_eeprom_polling.o
                0x18040f2c                wdata
 .bss.rdata     0x1804102c      0x100 ./src/i2c2_eeprom_polling.o
                0x1804102c                rdata
 .bss.SystemExceptionHandlers
                0x1804112c       0x6c ./Drivers/DriverLib/cpu/system_cpu.o
 .bss.__sf      0x18041198      0x138 D:/Programs/ALBStudio_20260331_V1.0/ALBStudio/toolchain/gcc/bin/../lib/gcc/riscv64-unknown-elf/14.2.1/../../../../riscv64-unknown-elf/lib/rv32imafc_zaamo_zalrsc_zba_zbb_zbs_xxldsp/ilp32f\libc_nano.a(libc_a-findfp.o)
                0x18041198                __sf
 *(.gnu.linkonce.b.*)
 *(COMMON)
                0x180412d0                        . = ALIGN (0x4)
                0x180412d0                        PROVIDE (_end = .)
                [!provide]                        PROVIDE (end = .)

.heap           0x180412d0      0x800 load address 0x1801b7d0
                0x180412d0                        . = ALIGN (0x10)
                0x180412d0                        PROVIDE (__heap_start = .)
                0x18041ad0                        . = (. + __HEAP_SIZE)
 *fill*         0x180412d0      0x800 
                0x18041ad0                        . = ALIGN (0x10)
                [!provide]                        PROVIDE (__heap_limit = .)

.stack          0x18041ad0     0xe530 load address 0x1801b7d0
                0x18041ad0                        . = ALIGN (0x10)
                0x1804f800                        . = ((ORIGIN (RAM) + LENGTH (RAM)) - __TOT_STACK_SIZE)
 *fill*         0x18041ad0     0xdd30 
                [!provide]                        PROVIDE (_heap_end = .)
                0x1804f800                        PROVIDE (__heap_end = .)
                [!provide]                        PROVIDE (__StackLimit = .)
                [!provide]                        PROVIDE (__StackBottom = .)
                0x18050000                        . = (. + __TOT_STACK_SIZE)
 *fill*         0x1804f800      0x800 
                0x18050000                        . = ALIGN (0x10)
                [!provide]                        PROVIDE (__StackTop = .)
                0x18050000                        PROVIDE (_sp = .)
OUTPUT(i2c2_eeprom_polling.elf elf32-littleriscv)

.debug_info     0x00000000     0xc4af
 .debug_info    0x00000000      0x6df ./src/eeprom.o
 .debug_info    0x000006df     0x1268 ./src/i2c2_eeprom_polling.o
 .debug_info    0x00001947       0x4a ./Drivers/DriverLib/cpu/startup/intexc.o
 .debug_info    0x00001991       0x77 ./Drivers/DriverLib/cpu/startup/startup.o
 .debug_info    0x00001a08     0x2162 ./Drivers/DriverLib/cpu/system_cpu.o
 .debug_info    0x00003b6a      0x937 ./Drivers/DriverLib/eflashc.o
 .debug_info    0x000044a1      0x3f2 ./Drivers/DriverLib/gpio.o
 .debug_info    0x00004893      0x9b7 ./Drivers/DriverLib/i2c.o
 .debug_info    0x0000524a      0xf63 ./Drivers/DriverLib/interrupt.o
 .debug_info    0x000061ad      0x526 ./Drivers/DriverLib/rcc.o
 .debug_info    0x000066d3      0x53e ./Drivers/DriverLib/sci.o
 .debug_info    0x00006c11      0xe68 ./Drivers/Common/stubs.o
 .debug_info    0x00007a79      0xef2 ./Boards/alb32r003x_evb/alb32r003x_evb.o
 .debug_info    0x0000896b      0x52f D:/Programs/ALBStudio_20260331_V1.0/ALBStudio/toolchain/gcc/bin/../lib/gcc/riscv64-unknown-elf/14.2.1/rv32imafc_zaamo_zalrsc_zba_zbb_zbs_xxldsp/ilp32f\libgcc.a(adddf3.o)
 .debug_info    0x00008e9a      0x691 D:/Programs/ALBStudio_20260331_V1.0/ALBStudio/toolchain/gcc/bin/../lib/gcc/riscv64-unknown-elf/14.2.1/rv32imafc_zaamo_zalrsc_zba_zbb_zbs_xxldsp/ilp32f\libgcc.a(divdf3.o)
 .debug_info    0x0000952b      0x240 D:/Programs/ALBStudio_20260331_V1.0/ALBStudio/toolchain/gcc/bin/../lib/gcc/riscv64-unknown-elf/14.2.1/rv32imafc_zaamo_zalrsc_zba_zbb_zbs_xxldsp/ilp32f\libgcc.a(eqdf2.o)
 .debug_info    0x0000976b      0x22b D:/Programs/ALBStudio_20260331_V1.0/ALBStudio/toolchain/gcc/bin/../lib/gcc/riscv64-unknown-elf/14.2.1/rv32imafc_zaamo_zalrsc_zba_zbb_zbs_xxldsp/ilp32f\libgcc.a(gedf2.o)
 .debug_info    0x00009996      0x22b D:/Programs/ALBStudio_20260331_V1.0/ALBStudio/toolchain/gcc/bin/../lib/gcc/riscv64-unknown-elf/14.2.1/rv32imafc_zaamo_zalrsc_zba_zbb_zbs_xxldsp/ilp32f\libgcc.a(ledf2.o)
 .debug_info    0x00009bc1      0x6b3 D:/Programs/ALBStudio_20260331_V1.0/ALBStudio/toolchain/gcc/bin/../lib/gcc/riscv64-unknown-elf/14.2.1/rv32imafc_zaamo_zalrsc_zba_zbb_zbs_xxldsp/ilp32f\libgcc.a(muldf3.o)
 .debug_info    0x0000a274      0x52f D:/Programs/ALBStudio_20260331_V1.0/ALBStudio/toolchain/gcc/bin/../lib/gcc/riscv64-unknown-elf/14.2.1/rv32imafc_zaamo_zalrsc_zba_zbb_zbs_xxldsp/ilp32f\libgcc.a(subdf3.o)
 .debug_info    0x0000a7a3      0x22b D:/Programs/ALBStudio_20260331_V1.0/ALBStudio/toolchain/gcc/bin/../lib/gcc/riscv64-unknown-elf/14.2.1/rv32imafc_zaamo_zalrsc_zba_zbb_zbs_xxldsp/ilp32f\libgcc.a(unorddf2.o)
 .debug_info    0x0000a9ce      0x1c3 D:/Programs/ALBStudio_20260331_V1.0/ALBStudio/toolchain/gcc/bin/../lib/gcc/riscv64-unknown-elf/14.2.1/rv32imafc_zaamo_zalrsc_zba_zbb_zbs_xxldsp/ilp32f\libgcc.a(fixdfsi.o)
 .debug_info    0x0000ab91      0x1ab D:/Programs/ALBStudio_20260331_V1.0/ALBStudio/toolchain/gcc/bin/../lib/gcc/riscv64-unknown-elf/14.2.1/rv32imafc_zaamo_zalrsc_zba_zbb_zbs_xxldsp/ilp32f\libgcc.a(fixunsdfsi.o)
 .debug_info    0x0000ad3c      0x25a D:/Programs/ALBStudio_20260331_V1.0/ALBStudio/toolchain/gcc/bin/../lib/gcc/riscv64-unknown-elf/14.2.1/rv32imafc_zaamo_zalrsc_zba_zbb_zbs_xxldsp/ilp32f\libgcc.a(floatsidf.o)
 .debug_info    0x0000af96      0x24f D:/Programs/ALBStudio_20260331_V1.0/ALBStudio/toolchain/gcc/bin/../lib/gcc/riscv64-unknown-elf/14.2.1/rv32imafc_zaamo_zalrsc_zba_zbb_zbs_xxldsp/ilp32f\libgcc.a(floatunsidf.o)
 .debug_info    0x0000b1e5      0x1d9 D:/Programs/ALBStudio_20260331_V1.0/ALBStudio/toolchain/gcc/bin/../lib/gcc/riscv64-unknown-elf/14.2.1/rv32imafc_zaamo_zalrsc_zba_zbb_zbs_xxldsp/ilp32f\libgcc.a(fixdfdi.o)
 .debug_info    0x0000b3be      0x2b9 D:/Programs/ALBStudio_20260331_V1.0/ALBStudio/toolchain/gcc/bin/../lib/gcc/riscv64-unknown-elf/14.2.1/rv32imafc_zaamo_zalrsc_zba_zbb_zbs_xxldsp/ilp32f\libgcc.a(floatdidf.o)
 .debug_info    0x0000b677      0x37e D:/Programs/ALBStudio_20260331_V1.0/ALBStudio/toolchain/gcc/bin/../lib/gcc/riscv64-unknown-elf/14.2.1/rv32imafc_zaamo_zalrsc_zba_zbb_zbs_xxldsp/ilp32f\libgcc.a(extenddftf2.o)
 .debug_info    0x0000b9f5      0x284 D:/Programs/ALBStudio_20260331_V1.0/ALBStudio/toolchain/gcc/bin/../lib/gcc/riscv64-unknown-elf/14.2.1/rv32imafc_zaamo_zalrsc_zba_zbb_zbs_xxldsp/ilp32f\libgcc.a(truncdfsf2.o)
 .debug_info    0x0000bc79      0x4ca D:/Programs/ALBStudio_20260331_V1.0/ALBStudio/toolchain/gcc/bin/../lib/gcc/riscv64-unknown-elf/14.2.1/rv32imafc_zaamo_zalrsc_zba_zbb_zbs_xxldsp/ilp32f\libgcc.a(trunctfdf2.o)
 .debug_info    0x0000c143      0x1b6 D:/Programs/ALBStudio_20260331_V1.0/ALBStudio/toolchain/gcc/bin/../lib/gcc/riscv64-unknown-elf/14.2.1/rv32imafc_zaamo_zalrsc_zba_zbb_zbs_xxldsp/ilp32f\libgcc.a(_lshrdi3.o)
 .debug_info    0x0000c2f9      0x1b6 D:/Programs/ALBStudio_20260331_V1.0/ALBStudio/toolchain/gcc/bin/../lib/gcc/riscv64-unknown-elf/14.2.1/rv32imafc_zaamo_zalrsc_zba_zbb_zbs_xxldsp/ilp32f\libgcc.a(_ashldi3.o)

.debug_abbrev   0x00000000     0x32ee
 .debug_abbrev  0x00000000      0x1c6 ./src/eeprom.o
 .debug_abbrev  0x000001c6      0x2b8 ./src/i2c2_eeprom_polling.o
 .debug_abbrev  0x0000047e       0x1d ./Drivers/DriverLib/cpu/startup/intexc.o
 .debug_abbrev  0x0000049b       0x1f ./Drivers/DriverLib/cpu/startup/startup.o
 .debug_abbrev  0x000004ba      0x4ea ./Drivers/DriverLib/cpu/system_cpu.o
 .debug_abbrev  0x000009a4      0x1e6 ./Drivers/DriverLib/eflashc.o
 .debug_abbrev  0x00000b8a      0x138 ./Drivers/DriverLib/gpio.o
 .debug_abbrev  0x00000cc2      0x1b1 ./Drivers/DriverLib/i2c.o
 .debug_abbrev  0x00000e73      0x229 ./Drivers/DriverLib/interrupt.o
 .debug_abbrev  0x0000109c       0xfc ./Drivers/DriverLib/rcc.o
 .debug_abbrev  0x00001198      0x18d ./Drivers/DriverLib/sci.o
 .debug_abbrev  0x00001325      0x33b ./Drivers/Common/stubs.o
 .debug_abbrev  0x00001660      0x2e7 ./Boards/alb32r003x_evb/alb32r003x_evb.o
 .debug_abbrev  0x00001947      0x185 D:/Programs/ALBStudio_20260331_V1.0/ALBStudio/toolchain/gcc/bin/../lib/gcc/riscv64-unknown-elf/14.2.1/rv32imafc_zaamo_zalrsc_zba_zbb_zbs_xxldsp/ilp32f\libgcc.a(adddf3.o)
 .debug_abbrev  0x00001acc      0x169 D:/Programs/ALBStudio_20260331_V1.0/ALBStudio/toolchain/gcc/bin/../lib/gcc/riscv64-unknown-elf/14.2.1/rv32imafc_zaamo_zalrsc_zba_zbb_zbs_xxldsp/ilp32f\libgcc.a(divdf3.o)
 .debug_abbrev  0x00001c35      0x14e D:/Programs/ALBStudio_20260331_V1.0/ALBStudio/toolchain/gcc/bin/../lib/gcc/riscv64-unknown-elf/14.2.1/rv32imafc_zaamo_zalrsc_zba_zbb_zbs_xxldsp/ilp32f\libgcc.a(eqdf2.o)
 .debug_abbrev  0x00001d83      0x162 D:/Programs/ALBStudio_20260331_V1.0/ALBStudio/toolchain/gcc/bin/../lib/gcc/riscv64-unknown-elf/14.2.1/rv32imafc_zaamo_zalrsc_zba_zbb_zbs_xxldsp/ilp32f\libgcc.a(gedf2.o)
 .debug_abbrev  0x00001ee5      0x162 D:/Programs/ALBStudio_20260331_V1.0/ALBStudio/toolchain/gcc/bin/../lib/gcc/riscv64-unknown-elf/14.2.1/rv32imafc_zaamo_zalrsc_zba_zbb_zbs_xxldsp/ilp32f\libgcc.a(ledf2.o)
 .debug_abbrev  0x00002047      0x179 D:/Programs/ALBStudio_20260331_V1.0/ALBStudio/toolchain/gcc/bin/../lib/gcc/riscv64-unknown-elf/14.2.1/rv32imafc_zaamo_zalrsc_zba_zbb_zbs_xxldsp/ilp32f\libgcc.a(muldf3.o)
 .debug_abbrev  0x000021c0      0x185 D:/Programs/ALBStudio_20260331_V1.0/ALBStudio/toolchain/gcc/bin/../lib/gcc/riscv64-unknown-elf/14.2.1/rv32imafc_zaamo_zalrsc_zba_zbb_zbs_xxldsp/ilp32f\libgcc.a(subdf3.o)
 .debug_abbrev  0x00002345      0x14b D:/Programs/ALBStudio_20260331_V1.0/ALBStudio/toolchain/gcc/bin/../lib/gcc/riscv64-unknown-elf/14.2.1/rv32imafc_zaamo_zalrsc_zba_zbb_zbs_xxldsp/ilp32f\libgcc.a(unorddf2.o)
 .debug_abbrev  0x00002490      0x145 D:/Programs/ALBStudio_20260331_V1.0/ALBStudio/toolchain/gcc/bin/../lib/gcc/riscv64-unknown-elf/14.2.1/rv32imafc_zaamo_zalrsc_zba_zbb_zbs_xxldsp/ilp32f\libgcc.a(fixdfsi.o)
 .debug_abbrev  0x000025d5      0x13b D:/Programs/ALBStudio_20260331_V1.0/ALBStudio/toolchain/gcc/bin/../lib/gcc/riscv64-unknown-elf/14.2.1/rv32imafc_zaamo_zalrsc_zba_zbb_zbs_xxldsp/ilp32f\libgcc.a(fixunsdfsi.o)
 .debug_abbrev  0x00002710      0x157 D:/Programs/ALBStudio_20260331_V1.0/ALBStudio/toolchain/gcc/bin/../lib/gcc/riscv64-unknown-elf/14.2.1/rv32imafc_zaamo_zalrsc_zba_zbb_zbs_xxldsp/ilp32f\libgcc.a(floatsidf.o)
 .debug_abbrev  0x00002867      0x156 D:/Programs/ALBStudio_20260331_V1.0/ALBStudio/toolchain/gcc/bin/../lib/gcc/riscv64-unknown-elf/14.2.1/rv32imafc_zaamo_zalrsc_zba_zbb_zbs_xxldsp/ilp32f\libgcc.a(floatunsidf.o)
 .debug_abbrev  0x000029bd      0x148 D:/Programs/ALBStudio_20260331_V1.0/ALBStudio/toolchain/gcc/bin/../lib/gcc/riscv64-unknown-elf/14.2.1/rv32imafc_zaamo_zalrsc_zba_zbb_zbs_xxldsp/ilp32f\libgcc.a(fixdfdi.o)
 .debug_abbrev  0x00002b05      0x18b D:/Programs/ALBStudio_20260331_V1.0/ALBStudio/toolchain/gcc/bin/../lib/gcc/riscv64-unknown-elf/14.2.1/rv32imafc_zaamo_zalrsc_zba_zbb_zbs_xxldsp/ilp32f\libgcc.a(floatdidf.o)
 .debug_abbrev  0x00002c90      0x175 D:/Programs/ALBStudio_20260331_V1.0/ALBStudio/toolchain/gcc/bin/../lib/gcc/riscv64-unknown-elf/14.2.1/rv32imafc_zaamo_zalrsc_zba_zbb_zbs_xxldsp/ilp32f\libgcc.a(extenddftf2.o)
 .debug_abbrev  0x00002e05      0x143 D:/Programs/ALBStudio_20260331_V1.0/ALBStudio/toolchain/gcc/bin/../lib/gcc/riscv64-unknown-elf/14.2.1/rv32imafc_zaamo_zalrsc_zba_zbb_zbs_xxldsp/ilp32f\libgcc.a(truncdfsf2.o)
 .debug_abbrev  0x00002f48      0x18e D:/Programs/ALBStudio_20260331_V1.0/ALBStudio/toolchain/gcc/bin/../lib/gcc/riscv64-unknown-elf/14.2.1/rv32imafc_zaamo_zalrsc_zba_zbb_zbs_xxldsp/ilp32f\libgcc.a(trunctfdf2.o)
 .debug_abbrev  0x000030d6      0x10c D:/Programs/ALBStudio_20260331_V1.0/ALBStudio/toolchain/gcc/bin/../lib/gcc/riscv64-unknown-elf/14.2.1/rv32imafc_zaamo_zalrsc_zba_zbb_zbs_xxldsp/ilp32f\libgcc.a(_lshrdi3.o)
 .debug_abbrev  0x000031e2      0x10c D:/Programs/ALBStudio_20260331_V1.0/ALBStudio/toolchain/gcc/bin/../lib/gcc/riscv64-unknown-elf/14.2.1/rv32imafc_zaamo_zalrsc_zba_zbb_zbs_xxldsp/ilp32f\libgcc.a(_ashldi3.o)

.debug_loc      0x00000000     0x3fef
 .debug_loc     0x00000000      0x554 ./src/eeprom.o
 .debug_loc     0x00000554      0x5d8 ./src/i2c2_eeprom_polling.o
 .debug_loc     0x00000b2c      0xad7 ./Drivers/DriverLib/cpu/system_cpu.o
 .debug_loc     0x00001603      0xaa0 ./Drivers/DriverLib/eflashc.o
 .debug_loc     0x000020a3      0x154 ./Drivers/DriverLib/gpio.o
 .debug_loc     0x000021f7      0x6e8 ./Drivers/DriverLib/i2c.o
 .debug_loc     0x000028df      0x15a ./Drivers/DriverLib/interrupt.o
 .debug_loc     0x00002a39      0x3b8 ./Drivers/DriverLib/rcc.o
 .debug_loc     0x00002df1      0x330 ./Drivers/DriverLib/sci.o
 .debug_loc     0x00003121      0x7a2 ./Drivers/Common/stubs.o
 .debug_loc     0x000038c3      0x72c ./Boards/alb32r003x_evb/alb32r003x_evb.o

.debug_aranges  0x00000000      0xb40
 .debug_aranges
                0x00000000       0xb8 ./src/eeprom.o
 .debug_aranges
                0x000000b8       0xc8 ./src/i2c2_eeprom_polling.o
 .debug_aranges
                0x00000180       0x28 ./Drivers/DriverLib/cpu/startup/intexc.o
 .debug_aranges
                0x000001a8       0x28 ./Drivers/DriverLib/cpu/startup/startup.o
 .debug_aranges
                0x000001d0      0x160 ./Drivers/DriverLib/cpu/system_cpu.o
 .debug_aranges
                0x00000330      0x158 ./Drivers/DriverLib/eflashc.o
 .debug_aranges
                0x00000488       0x40 ./Drivers/DriverLib/gpio.o
 .debug_aranges
                0x000004c8       0xe8 ./Drivers/DriverLib/i2c.o
 .debug_aranges
                0x000005b0       0x40 ./Drivers/DriverLib/interrupt.o
 .debug_aranges
                0x000005f0       0x88 ./Drivers/DriverLib/rcc.o
 .debug_aranges
                0x00000678       0x78 ./Drivers/DriverLib/sci.o
 .debug_aranges
                0x000006f0      0x100 ./Drivers/Common/stubs.o
 .debug_aranges
                0x000007f0       0xf0 ./Boards/alb32r003x_evb/alb32r003x_evb.o
 .debug_aranges
                0x000008e0       0x20 D:/Programs/ALBStudio_20260331_V1.0/ALBStudio/toolchain/gcc/bin/../lib/gcc/riscv64-unknown-elf/14.2.1/rv32imafc_zaamo_zalrsc_zba_zbb_zbs_xxldsp/ilp32f\libgcc.a(adddf3.o)
 .debug_aranges
                0x00000900       0x20 D:/Programs/ALBStudio_20260331_V1.0/ALBStudio/toolchain/gcc/bin/../lib/gcc/riscv64-unknown-elf/14.2.1/rv32imafc_zaamo_zalrsc_zba_zbb_zbs_xxldsp/ilp32f\libgcc.a(divdf3.o)
 .debug_aranges
                0x00000920       0x20 D:/Programs/ALBStudio_20260331_V1.0/ALBStudio/toolchain/gcc/bin/../lib/gcc/riscv64-unknown-elf/14.2.1/rv32imafc_zaamo_zalrsc_zba_zbb_zbs_xxldsp/ilp32f\libgcc.a(eqdf2.o)
 .debug_aranges
                0x00000940       0x20 D:/Programs/ALBStudio_20260331_V1.0/ALBStudio/toolchain/gcc/bin/../lib/gcc/riscv64-unknown-elf/14.2.1/rv32imafc_zaamo_zalrsc_zba_zbb_zbs_xxldsp/ilp32f\libgcc.a(gedf2.o)
 .debug_aranges
                0x00000960       0x20 D:/Programs/ALBStudio_20260331_V1.0/ALBStudio/toolchain/gcc/bin/../lib/gcc/riscv64-unknown-elf/14.2.1/rv32imafc_zaamo_zalrsc_zba_zbb_zbs_xxldsp/ilp32f\libgcc.a(ledf2.o)
 .debug_aranges
                0x00000980       0x20 D:/Programs/ALBStudio_20260331_V1.0/ALBStudio/toolchain/gcc/bin/../lib/gcc/riscv64-unknown-elf/14.2.1/rv32imafc_zaamo_zalrsc_zba_zbb_zbs_xxldsp/ilp32f\libgcc.a(muldf3.o)
 .debug_aranges
                0x000009a0       0x20 D:/Programs/ALBStudio_20260331_V1.0/ALBStudio/toolchain/gcc/bin/../lib/gcc/riscv64-unknown-elf/14.2.1/rv32imafc_zaamo_zalrsc_zba_zbb_zbs_xxldsp/ilp32f\libgcc.a(subdf3.o)
 .debug_aranges
                0x000009c0       0x20 D:/Programs/ALBStudio_20260331_V1.0/ALBStudio/toolchain/gcc/bin/../lib/gcc/riscv64-unknown-elf/14.2.1/rv32imafc_zaamo_zalrsc_zba_zbb_zbs_xxldsp/ilp32f\libgcc.a(unorddf2.o)
 .debug_aranges
                0x000009e0       0x20 D:/Programs/ALBStudio_20260331_V1.0/ALBStudio/toolchain/gcc/bin/../lib/gcc/riscv64-unknown-elf/14.2.1/rv32imafc_zaamo_zalrsc_zba_zbb_zbs_xxldsp/ilp32f\libgcc.a(fixdfsi.o)
 .debug_aranges
                0x00000a00       0x20 D:/Programs/ALBStudio_20260331_V1.0/ALBStudio/toolchain/gcc/bin/../lib/gcc/riscv64-unknown-elf/14.2.1/rv32imafc_zaamo_zalrsc_zba_zbb_zbs_xxldsp/ilp32f\libgcc.a(fixunsdfsi.o)
 .debug_aranges
                0x00000a20       0x20 D:/Programs/ALBStudio_20260331_V1.0/ALBStudio/toolchain/gcc/bin/../lib/gcc/riscv64-unknown-elf/14.2.1/rv32imafc_zaamo_zalrsc_zba_zbb_zbs_xxldsp/ilp32f\libgcc.a(floatsidf.o)
 .debug_aranges
                0x00000a40       0x20 D:/Programs/ALBStudio_20260331_V1.0/ALBStudio/toolchain/gcc/bin/../lib/gcc/riscv64-unknown-elf/14.2.1/rv32imafc_zaamo_zalrsc_zba_zbb_zbs_xxldsp/ilp32f\libgcc.a(floatunsidf.o)
 .debug_aranges
                0x00000a60       0x20 D:/Programs/ALBStudio_20260331_V1.0/ALBStudio/toolchain/gcc/bin/../lib/gcc/riscv64-unknown-elf/14.2.1/rv32imafc_zaamo_zalrsc_zba_zbb_zbs_xxldsp/ilp32f\libgcc.a(fixdfdi.o)
 .debug_aranges
                0x00000a80       0x20 D:/Programs/ALBStudio_20260331_V1.0/ALBStudio/toolchain/gcc/bin/../lib/gcc/riscv64-unknown-elf/14.2.1/rv32imafc_zaamo_zalrsc_zba_zbb_zbs_xxldsp/ilp32f\libgcc.a(floatdidf.o)
 .debug_aranges
                0x00000aa0       0x20 D:/Programs/ALBStudio_20260331_V1.0/ALBStudio/toolchain/gcc/bin/../lib/gcc/riscv64-unknown-elf/14.2.1/rv32imafc_zaamo_zalrsc_zba_zbb_zbs_xxldsp/ilp32f\libgcc.a(extenddftf2.o)
 .debug_aranges
                0x00000ac0       0x20 D:/Programs/ALBStudio_20260331_V1.0/ALBStudio/toolchain/gcc/bin/../lib/gcc/riscv64-unknown-elf/14.2.1/rv32imafc_zaamo_zalrsc_zba_zbb_zbs_xxldsp/ilp32f\libgcc.a(truncdfsf2.o)
 .debug_aranges
                0x00000ae0       0x20 D:/Programs/ALBStudio_20260331_V1.0/ALBStudio/toolchain/gcc/bin/../lib/gcc/riscv64-unknown-elf/14.2.1/rv32imafc_zaamo_zalrsc_zba_zbb_zbs_xxldsp/ilp32f\libgcc.a(trunctfdf2.o)
 .debug_aranges
                0x00000b00       0x20 D:/Programs/ALBStudio_20260331_V1.0/ALBStudio/toolchain/gcc/bin/../lib/gcc/riscv64-unknown-elf/14.2.1/rv32imafc_zaamo_zalrsc_zba_zbb_zbs_xxldsp/ilp32f\libgcc.a(_lshrdi3.o)
 .debug_aranges
                0x00000b20       0x20 D:/Programs/ALBStudio_20260331_V1.0/ALBStudio/toolchain/gcc/bin/../lib/gcc/riscv64-unknown-elf/14.2.1/rv32imafc_zaamo_zalrsc_zba_zbb_zbs_xxldsp/ilp32f\libgcc.a(_ashldi3.o)

.debug_ranges   0x00000000      0x820
 .debug_ranges  0x00000000       0xa8 ./src/eeprom.o
 .debug_ranges  0x000000a8       0xb8 ./src/i2c2_eeprom_polling.o
 .debug_ranges  0x00000160       0x20 ./Drivers/DriverLib/cpu/startup/intexc.o
 .debug_ranges  0x00000180       0x20 ./Drivers/DriverLib/cpu/startup/startup.o
 .debug_ranges  0x000001a0      0x150 ./Drivers/DriverLib/cpu/system_cpu.o
 .debug_ranges  0x000002f0      0x148 ./Drivers/DriverLib/eflashc.o
 .debug_ranges  0x00000438       0x30 ./Drivers/DriverLib/gpio.o
 .debug_ranges  0x00000468       0xd8 ./Drivers/DriverLib/i2c.o
 .debug_ranges  0x00000540       0x30 ./Drivers/DriverLib/interrupt.o
 .debug_ranges  0x00000570       0x78 ./Drivers/DriverLib/rcc.o
 .debug_ranges  0x000005e8       0x68 ./Drivers/DriverLib/sci.o
 .debug_ranges  0x00000650       0xf0 ./Drivers/Common/stubs.o
 .debug_ranges  0x00000740       0xe0 ./Boards/alb32r003x_evb/alb32r003x_evb.o

.debug_line     0x00000000    0x11c18
 .debug_line    0x00000000      0x890 ./src/eeprom.o
 .debug_line    0x00000890      0xbfd ./src/i2c2_eeprom_polling.o
 .debug_line    0x0000148d       0xfd ./Drivers/DriverLib/cpu/startup/intexc.o
 .debug_line    0x0000158a      0x206 ./Drivers/DriverLib/cpu/startup/startup.o
 .debug_line    0x00001790     0x1517 ./Drivers/DriverLib/cpu/system_cpu.o
 .debug_line    0x00002ca7     0x15f6 ./Drivers/DriverLib/eflashc.o
 .debug_line    0x0000429d      0x3ed ./Drivers/DriverLib/gpio.o
 .debug_line    0x0000468a      0xd04 ./Drivers/DriverLib/i2c.o
 .debug_line    0x0000538e      0x785 ./Drivers/DriverLib/interrupt.o
 .debug_line    0x00005b13      0x592 ./Drivers/DriverLib/rcc.o
 .debug_line    0x000060a5      0x8c9 ./Drivers/DriverLib/sci.o
 .debug_line    0x0000696e      0xbfd ./Drivers/Common/stubs.o
 .debug_line    0x0000756b      0xc48 ./Boards/alb32r003x_evb/alb32r003x_evb.o
 .debug_line    0x000081b3     0x1b33 D:/Programs/ALBStudio_20260331_V1.0/ALBStudio/toolchain/gcc/bin/../lib/gcc/riscv64-unknown-elf/14.2.1/rv32imafc_zaamo_zalrsc_zba_zbb_zbs_xxldsp/ilp32f\libgcc.a(adddf3.o)
 .debug_line    0x00009ce6     0x14c4 D:/Programs/ALBStudio_20260331_V1.0/ALBStudio/toolchain/gcc/bin/../lib/gcc/riscv64-unknown-elf/14.2.1/rv32imafc_zaamo_zalrsc_zba_zbb_zbs_xxldsp/ilp32f\libgcc.a(divdf3.o)
 .debug_line    0x0000b1aa      0x32b D:/Programs/ALBStudio_20260331_V1.0/ALBStudio/toolchain/gcc/bin/../lib/gcc/riscv64-unknown-elf/14.2.1/rv32imafc_zaamo_zalrsc_zba_zbb_zbs_xxldsp/ilp32f\libgcc.a(eqdf2.o)
 .debug_line    0x0000b4d5      0x360 D:/Programs/ALBStudio_20260331_V1.0/ALBStudio/toolchain/gcc/bin/../lib/gcc/riscv64-unknown-elf/14.2.1/rv32imafc_zaamo_zalrsc_zba_zbb_zbs_xxldsp/ilp32f\libgcc.a(gedf2.o)
 .debug_line    0x0000b835      0x360 D:/Programs/ALBStudio_20260331_V1.0/ALBStudio/toolchain/gcc/bin/../lib/gcc/riscv64-unknown-elf/14.2.1/rv32imafc_zaamo_zalrsc_zba_zbb_zbs_xxldsp/ilp32f\libgcc.a(ledf2.o)
 .debug_line    0x0000bb95     0x1273 D:/Programs/ALBStudio_20260331_V1.0/ALBStudio/toolchain/gcc/bin/../lib/gcc/riscv64-unknown-elf/14.2.1/rv32imafc_zaamo_zalrsc_zba_zbb_zbs_xxldsp/ilp32f\libgcc.a(muldf3.o)
 .debug_line    0x0000ce08     0x1bd9 D:/Programs/ALBStudio_20260331_V1.0/ALBStudio/toolchain/gcc/bin/../lib/gcc/riscv64-unknown-elf/14.2.1/rv32imafc_zaamo_zalrsc_zba_zbb_zbs_xxldsp/ilp32f\libgcc.a(subdf3.o)
 .debug_line    0x0000e9e1      0x275 D:/Programs/ALBStudio_20260331_V1.0/ALBStudio/toolchain/gcc/bin/../lib/gcc/riscv64-unknown-elf/14.2.1/rv32imafc_zaamo_zalrsc_zba_zbb_zbs_xxldsp/ilp32f\libgcc.a(unorddf2.o)
 .debug_line    0x0000ec56      0x319 D:/Programs/ALBStudio_20260331_V1.0/ALBStudio/toolchain/gcc/bin/../lib/gcc/riscv64-unknown-elf/14.2.1/rv32imafc_zaamo_zalrsc_zba_zbb_zbs_xxldsp/ilp32f\libgcc.a(fixdfsi.o)
 .debug_line    0x0000ef6f      0x2d5 D:/Programs/ALBStudio_20260331_V1.0/ALBStudio/toolchain/gcc/bin/../lib/gcc/riscv64-unknown-elf/14.2.1/rv32imafc_zaamo_zalrsc_zba_zbb_zbs_xxldsp/ilp32f\libgcc.a(fixunsdfsi.o)
 .debug_line    0x0000f244      0x1fb D:/Programs/ALBStudio_20260331_V1.0/ALBStudio/toolchain/gcc/bin/../lib/gcc/riscv64-unknown-elf/14.2.1/rv32imafc_zaamo_zalrsc_zba_zbb_zbs_xxldsp/ilp32f\libgcc.a(floatsidf.o)
 .debug_line    0x0000f43f      0x1f9 D:/Programs/ALBStudio_20260331_V1.0/ALBStudio/toolchain/gcc/bin/../lib/gcc/riscv64-unknown-elf/14.2.1/rv32imafc_zaamo_zalrsc_zba_zbb_zbs_xxldsp/ilp32f\libgcc.a(floatunsidf.o)
 .debug_line    0x0000f638      0x3a9 D:/Programs/ALBStudio_20260331_V1.0/ALBStudio/toolchain/gcc/bin/../lib/gcc/riscv64-unknown-elf/14.2.1/rv32imafc_zaamo_zalrsc_zba_zbb_zbs_xxldsp/ilp32f\libgcc.a(fixdfdi.o)
 .debug_line    0x0000f9e1      0x552 D:/Programs/ALBStudio_20260331_V1.0/ALBStudio/toolchain/gcc/bin/../lib/gcc/riscv64-unknown-elf/14.2.1/rv32imafc_zaamo_zalrsc_zba_zbb_zbs_xxldsp/ilp32f\libgcc.a(floatdidf.o)
 .debug_line    0x0000ff33      0x5fd D:/Programs/ALBStudio_20260331_V1.0/ALBStudio/toolchain/gcc/bin/../lib/gcc/riscv64-unknown-elf/14.2.1/rv32imafc_zaamo_zalrsc_zba_zbb_zbs_xxldsp/ilp32f\libgcc.a(extenddftf2.o)
 .debug_line    0x00010530      0x835 D:/Programs/ALBStudio_20260331_V1.0/ALBStudio/toolchain/gcc/bin/../lib/gcc/riscv64-unknown-elf/14.2.1/rv32imafc_zaamo_zalrsc_zba_zbb_zbs_xxldsp/ilp32f\libgcc.a(truncdfsf2.o)